06-29 09:07:26.339 I/AppsFilter(  606): interaction: PackageSetting{85886b8 com.davidsanchez.vivopromotor/10209} -> PackageSetting{73fd7ba com.android.bookmarkprovider/10111} BLOCKED
06-29 09:07:26.339 I/AppsFilter(  606): interaction: PackageSetting{85886b8 com.davidsanchez.vivopromotor/10209} -> PackageSetting{dc5b66b com.google.android.overlay.pixelconfigcommon/10046} BLOCKED
06-29 09:07:26.339 I/AppsFilter(  606): interaction: PackageSetting{85886b8 com.davidsanchez.vivopromotor/10209} -> PackageSetting{c8575c8 com.android.systemui.accessibility.accessibilitymenu.auto_generated_rro_product__/10001} BLOCKED
06-29 09:07:26.339 I/AppsFilter(  606): interaction: PackageSetting{85886b8 com.davidsanchez.vivopromotor/10209} -> PackageSetting{f664661 com.android.systemui.emulation.pixel_3a/10055} BLOCKED
06-29 09:07:26.339 I/AppsFilter(  606): interaction: PackageSetting{85886b8 com.davidsanchez.vivopromotor/10209} -> PackageSetting{803b586 com.android.systemui.emulation.pixel_4a/10059} BLOCKED
06-29 09:07:26.340 I/AppsFilter(  606): interaction: PackageSetting{85886b8 com.davidsanchez.vivopromotor/10209} -> PackageSetting{6874e47 com.android.systemui.emulation.pixel_6a/10063} BLOCKED
06-29 09:07:26.340 I/AppsFilter(  606): interaction: PackageSetting{85886b8 com.davidsanchez.vivopromotor/10209} -> PackageSetting{3602674 com.android.systemui.emulation.pixel_7a/10066} BLOCKED
06-29 09:07:26.340 I/AppsFilter(  606): interaction: PackageSetting{85886b8 com.davidsanchez.vivopromotor/10209} -> PackageSetting{d5fe79d com.android.systemui.emulation.pixel_8a/10069} BLOCKED
06-29 09:07:26.340 I/AppsFilter(  606): interaction: PackageSetting{85886b8 com.davidsanchez.vivopromotor/10209} -> PackageSetting{ad5a412 com.google.android.settings.intelligence/10140} BLOCKED
06-29 09:07:26.340 I/AppsFilter(  606): interaction: PackageSetting{85886b8 com.davidsanchez.vivopromotor/10209} -> PackageSetting{ce00d87 com.google.android.projection.gearhead/10129} BLOCKED
06-29 09:07:26.340 I/AppsFilter(  606): interaction: PackageSetting{85886b8 com.davidsanchez.vivopromotor/10209} -> PackageSetting{ce087e3 com.google.android.uwb.resources/10199} BLOCKED
06-29 09:07:26.340 I/AppsFilter(  606): interaction: PackageSetting{85886b8 com.davidsanchez.vivopromotor/10209} -> PackageSetting{cef14b4 com.android.cts.ctsshim/10190} BLOCKED
06-29 09:07:26.340 I/AppsFilter(  606): interaction: PackageSetting{85886b8 com.davidsanchez.vivopromotor/10209} -> PackageSetting{19335e0 com.google.android.wifi.resources/10201} BLOCKED
06-29 09:07:26.340 I/AppsFilter(  606): interaction: PackageSetting{85886b8 com.davidsanchez.vivopromotor/10209} -> PackageSetting{1586099 com.google.android.wifi.dialog/10203} BLOCKED
06-29 09:07:26.340 I/AppsFilter(  606): interaction: PackageSetting{85886b8 com.davidsanchez.vivopromotor/10209} -> PackageSetting{f65ef5e com.android.wallpaper/10178} BLOCKED
06-29 09:07:26.340 I/AppsFilter(  606): interaction: PackageSetting{85886b8 com.davidsanchez.vivopromotor/10209} -> PackageSetting{7a58d76 com.android.microdroid.empty_payload/10198} BLOCKED
06-29 09:07:26.340 I/AppsFilter(  606): interaction: PackageSetting{85886b8 com.davidsanchez.vivopromotor/10209} -> PackageSetting{e09bf3f com.google.android.apps.wallpaper/10180} BLOCKED
06-29 09:07:26.340 I/AppsFilter(  606): interaction: PackageSetting{85886b8 com.davidsanchez.vivopromotor/10209} -> PackageSetting{c25d00c com.google.android.odad/10134} BLOCKED
06-29 09:07:26.340 I/AppsFilter(  606): interaction: PackageSetting{85886b8 com.davidsanchez.vivopromotor/10209} -> PackageSetting{6c56d55 com.android.settings.auto_generated_rro_product__/10048} BLOCKED
06-29 09:07:26.340 I/AppsFilter(  606): interaction: PackageSetting{85886b8 com.davidsanchez.vivopromotor/10209} -> PackageSetting{e1da36a com.android.systemui.emulation.pixel_9_pro_xl/10072} BLOCKED
06-29 09:07:26.340 I/AppsFilter(  606): interaction: PackageSetting{85886b8 com.davidsanchez.vivopromotor/10209} -> PackageSetting{865105b com.android.companiondevicemanager.auto_generated_characteristics_rro/10000} BLOCKED
06-29 09:07:26.340 I/AppsFilter(  606): interaction: PackageSetting{85886b8 com.davidsanchez.vivopromotor/10209} -> PackageSetting{f65e0f8 com.android.internal.systemui.navbar.gestural/10044} BLOCKED
06-29 09:07:26.340 I/AppsFilter(  606): interaction: PackageSetting{85886b8 com.davidsanchez.vivopromotor/10209} -> PackageSetting{bc89d1 com.google.android.apps.youtube.music/10165} BLOCKED
06-29 09:07:26.341 I/AppsFilter(  606): interaction: PackageSetting{85886b8 com.davidsanchez.vivopromotor/10209} -> PackageSetting{aea8c36 com.android.bluetoothmidiservice/10110} BLOCKED
06-29 09:07:26.341 I/AppsFilter(  606): interaction: PackageSetting{85886b8 com.davidsanchez.vivopromotor/10209} -> PackageSetting{45a5737 com.android.storagemanager.auto_generated_rro_product__/10052} BLOCKED
06-29 09:07:26.341 I/AppsFilter(  606): interaction: PackageSetting{85886b8 com.davidsanchez.vivopromotor/10209} -> PackageSetting{c9414a4 com.google.android.cellbroadcastreceiver/10184} BLOCKED
06-29 09:07:26.341 I/AppsFilter(  606): interaction: PackageSetting{85886b8 com.davidsanchez.vivopromotor/10209} -> PackageSetting{42ef20d com.android.phone.auto_generated_rro_product__/10077} BLOCKED
06-29 09:07:26.341 I/AppsFilter(  606): interaction: PackageSetting{85886b8 com.davidsanchez.vivopromotor/10209} -> PackageSetting{8cb35c2 com.android.systemui.emulation.pixel_9_pro_fold/10071} BLOCKED
06-29 09:07:26.341 I/AppsFilter(  606): interaction: PackageSetting{85886b8 com.davidsanchez.vivopromotor/10209} -> PackageSetting{ef32fd3 android.auto_generated_rro_product__/10084} BLOCKED
06-29 09:07:26.341 I/AppsFilter(  606): interaction: PackageSetting{85886b8 com.davidsanchez.vivopromotor/10209} -> PackageSetting{64fd710 com.google.android.inputmethod.latin/10160} BLOCKED
06-29 09:07:26.341 I/AppsFilter(  606): interaction: PackageSetting{85886b8 com.davidsanchez.vivopromotor/10209} -> PackageSetting{9e5a209 android.auto_generated_rro_vendor__/10087} BLOCKED
06-29 09:07:26.341 I/AppsFilter(  606): interaction: PackageSetting{85886b8 com.davidsanchez.vivopromotor/10209} -> PackageSetting{a1aec0e com.google.android.apps.restore/10136} BLOCKED
06-29 09:07:26.399 I/cr_WVCFactoryProvider(14966): Loaded version=124.0.6367.219 minSdkVersion=29 isBundle=false multiprocess=true packageId=2
06-29 09:07:26.442 D/nativeloader(14966): Load /data/app/~~yClXnQa4hdVDkyJWRXFWBw==/com.google.android.trichromelibrary_636771938-_BJo-GHdYL90m5dt3tWK4A==/TrichromeLibrary.apk!/lib/x86_64/libmonochrome_64.so using ns clns-9 from class loader (caller=/data/app/~~EwdBiA3jMeMfa-v-YEDETw==/com.google.android.webview-oZUXtQCay5eo9LHmTzosTA==/WebViewGoogle.apk): ok
06-29 09:07:26.451 D/nativeloader(14966): Load /system/lib64/libwebviewchromium_plat_support.so using ns clns-9 from class loader (caller=/data/app/~~EwdBiA3jMeMfa-v-YEDETw==/com.google.android.webview-oZUXtQCay5eo9LHmTzosTA==/WebViewGoogle.apk): ok
06-29 09:07:26.468 E/chromium(14966): [0629/090726.466371:ERROR:variations_seed_loader.cc(37)] Seed missing signature.
06-29 09:07:26.468 I/chromium(14966): [0629/090726.468689:INFO:variations_seed_loader.cc(66)] Failed to open file for reading.: No such file or directory (2)
06-29 09:07:26.482 I/cr_LibraryLoader(14966): Successfully loaded native library
06-29 09:07:26.483 I/cr_CachingUmaRecorder(14966): Flushed 6 samples from 6 histograms, 0 samples were dropped.
06-29 09:07:26.498 I/cr_CombinedPProvider(14966): #registerProvider() provider:WV.V7@876938b isPolicyCacheEnabled:false policyProvidersSize:0
06-29 09:07:26.502 I/cr_PolicyProvider(14966): #setManagerAndSource() 0
06-29 09:07:26.525 V/GrammaticalInflectionUtils(  606): AttributionSource: android.content.AttributionSource@8657a119 does not have READ_SYSTEM_GRAMMATICAL_GENDER permission.
06-29 09:07:26.537 I/cr_CombinedPProvider(14966): #linkNativeInternal() 1
06-29 09:07:26.538 D/Zygote  (  885): Forked child process 14992
06-29 09:07:26.538 I/cr_AppResProvider(14966): #getApplicationRestrictionsFromUserManager() Bundle[EMPTY_PARCEL]
06-29 09:07:26.538 I/cr_PolicyProvider(14966): #notifySettingsAvailable() 0
06-29 09:07:26.538 I/cr_CombinedPProvider(14966): #onSettingsAvailable() 0
06-29 09:07:26.538 I/cr_CombinedPProvider(14966): #flushPolicies()
06-29 09:07:26.550 I/ocessService0:0(14992): Using CollectorTypeCMC GC.
06-29 09:07:26.552 W/ocessService0:0(14992): Unexpected CPU variant for x86: x86_64.
06-29 09:07:26.552 W/ocessService0:0(14992): Known variants: atom, sandybridge, silvermont, goldmont, goldmont-plus, goldmont-without-sha-xsaves, tremont, kabylake, default
06-29 09:07:26.558 E/ocessService0:0(14992): Not starting debugger since process cannot load the jdwp agent.
06-29 09:07:26.565 D/nativeloader(14992): Load libframework-connectivity-tiramisu-jni.so using APEX ns com_android_tethering for caller /apex/com.android.tethering/javalib/framework-connectivity-t.jar: ok
06-29 09:07:26.567 I/ActivityManager(  606): Start proc 14992:com.google.android.webview:sandboxed_process0:org.chromium.content.app.SandboxedProcessService0:0/u0i18 for  {com.davidsanchez.vivopromotor/org.chromium.content.app.SandboxedProcessService0:0}
06-29 09:07:26.583 D/CompatChangeReporter(14992): Compat change id reported: 242716250; UID 99018; state: ENABLED
06-29 09:07:26.597 D/ApplicationLoaders(14992): Returning zygote-cached class loader: /system_ext/framework/androidx.window.extensions.jar
06-29 09:07:26.607 W/chromium(14966): [WARNING:dns_config_service_android.cc(81)] Failed to read DnsConfig.
06-29 09:07:26.607 I/LoadedApk(14992): No resource references to update in package com.google.android.trichromelibrary
06-29 09:07:26.608 I/cr_WebViewApkApp(14992): Launched version=124.0.6367.219 minSdkVersion=29 isBundle=false processName=com.google.android.webview:sandboxed_process0:org.chromium.content.app.SandboxedProcessService0:0
06-29 09:07:26.622 I/cr_ChildProcessService(14992): Creating new ChildProcessService pid=14992
06-29 09:07:26.668 D/CompatChangeReporter(  606): Compat change id reported: 261072174; UID 10162; state: ENABLED
06-29 09:07:26.674 D/ActivityManager(  606): sync unfroze 14727 com.google.android.webview:webview_service for 6
06-29 09:07:26.675 W/IPCThreadState(  606): Sending oneway calls to frozen process.
06-29 09:07:26.690 D/ActivityThread(14727): Package [com.davidsanchez.vivopromotor] reported as REPLACED, but missing application info. Assuming REMOVED.
06-29 09:07:26.690 D/ActivityThread(14727): Package [com.davidsanchez.vivopromotor] reported as REPLACED, but missing application info. Assuming REMOVED.
06-29 09:07:26.737 I/webview_service(14727): Background concurrent mark compact GC freed 2633KB AllocSpace bytes, 8(288KB) LOS objects, 49% free, 1929KB/3859KB, paused 5.950ms,2.778ms total 64.974ms
06-29 09:07:26.866 D/Capacitor(14966): Starting BridgeActivity
06-29 09:07:26.981 D/Capacitor(14966): Registering plugin instance: CapacitorCookies
06-29 09:07:27.001 D/Capacitor(14966): Registering plugin instance: WebView
06-29 09:07:27.007 D/Capacitor(14966): Registering plugin instance: CapacitorHttp
06-29 09:07:27.012 D/Capacitor(14966): Registering plugin instance: SystemBars
06-29 09:07:27.072 W/Capacitor(14966): Unable to read file at path public/plugins
06-29 09:07:27.090 D/Capacitor(14966): Loading app at https://localhost
06-29 09:07:27.137 I/EGL_emulation(14966): Opening libGLESv1_CM_emulation.so
06-29 09:07:27.143 W/cr_media(14966): BLUETOOTH_CONNECT permission is missing.
06-29 09:07:27.144 W/cr_media(14966): registerBluetoothIntentsIfNeeded: Requires BLUETOOTH permission
06-29 09:07:27.148 I/cr_LibraryLoader(14992): Successfully loaded native library
06-29 09:07:27.148 I/cr_CachingUmaRecorder(14992): Flushed 2 samples from 2 histograms, 0 samples were dropped.
06-29 09:07:27.150 I/EGL_emulation(14966): Opening libGLESv2_emulation.so
06-29 09:07:27.234 W/SystemServiceRegistry(14992): No service published for: uimode
06-29 09:07:27.250 W/chromium(14992): [WARNING:runtime_features.cc(694)] SharedStorage for M118+ cannot be enabled in this configuration. Use --enable-features=SharedStorageAPI,SharedStorageAPIM118 in addition.
06-29 09:07:27.250 W/chromium(14992): [WARNING:runtime_features.cc(730)] AttributionReportingCrossAppWeb cannot be enabled in this configuration. Use --enable-features=ConversionMeasurement,AttributionReportingCrossAppWeb in addition.
06-29 09:07:27.307 I/FontLog ( 4041): (REDACTED) Received query %s, URI %s
06-29 09:07:27.308 I/FontLog ( 4041): (REDACTED) Query [%s] resolved to %s
06-29 09:07:27.310 I/FontLog ( 4041): (REDACTED) Font PFD returned from cache for %s
06-29 09:07:27.310 I/FontLog ( 4041): (REDACTED) Fetch %s end status %s
06-29 09:07:27.312 I/FontLog ( 4041): (REDACTED) Pulling font file for id = %d, cache size = %d
06-29 09:07:27.322 I/FontLog ( 4041): (REDACTED) Received query %s, URI %s
06-29 09:07:27.322 I/FontLog ( 4041): (REDACTED) Query [%s] resolved to %s
06-29 09:07:27.324 I/FontLog ( 4041): (REDACTED) Fetch %s end status %s
06-29 09:07:27.329 I/FontLog ( 4041): (REDACTED) Pulling font file for id = %d, cache size = %d
06-29 09:07:27.337 I/FontLog ( 4041): (REDACTED) Received query %s, URI %s
06-29 09:07:27.337 I/FontLog ( 4041): (REDACTED) Query [%s] resolved to %s
06-29 09:07:27.339 I/FontLog ( 4041): (REDACTED) Font PFD returned from cache for %s
06-29 09:07:27.339 I/FontLog ( 4041): (REDACTED) Fetch %s end status %s
06-29 09:07:27.342 I/FontLog ( 4041): (REDACTED) Pulling font file for id = %d, cache size = %d
06-29 09:07:27.352 I/FontLog ( 4041): (REDACTED) Received query %s, URI %s
06-29 09:07:27.352 I/FontLog ( 4041): (REDACTED) Query [%s] resolved to %s
06-29 09:07:27.354 I/FontLog ( 4041): (REDACTED) Font PFD returned from cache for %s
06-29 09:07:27.354 I/FontLog ( 4041): (REDACTED) Fetch %s end status %s
06-29 09:07:27.357 I/FontLog ( 4041): (REDACTED) Pulling font file for id = %d, cache size = %d
06-29 09:07:27.363 W/FontLog ( 4041): Error updating last accessed time for {Noto COLR Emoji Compat, wdth 100.0, wght 400, ital 0.0, bestEffort false}, isVf false}. [CONTEXT service_id=132 ]
06-29 09:07:27.363 W/FontLog ( 4041): java.lang.IllegalStateException: Cannot perform this operation because the connection pool has been closed.
06-29 09:07:27.363 W/FontLog ( 4041): 	at android.database.sqlite.SQLiteConnectionPool.throwIfClosedLocked(SQLiteConnectionPool.java:1103)
06-29 09:07:27.363 W/FontLog ( 4041): 	at android.database.sqlite.SQLiteConnectionPool.waitForConnection(SQLiteConnectionPool.java:716)
06-29 09:07:27.363 W/FontLog ( 4041): 	at android.database.sqlite.SQLiteConnectionPool.acquireConnection(SQLiteConnectionPool.java:399)
06-29 09:07:27.363 W/FontLog ( 4041): 	at android.database.sqlite.SQLiteSession.acquireConnection(SQLiteSession.java:920)
06-29 09:07:27.363 W/FontLog ( 4041): 	at android.database.sqlite.SQLiteSession.executeForChangedRowCount(SQLiteSession.java:778)
06-29 09:07:27.363 W/FontLog ( 4041): 	at android.database.sqlite.SQLiteStatement.executeUpdateDelete(SQLiteStatement.java:67)
06-29 09:07:27.363 W/FontLog ( 4041): 	at android.database.sqlite.SQLiteDatabase.executeSql(SQLiteDatabase.java:2207)
06-29 09:07:27.363 W/FontLog ( 4041): 	at android.database.sqlite.SQLiteDatabase.execSQL(SQLiteDatabase.java:2183)
06-29 09:07:27.363 W/FontLog ( 4041): 	at ccbr.run(:com.google.android.gms@262031038@26.20.31 (260800-919905943):57)
06-29 09:07:27.363 W/FontLog ( 4041): 	at bkql.c(:com.google.android.gms@262031038@26.20.31 (260800-919905943):50)
06-29 09:07:27.363 W/FontLog ( 4041): 	at bkql.run(:com.google.android.gms@262031038@26.20.31 (260800-919905943):66)
06-29 09:07:27.363 W/FontLog ( 4041): 	at java.util.concurrent.ThreadPoolExecutor.runWorker(ThreadPoolExecutor.java:1145)
06-29 09:07:27.363 W/FontLog ( 4041): 	at java.util.concurrent.ThreadPoolExecutor$Worker.run(ThreadPoolExecutor.java:644)
06-29 09:07:27.363 W/FontLog ( 4041): 	at bkwd.run(:com.google.android.gms@262031038@26.20.31 (260800-919905943):8)
06-29 09:07:27.363 W/FontLog ( 4041): 	at java.lang.Thread.run(Thread.java:1012)
06-29 09:07:27.371 D/Capacitor(14966): App started
06-29 09:07:27.379 D/Capacitor(14966): App resumed
06-29 09:07:27.394 W/HWUI    (14966): Unknown dataspace 0
06-29 09:07:27.404 W/WindowManager(  606): Failed looking up window session=Session{6f35ec0 14966:u0a10209} callers=com.android.server.wm.WindowManagerService.windowForClientLocked:6311 com.android.server.wm.Session.updateRequestedVisibleTypes:755 android.view.IWindowSession$Stub.onTransact:1078 
06-29 09:07:27.404 W/WindowManager(  606): Failed looking up window session=Session{6f35ec0 14966:u0a10209} callers=com.android.server.wm.WindowManagerService.windowForClientLocked:6311 com.android.server.wm.Session.updateRequestedVisibleTypes:755 android.view.IWindowSession$Stub.onTransact:1078 
06-29 09:07:27.428 D/Capacitor(14966): Handling local request: https://localhost/
06-29 09:07:27.541 D/CoreBackPreview(  606): Window{e6b259f u0 com.davidsanchez.vivopromotor/com.davidsanchez.vivopromotor.MainActivity}: Setting back callback OnBackInvokedCallbackInfo{mCallback=android.window.IOnBackInvokedCallback$Stub$Proxy@46eb48f, mPriority=0, mIsAnimationCallback=false}
06-29 09:07:27.586 W/HWUI    (14966): Failed to choose config with EGL_SWAP_BEHAVIOR_PRESERVED, retrying without...
06-29 09:07:27.587 W/HWUI    (14966): Failed to initialize 101010-2 format, error = EGL_SUCCESS
06-29 09:07:27.671 I/hwservicemanager(  174): getTransport: Cannot find entry android.hardware.graphics.mapper@4.0::IMapper/default in either framework or device VINTF manifest.
06-29 09:07:27.672 I/Gralloc4(14966): mapper 4.x is not supported
06-29 09:07:27.825 W/ziparchive(  606): Unable to open '/data/app/~~xaozyjyzwxGLbKnhdyVOow==/com.davidsanchez.vivopromotor-hRHsGI7sH3t2JToCfgH99A==/base.dm': No such file or directory
06-29 09:07:27.831 I/ActivityTaskManager(  606): Displayed com.davidsanchez.vivopromotor/.MainActivity for user 0: +2s787ms
06-29 09:07:27.856 D/Capacitor(14966): Handling local request: https://localhost/assets/index-D4BpUWb6.js
06-29 09:07:27.870 D/Capacitor(14966): Handling local request: https://localhost/assets/index-DShXQ2FW.css
06-29 09:07:27.969 I/BpBinder(  468): onLastStrongRef automatically unlinking death recipients: 
06-29 09:07:27.975 I/ImeTracker(  606): com.davidsanchez.vivopromotor:2365ac46: onRequestHide at ORIGIN_SERVER reason HIDE_UNSPECIFIED_WINDOW fromUser false
06-29 09:07:27.975 I/ImeTracker(  606): com.davidsanchez.vivopromotor:2365ac46: onCancelled at PHASE_SERVER_SHOULD_HIDE
06-29 09:07:28.003 I/FontLog ( 4041): (REDACTED) Received query %s, URI %s
06-29 09:07:28.003 I/FontLog ( 4041): (REDACTED) Query [%s] resolved to %s
06-29 09:07:28.007 I/FontLog ( 4041): (REDACTED) Fetch %s end status %s
06-29 09:07:28.009 I/GoogleInputMethodService( 3036): GoogleInputMethodService.onFinishInput():3157 
06-29 09:07:28.022 I/GoogleInputMethodService( 3036): GoogleInputMethodService.updateDeviceLockedStatus():2248 repeatCheckTimes = 0, locked = false
06-29 09:07:28.022 I/FontLog ( 4041): (REDACTED) Pulling font file for id = %d, cache size = %d
06-29 09:07:28.022 I/GoogleInputMethodService( 3036): GoogleInputMethodService.onStartInput():1986 onStartInput(EditorInfo{EditorInfo{packageName=com.davidsanchez.vivopromotor, inputType=0, inputTypeString=NULL, enableLearning=false, autoCorrection=false, autoComplete=false, imeOptions=12000000, privateImeOptions=null, actionName=UNSPECIFIED, actionLabel=null, initialSelStart=-1, initialSelEnd=-1, initialCapsMode=0, label=null, fieldId=0, fieldName=null, extras=null, hintText=null, hintLocales=[]}}, false)
06-29 09:07:28.023 I/GoogleInputMethodService( 3036): GoogleInputMethodService.updateDeviceLockedStatus():2248 repeatCheckTimes = 1, locked = false
06-29 09:07:28.024 I/AndroidIME( 3036): InputBundleManager.loadActiveInputBundleId():450 loadActiveInputBundleId: und-Latn-x-password, password
06-29 09:07:28.025 W/PackageConfigPersister(  606): App-specific configuration not found for packageName: com.davidsanchez.vivopromotor and userId: 0
06-29 09:07:28.033 I/FontLog ( 4041): (REDACTED) Pulling font file for id = %d, cache size = %d
06-29 09:07:28.095 D/BaseDepthController( 1067): setSurface:
06-29 09:07:28.095 D/BaseDepthController( 1067): 	mWaitingOnSurfaceValidity: false
06-29 09:07:28.095 D/BaseDepthController( 1067): 	mSurface: null
06-29 09:07:28.096 D/BaseDepthController( 1067): mSurface is null and mCurrentBlur is: 0
06-29 09:07:28.097 D/StateManager( 1067): goToState - fromState: Normal, toState: Normal, partial trace:
06-29 09:07:28.097 D/StateManager( 1067): 	at com.android.launcher3.statemanager.StateManager.moveToRestState(go/retraceme 2855a437b73635ce9cad76b9289087e631bbb67fc90008a0da13d343a00e5041:4)
06-29 09:07:28.097 D/StateManager( 1067): 	at com.android.launcher3.statemanager.StateManager.moveToRestState(go/retraceme 2855a437b73635ce9cad76b9289087e631bbb67fc90008a0da13d343a00e5041:1)
06-29 09:07:28.097 D/StateManager( 1067): 	at com.android.launcher3.statemanager.StatefulActivity.onStop(go/retraceme 2855a437b73635ce9cad76b9289087e631bbb67fc90008a0da13d343a00e5041:34)
06-29 09:07:28.098 D/StatsLog( 1067): LAUNCHER_ONSTOP
06-29 09:07:28.100 D/StatsLog( 1067): LAUNCHER_GOOGLE_SEARCH_RESTORE_LIST_SIZE_AFTER_ACTIVITY_RESTART
06-29 09:07:28.106 D/OneSearchSuggestProvider( 1067): Shut down the binder channel
06-29 09:07:28.111 I/IPCThreadState( 1067): oneway function results for code 2 on binder at 0x7d8fd3445810 will be dropped but finished with status UNKNOWN_TRANSACTION
06-29 09:07:28.244 W/WindowOnBackDispatcher(  846): sendCancelIfRunning: isInProgress=false callback=android.view.ViewRootImpl$$ExternalSyntheticLambda11@eb2a6e
06-29 09:07:28.247 D/CoreBackPreview(  606): Window{76b5664 u0 Splash Screen com.davidsanchez.vivopromotor EXITING}: Setting back callback null
06-29 09:07:28.249 W/InputManager-JNI(  606): Input channel object '76b5664 Splash Screen com.davidsanchez.vivopromotor (client)' was disposed without first being removed with the input manager!
06-29 09:07:28.307 W/InteractionJankMonitor(14966): Initializing without READ_DEVICE_CONFIG permission. enabled=false, interval=1, missedFrameThreshold=3, frameTimeThreshold=64, package=com.davidsanchez.vivopromotor
06-29 09:07:28.581 E/TaskPersister(  606): File error accessing recents directory (directory doesn't exist?).
06-29 09:07:28.720 I/chromium(14992): [INFO:document_style_environment_variables.cc(104)] E2E_Used SafeAreaInsetBottom
06-29 09:07:28.888 I/chromium(14992): [INFO:document_style_environment_variables.cc(104)] E2E_Used SafeAreaInsetBottom
06-29 09:07:28.927 D/Capacitor(14966): Handling local request: https://localhost/favicon.ico
06-29 09:07:28.979 D/Capacitor(14966): Handling local request: https://localhost/assets/devices/official/vivoY04_verde_jade.png
06-29 09:07:28.980 I/chromium(14992): [INFO:document_style_environment_variables.cc(104)] E2E_Used SafeAreaInsetBottom
06-29 09:07:29.006 D/Capacitor(14966): Handling local request: https://localhost/assets/devices/official/vivoy21d_negrto_jade.png
06-29 09:07:29.011 D/Capacitor(14966): Handling local request: https://localhost/assets/devices/official/vivoY31d_gris_estelar.png
06-29 09:07:29.013 D/Capacitor(14966): Handling local request: https://localhost/assets/devices/official/vivoy29_black_exxpresso.png
06-29 09:07:29.016 D/Capacitor(14966): Handling local request: https://localhost/assets/devices/official/vivov60lite_negroelegante.png
06-29 09:07:29.022 D/Capacitor(14966): Handling local request: https://localhost/assets/devices/official/Vivov50lite_negromistico.png
06-29 09:07:29.091 D/EGL_emulation(14966): app_time_stats: avg=427.58ms min=98.67ms max=1080.89ms count=3
06-29 09:07:29.910 I/Choreographer(14966): Skipped 40 frames!  The application may be doing too much work on its main thread.
06-29 09:07:29.911 I/HWUI    (14966): Davey! duration=717ms; Flags=0, FrameTimelineVsyncId=10135740, IntendedVsync=48599456811432, Vsync=48599456811432, InputEventId=0, HandleInputStart=48599459955100, AnimationStart=48599460066100, PerformTraversalsStart=48599470265500, DrawStart=48599470518700, FrameDeadline=48599490144764, FrameInterval=48599459917700, FrameStartTime=16666666, SyncQueued=48599471408100, SyncStart=48599473052700, IssueDrawCommandsStart=48599473106100, SwapBuffers=48600155809700, FrameCompleted=48600175817700, DequeueBufferDuration=75200, QueueBufferDuration=1019400, GpuCompleted=48600175817700, SwapBuffersCompleted=48600159935000, DisplayPresentTime=280628868218657, CommandSubmissionCompleted=48600155809700, 
06-29 09:07:29.911 W/BatteryExternalStatsWorker(  606): error reading Bluetooth stats: 11
06-29 09:07:29.943 D/TelephonyManager(  606): requestModemActivityInfo: Sending result to app: ModemActivityInfo{ mTimestamp=48600213 mSleepTimeMs=0 mIdleTimeMs=48600081 mActivityStatsTechSpecificInfo=[{mRat=UNKNOWN,mFrequencyRange=UNKNOWN,mTxTimeMs[]=[0, 0, 0, 0, 0],mRxTimeMs=0}]}
06-29 09:07:29.955 I/chromium(14992): [INFO:document_style_environment_variables.cc(104)] E2E_Used SafeAreaInsetBottom
06-29 09:07:30.103 I/HWUI    (14966): Davey! duration=868ms; Flags=0, FrameTimelineVsyncId=10135755, IntendedVsync=48599506811430, Vsync=48600173478070, InputEventId=0, HandleInputStart=48600191151300, AnimationStart=48600191245800, PerformTraversalsStart=48600200517300, DrawStart=48600202309900, FrameDeadline=48600223478068, FrameInterval=48600189437900, FrameStartTime=16666666, SyncQueued=48600203183900, SyncStart=48600203553800, IssueDrawCommandsStart=48600203827000, SwapBuffers=48600365866500, FrameCompleted=48600375713800, DequeueBufferDuration=38200, QueueBufferDuration=545600, GpuCompleted=48600375713800, SwapBuffersCompleted=48600367392000, DisplayPresentTime=0, CommandSubmissionCompleted=48600365866500, 
06-29 09:07:30.107 D/EGL_emulation(14966): app_time_stats: avg=107.99ms min=5.54ms max=686.90ms count=9
06-29 09:07:30.426 D/ActivityManager(  606): freezing 1744 com.google.android.permissioncontroller
06-29 09:07:30.431 D/InetDiagMessage(  606): Destroyed 0 sockets, proto=IPPROTO_TCP, family=AF_INET, states=14
06-29 09:07:30.432 D/InetDiagMessage(  606): Destroyed 0 sockets, proto=IPPROTO_TCP, family=AF_INET6, states=14
06-29 09:07:30.432 D/InetDiagMessage(  606): Destroyed live tcp sockets for uids={10188} in 3ms
06-29 09:07:30.520 I/wpa_supplicant(  832): wlan0: CTRL-EVENT-BEACON-LOSS 
06-29 09:07:30.653 I/ez.vivopromotor(14966): Compiler allocated 5174KB to compile void android.view.ViewRootImpl.performTraversals()
06-29 09:07:30.926 D/ProfileInstaller(14966): Installing profile for com.davidsanchez.vivopromotor
06-29 09:07:31.368 D/EGL_emulation(14966): app_time_stats: avg=179.89ms min=47.00ms max=498.31ms count=7
06-29 09:07:31.836 D/NetworkStatsCollection(  606): Augmented network usage by 199968358 bytes
06-29 09:07:31.843 D/NetworkStatsCollection(  606): Augmented network usage by 199968358 bytes
06-29 09:07:31.848 D/NetworkStatsCollection(  606): Augmented network usage by 199968358 bytes
06-29 09:07:31.858 D/NetworkStatsCollection(  606): Augmented network usage by 199968358 bytes
06-29 09:07:31.860 D/NetworkStatsCollection(  606): Augmented network usage by 199968358 bytes
06-29 09:07:31.864 D/NetworkStatsCollection(  606): Augmented network usage by 199968358 bytes
06-29 09:07:31.870 D/NetworkStatsCollection(  606): Augmented network usage by 199968358 bytes
06-29 09:07:31.873 D/NetworkStatsCollection(  606): Augmented network usage by 199968358 bytes
06-29 09:07:31.878 D/NetworkStatsCollection(  606): Augmented network usage by 199968358 bytes
06-29 09:07:31.882 D/NetworkStatsCollection(  606): Augmented network usage by 199968358 bytes
06-29 09:07:32.942 D/InetDiagMessage(  606): Destroyed 0 sockets, proto=IPPROTO_TCP, family=AF_INET, states=14
06-29 09:07:32.942 D/InetDiagMessage(  606): Destroyed 0 sockets, proto=IPPROTO_TCP, family=AF_INET6, states=14
06-29 09:07:32.942 D/InetDiagMessage(  606): Destroyed live tcp sockets for uids={10162} in 1ms
06-29 09:07:32.943 D/InetDiagMessage(  606): Destroyed 0 sockets, proto=IPPROTO_TCP, family=AF_INET, states=14
06-29 09:07:32.943 D/InetDiagMessage(  606): Destroyed 0 sockets, proto=IPPROTO_TCP, family=AF_INET6, states=14
06-29 09:07:32.943 D/InetDiagMessage(  606): Destroyed live tcp sockets for uids={20162} in 0ms
06-29 09:07:33.245 W/IPCThreadState(  606): Sending oneway calls to frozen process.
06-29 09:07:33.245 W/IPCThreadState(  606): Sending oneway calls to frozen process.
06-29 09:07:33.248 W/IPCThreadState(  606): Sending oneway calls to frozen process.
06-29 09:07:33.248 W/IPCThreadState(  606): Sending oneway calls to frozen process.
06-29 09:07:33.248 W/IPCThreadState(  606): Sending oneway calls to frozen process.
06-29 09:07:33.248 W/IPCThreadState(  606): Sending oneway calls to frozen process.
06-29 09:07:33.250 W/IPCThreadState(  606): Sending oneway calls to frozen process.
06-29 09:07:33.251 W/IPCThreadState(  606): Sending oneway calls to frozen process.
06-29 09:07:33.251 W/IPCThreadState(  606): Sending oneway calls to frozen process.
06-29 09:07:33.251 W/IPCThreadState(  606): Sending oneway calls to frozen process.
06-29 09:07:33.251 W/IPCThreadState(  606): Sending oneway calls to frozen process.
06-29 09:07:33.251 W/IPCThreadState(  606): Sending oneway calls to frozen process.
06-29 09:07:33.251 W/IPCThreadState(  606): Sending oneway calls to frozen process.
06-29 09:07:33.251 W/IPCThreadState(  606): Sending oneway calls to frozen process.
06-29 09:07:33.251 W/IPCThreadState(  606): Sending oneway calls to frozen process.
06-29 09:07:33.256 I/BugleRcsEngine( 1503): Connected state: [1], networkType: [WIFI] [CONTEXT thread_id=55 ]
06-29 09:07:33.256 I/BugleRcsEngine( 1503): handleMessage processing message:[NOTIFY_UPTIME_IGNORE_STATE_CHANGED] with [non-null]:RcsEngineImpl reference [CONTEXT log_prefix="RcsEngineImpl[DUAL_REG]:[b3cfd2cb-28b4]>Handler" thread_id=63 ]
06-29 09:07:33.259 I/NullBinder( 4041): NullBinder for android.net.action.RECOMMEND_NETWORKS triggering remote TransactionTooLargeException due to Service without Chimera impl, calling uid: 1000, calling pid: 0
06-29 09:07:33.259 W/.gms.persistent( 4041): Large reply transaction of 1056768 bytes, interface descriptor , code 1
06-29 09:07:33.259 D/ConnectivityService(  606): NetReassign [no changes] [c 0] [a 2] [i 1]
06-29 09:07:33.261 I/NearbyMediums( 4041): Wifi changed new SSID: "AndroidWifi"
06-29 09:07:33.262 I/NearbyMediums( 4041): WifiLanConnectivityInfo is not changed, skip notify.
06-29 09:07:33.270 D/ActivityManager(  606): sync unfroze 3996 com.google.android.apps.messaging for 7
06-29 09:07:33.284 I/BugleRcsEngine( 1503): No RCS Configuration was found in Bugle for simID: redacted-pii:sim_id[chars:20,last3:897] [CONTEXT log_prefix="ProvisioningEngineDataRetriever" thread_id=63 ]
06-29 09:07:33.755 D/EGL_emulation(  846): app_time_stats: avg=928.06ms min=5.08ms max=8266.16ms count=9
06-29 09:07:33.756 I/NearbySharing( 4041): Network state changed: NetworkState(isRestricted=false, isOnline=true, isCongested=false, isMetered=false, isWifiConnected=true)
06-29 09:07:36.262 W/IPCThreadState(  606): Sending oneway calls to frozen process.
06-29 09:07:36.263 W/IPCThreadState(  606): Sending oneway calls to frozen process.
06-29 09:07:36.267 I/BugleRcsEngine( 1503): handleMessage processing message:[NOTIFY_UPTIME_IGNORE_STATE_CHANGED] with [non-null]:RcsEngineImpl reference [CONTEXT log_prefix="RcsEngineImpl[DUAL_REG]:[b3cfd2cb-28b4]>Handler" thread_id=63 ]
06-29 09:07:36.267 I/BugleRcsEngine( 1503): Connected state: [1], networkType: [WIFI] [CONTEXT thread_id=55 ]
06-29 09:07:36.270 W/IPCThreadState(  606): Sending oneway calls to frozen process.
06-29 09:07:36.270 W/IPCThreadState(  606): Sending oneway calls to frozen process.
06-29 09:07:36.271 W/IPCThreadState(  606): Sending oneway calls to frozen process.
06-29 09:07:36.274 W/IPCThreadState(  606): Sending oneway calls to frozen process.
06-29 09:07:36.274 W/IPCThreadState(  606): Sending oneway calls to frozen process.
06-29 09:07:36.275 W/IPCThreadState(  606): Sending oneway calls to frozen process.
06-29 09:07:36.275 W/IPCThreadState(  606): Sending oneway calls to frozen process.
06-29 09:07:36.275 W/IPCThreadState(  606): Sending oneway calls to frozen process.
06-29 09:07:36.275 W/IPCThreadState(  606): Sending oneway calls to frozen process.
06-29 09:07:36.275 W/IPCThreadState(  606): Sending oneway calls to frozen process.
06-29 09:07:36.278 I/NullBinder( 4041): NullBinder for android.net.action.RECOMMEND_NETWORKS triggering remote TransactionTooLargeException due to Service without Chimera impl, calling uid: 1000, calling pid: 0
06-29 09:07:36.278 W/.gms.persistent( 4041): Large reply transaction of 1056768 bytes, interface descriptor , code 1
06-29 09:07:36.278 D/ConnectivityService(  606): NetReassign [no changes] [c 0] [a 1] [i 1]
06-29 09:07:36.281 I/NearbyMediums( 4041): Wifi changed new SSID: "AndroidWifi"
06-29 09:07:36.282 I/NearbyMediums( 4041): WifiLanConnectivityInfo is not changed, skip notify.
06-29 09:07:36.284 I/BugleRcsEngine( 1503): No RCS Configuration was found in Bugle for simID: redacted-pii:sim_id[chars:20,last3:897] [CONTEXT log_prefix="ProvisioningEngineDataRetriever" thread_id=63 ]
06-29 09:07:36.770 I/NearbySharing( 4041): Network state changed: NetworkState(isRestricted=false, isOnline=true, isCongested=false, isMetered=false, isWifiConnected=true)
06-29 09:07:37.945 D/ActivityManager(  606): freezing 14727 com.google.android.webview:webview_service
06-29 09:07:37.947 D/InetDiagMessage(  606): Destroyed 0 sockets, proto=IPPROTO_TCP, family=AF_INET, states=14
06-29 09:07:37.948 D/InetDiagMessage(  606): Destroyed 0 sockets, proto=IPPROTO_TCP, family=AF_INET6, states=14
06-29 09:07:37.948 D/InetDiagMessage(  606): Destroyed live tcp sockets for uids={10162} in 1ms
06-29 09:07:38.125 D/ActivityManager(  606): freezing 14528 com.google.android.googlequicksearchbox:search
06-29 09:07:38.178 I/FusedLocation( 4041): (REDACTED) location delivery to %s blocked - too close
06-29 09:07:38.180 I/FusedLocation( 4041): (REDACTED) location delivery to %s blocked - too close
06-29 09:07:38.180 I/FusedLocation( 4041): (REDACTED) location delivery to %s blocked - too close
06-29 09:07:38.189 D/BoundBrokerSvc( 4471): onBind: Intent { act=com.google.android.gms.auth.service.START pkg=com.google.android.gms }
06-29 09:07:38.189 D/BoundBrokerSvc( 4471): Loading bound service for intent: Intent { act=com.google.android.gms.auth.service.START pkg=com.google.android.gms }
06-29 09:07:38.217 W/GLSUser ( 4041): [DeviceKeyStore] Cannot load key: Device key file not found.
06-29 09:07:38.233 D/ActivityManager(  606): sync unfroze 4240 com.google.android.gms.unstable for 6
06-29 09:07:38.238 D/ActivityThread( 4240): Package [com.davidsanchez.vivopromotor] reported as REPLACED, but missing application info. Assuming REMOVED.
06-29 09:07:38.256 D/ActivityThread( 4240): Package [com.davidsanchez.vivopromotor] reported as REPLACED, but missing application info. Assuming REMOVED.
06-29 09:07:38.256 D/ActivityThread( 4240): Package [com.davidsanchez.vivopromotor] reported as REPLACED, but missing application info. Assuming REMOVED.
06-29 09:07:38.257 D/ActivityThread( 4240): Package [com.davidsanchez.vivopromotor] reported as REPLACED, but missing application info. Assuming REMOVED.
06-29 09:07:38.357 D/FileUtils(  606): Rounded bytes from 4110757888 to 8000000000
06-29 09:07:38.377 W/libc    ( 4240): Access denied finding property "persist.adb.tls_server.enable"
06-29 09:07:38.377 W/libc    ( 4240): Access denied finding property "service.adb.tls.port"
06-29 09:07:38.372 W/binder:4240_F( 4240): type=1400 audit(0.0:4277): avc:  denied  { read } for  name="u:object_r:system_adbd_prop:s0" dev="tmpfs" ino=314 scontext=u:r:gmscore_app:s0:c512,c768 tcontext=u:object_r:system_adbd_prop:s0 tclass=file permissive=0 app=com.google.android.gms
06-29 09:07:38.384 D/TrafficStats( 4240): tagSocket(104) with statsTag=0x1809, statsUid=-1
06-29 09:07:38.376 W/binder:4240_F( 4240): type=1400 audit(0.0:4278): avc:  denied  { read } for  name="u:object_r:adbd_prop:s0" dev="tmpfs" ino=59 scontext=u:r:gmscore_app:s0:c512,c768 tcontext=u:object_r:adbd_prop:s0 tclass=file permissive=0 app=com.google.android.gms
06-29 09:07:38.440 W/GmsUrlRequestImpl( 4041): [https://android.googleapis.com/auth/devicekey] Content-Type header is overwritten.
06-29 09:07:38.531 D/TrafficStats( 4041): tagSocket(163) with statsTag=0x4000401, statsUid=10144
06-29 09:07:38.711 I/wpa_supplicant(  832): wlan0: CTRL-EVENT-BEACON-LOSS 
06-29 09:07:39.163 W/GLSUser ( 4041): [AppCertManager] Exception while requesting key: 
06-29 09:07:39.163 W/GLSUser ( 4041): java.util.concurrent.ExecutionException: dbio: Parsing Exception
06-29 09:07:39.163 W/GLSUser ( 4041): 	at hmli.j(:com.google.android.gms@262031038@26.20.31 (260800-919905943):21)
06-29 09:07:39.163 W/GLSUser ( 4041): 	at hmlr.t(:com.google.android.gms@262031038@26.20.31 (260800-919905943):73)
06-29 09:07:39.163 W/GLSUser ( 4041): 	at amzi.b(:com.google.android.gms@262031038@26.20.31 (260800-919905943):435)
06-29 09:07:39.163 W/GLSUser ( 4041): 	at amzg.a(:com.google.android.gms@262031038@26.20.31 (260800-919905943):67)
06-29 09:07:39.163 W/GLSUser ( 4041): 	at amzg.dispatchTransaction(:com.google.android.gms@262031038@26.20.31 (260800-919905943):16)
06-29 09:07:39.163 W/GLSUser ( 4041): 	at ccie.a(:com.google.android.gms@262031038@26.20.31 (260800-919905943):64)
06-29 09:07:39.163 W/GLSUser ( 4041): 	at aaek.onTransact(:com.google.android.gms@262031038@26.20.31 (260800-919905943):23)
06-29 09:07:39.163 W/GLSUser ( 4041): 	at android.os.Binder.transact(Binder.java:1345)
06-29 09:07:39.163 W/GLSUser ( 4041): 	at cqtt.onTransact(:com.google.android.gms@262031038@26.20.31 (260800-919905943):12)
06-29 09:07:39.163 W/GLSUser ( 4041): 	at android.os.Binder.transact(Binder.java:1345)
06-29 09:07:39.163 W/GLSUser ( 4041): 	at ccis.onTransact(:com.google.android.gms@262031038@26.20.31 (260800-919905943):169)
06-29 09:07:39.163 W/GLSUser ( 4041): 	at android.os.Binder.execTransactInternal(Binder.java:1505)
06-29 09:07:39.163 W/GLSUser ( 4041): 	at android.os.Binder.execTransact(Binder.java:1444)
06-29 09:07:39.163 W/GLSUser ( 4041): Caused by: dbio: Parsing Exception
06-29 09:07:39.163 W/GLSUser ( 4041): 	at dbjt.ku(:com.google.android.gms@262031038@26.20.31 (260800-919905943):15)
06-29 09:07:39.163 W/GLSUser ( 4041): 	at hmob.run(:com.google.android.gms@262031038@26.20.31 (260800-919905943):56)
06-29 09:07:39.163 W/GLSUser ( 4041): 	at bkql.c(:com.google.android.gms@262031038@26.20.31 (260800-919905943):50)
06-29 09:07:39.163 W/GLSUser ( 4041): 	at bkql.run(:com.google.android.gms@262031038@26.20.31 (260800-919905943):85)
06-29 09:07:39.163 W/GLSUser ( 4041): 	at java.util.concurrent.ThreadPoolExecutor.runWorker(ThreadPoolExecutor.java:1145)
06-29 09:07:39.163 W/GLSUser ( 4041): 	at java.util.concurrent.ThreadPoolExecutor$Worker.run(ThreadPoolExecutor.java:644)
06-29 09:07:39.163 W/GLSUser ( 4041): 	at bkwd.run(:com.google.android.gms@262031038@26.20.31 (260800-919905943):8)
06-29 09:07:39.163 W/GLSUser ( 4041): 	at java.lang.Thread.run(Thread.java:1012)
06-29 09:07:39.163 W/GLSUser ( 4041): Caused by: japy: Protocol message end-group tag did not match expected tag.
06-29 09:07:39.163 W/GLSUser ( 4041): 	at jaru.a(:com.google.android.gms@262031038@26.20.31 (260800-919905943):57)
06-29 09:07:39.163 W/GLSUser ( 4041): 	at jaqs.l(:com.google.android.gms@262031038@26.20.31 (260800-919905943):60)
06-29 09:07:39.163 W/GLSUser ( 4041): 	at jaou.s(:com.google.android.gms@262031038@26.20.31 (260800-919905943):26)
06-29 09:07:39.163 W/GLSUser ( 4041): 	at jamq.f(:com.google.android.gms@262031038@26.20.31 (260800-919905943):7)
06-29 09:07:39.163 W/GLSUser ( 4041): 	at jamq.c(:com.google.android.gms@262031038@26.20.31 (260800-919905943):1)
06-29 09:07:39.163 W/GLSUser ( 4041): 	at jamq.o(:com.google.android.gms@262031038@26.20.31 (260800-919905943):1)
06-29 09:07:39.163 W/GLSUser ( 4041): 	at dbjs.a(:com.google.android.gms@262031038@26.20.31 (260800-919905943):15)
06-29 09:07:39.163 W/GLSUser ( 4041): 	at dbjx.call(:com.google.android.gms@262031038@26.20.31 (260800-919905943):8)
06-29 09:07:39.163 W/GLSUser ( 4041): 	at java.util.concurrent.FutureTask.run(FutureTask.java:264)
06-29 09:07:39.163 W/GLSUser ( 4041): 	at bkql.c(:com.google.android.gms@262031038@26.20.31 (260800-919905943):50)
06-29 09:07:39.163 W/GLSUser ( 4041): 	at bkql.run(:com.google.android.gms@262031038@26.20.31 (260800-919905943):66)
06-29 09:07:39.163 W/GLSUser ( 4041): 	... 4 more
06-29 09:07:39.164 W/GLSUser ( 4041): [DeviceKeyStore] Cannot load key: Device key file not found.
06-29 09:07:39.222 D/TrafficStats( 4041): tagSocket(167) with statsTag=0xc00060d, statsUid=10144
06-29 09:07:39.320 W/ProcessStats(  606): Tracking association SourceState{adeef73 com.google.android.gms.persistent/10144 BTop #13301} whose proc state 2 is better than process ProcessState{e270657 com.google.android.gms.unstable/10144 pkg=com.google.android.gms} proc state 14 (7 skipped)
06-29 09:07:39.803 I/cn_CronetUrlRequestContext( 4041): destroyNativeStreamLocked org.chromium.net.impl.CronetBidirectionalStream@61ec230
06-29 09:07:39.805 W/GmsWeatherProviderContr( 4041): Failed to fetch weather tile
06-29 09:07:39.805 W/GmsWeatherProviderContr( 4041): jxhm: INVALID_ARGUMENT: Application credential header not valid. Please fix the client to pass a valid application credential header.
06-29 09:07:39.805 W/GmsWeatherProviderContr( 4041): 	at gtmz.b(:com.google.android.gms@262031038@26.20.31 (260800-919905943):51)
06-29 09:07:39.805 W/GmsWeatherProviderContr( 4041): 	at gupf.g(:com.google.android.gms@262031038@26.20.31 (260800-919905943):15)
06-29 09:07:39.805 W/GmsWeatherProviderContr( 4041): 	at gupd.run(:com.google.android.gms@262031038@26.20.31 (260800-919905943):44)
06-29 09:07:39.805 W/GmsWeatherProviderContr( 4041): 	at bkql.c(:com.google.android.gms@262031038@26.20.31 (260800-919905943):50)
06-29 09:07:39.805 W/GmsWeatherProviderContr( 4041): 	at bkql.run(:com.google.android.gms@262031038@26.20.31 (260800-919905943):66)
06-29 09:07:39.805 W/GmsWeatherProviderContr( 4041): 	at java.util.concurrent.ThreadPoolExecutor.runWorker(ThreadPoolExecutor.java:1145)
06-29 09:07:39.805 W/GmsWeatherProviderContr( 4041): 	at java.util.concurrent.ThreadPoolExecutor$Worker.run(ThreadPoolExecutor.java:644)
06-29 09:07:39.805 W/GmsWeatherProviderContr( 4041): 	at bkwd.run(:com.google.android.gms@262031038@26.20.31 (260800-919905943):8)
06-29 09:07:39.805 W/GmsWeatherProviderContr( 4041): 	at java.lang.Thread.run(Thread.java:1012)
06-29 09:07:44.046 I/ez.vivopromotor(14966): Background concurrent mark compact GC freed 5352KB AllocSpace bytes, 32(1088KB) LOS objects, 49% free, 4128KB/8256KB, paused 1.651ms,4.439ms total 174.927ms
06-29 09:07:44.052 W/ez.vivopromotor(14966): ApkAssets: Deleting an ApkAssets object '<empty> and /data/app/~~EwdBiA3jMeMfa-v-YEDETw==/com.google.android.webview-oZUXtQCay5eo9LHmTzosTA==/WebViewGoogle.apk' with 2 weak references
