--------- beginning of main
06-29 09:07:17.778 I/artd    (14493): Dex parent of /data/app/~~xaozyjyzwxGLbKnhdyVOow==/com.davidsanchez.vivopromotor-hRHsGI7sH3t2JToCfgH99A==/base.apk is not writable: Permission denied
06-29 09:07:17.778 I/artd    (14493): GetBestInfo checking odex in dalvik-cache (/data/dalvik-cache/x86_64/data@app@~~xaozyjyzwxGLbKnhdyVOow==@com.davidsanchez.vivopromotor-hRHsGI7sH3t2JToCfgH99A==@base.apk@classes.dex)
06-29 09:07:17.779 I/artd    (14493): Loading /data/dalvik-cache/x86_64/data@app@~~xaozyjyzwxGLbKnhdyVOow==@com.davidsanchez.vivopromotor-hRHsGI7sH3t2JToCfgH99A==@base.apk@classes.dex with executable: 0
06-29 09:07:17.779 I/artd    (14493): OatFileAssistant test for existing oat file /data/dalvik-cache/x86_64/data@app@~~xaozyjyzwxGLbKnhdyVOow==@com.davidsanchez.vivopromotor-hRHsGI7sH3t2JToCfgH99A==@base.apk@classes.dex: File /data/dalvik-cache/x86_64/data@app@~~xaozyjyzwxGLbKnhdyVOow==@com.davidsanchez.vivopromotor-hRHsGI7sH3t2JToCfgH99A==@base.apk@classes.vdex does not exist.
06-29 09:07:17.779 I/artd    (14493): GetBestInfo checking odex next to the dex file (/data/app/~~xaozyjyzwxGLbKnhdyVOow==/com.davidsanchez.vivopromotor-hRHsGI7sH3t2JToCfgH99A==/oat/x86_64/base.odex)
06-29 09:07:17.779 I/artd    (14493): Loading /data/app/~~xaozyjyzwxGLbKnhdyVOow==/com.davidsanchez.vivopromotor-hRHsGI7sH3t2JToCfgH99A==/oat/x86_64/base.odex with executable: 0
06-29 09:07:17.779 I/artd    (14493): OatFileAssistant test for existing oat file /data/app/~~xaozyjyzwxGLbKnhdyVOow==/com.davidsanchez.vivopromotor-hRHsGI7sH3t2JToCfgH99A==/oat/x86_64/base.odex: File /data/app/~~xaozyjyzwxGLbKnhdyVOow==/com.davidsanchez.vivopromotor-hRHsGI7sH3t2JToCfgH99A==/oat/x86_64/base.vdex does not exist.
06-29 09:07:17.779 I/artd    (14493): GetBestInfo checking vdex in dalvik-cache (/data/dalvik-cache/x86_64/data@app@~~xaozyjyzwxGLbKnhdyVOow==@com.davidsanchez.vivopromotor-hRHsGI7sH3t2JToCfgH99A==@base.apk@classes.vdex)
06-29 09:07:17.779 I/artd    (14493): unable to open vdex file /data/dalvik-cache/x86_64/data@app@~~xaozyjyzwxGLbKnhdyVOow==@com.davidsanchez.vivopromotor-hRHsGI7sH3t2JToCfgH99A==@base.apk@classes.vdex: File /data/dalvik-cache/x86_64/data@app@~~xaozyjyzwxGLbKnhdyVOow==@com.davidsanchez.vivopromotor-hRHsGI7sH3t2JToCfgH99A==@base.apk@classes.vdex does not exist.
06-29 09:07:17.779 I/artd    (14493): OatFileAssistant test for existing oat file /data/dalvik-cache/x86_64/data@app@~~xaozyjyzwxGLbKnhdyVOow==@com.davidsanchez.vivopromotor-hRHsGI7sH3t2JToCfgH99A==@base.apk@classes.vdex: File /data/dalvik-cache/x86_64/data@app@~~xaozyjyzwxGLbKnhdyVOow==@com.davidsanchez.vivopromotor-hRHsGI7sH3t2JToCfgH99A==@base.apk@classes.vdex does not exist.
06-29 09:07:17.779 I/artd    (14493): GetBestInfo checking vdex next to the dex file (/data/app/~~xaozyjyzwxGLbKnhdyVOow==/com.davidsanchez.vivopromotor-hRHsGI7sH3t2JToCfgH99A==/oat/x86_64/base.vdex)
06-29 09:07:17.779 I/artd    (14493): unable to open vdex file /data/app/~~xaozyjyzwxGLbKnhdyVOow==/com.davidsanchez.vivopromotor-hRHsGI7sH3t2JToCfgH99A==/oat/x86_64/base.vdex: File /data/app/~~xaozyjyzwxGLbKnhdyVOow==/com.davidsanchez.vivopromotor-hRHsGI7sH3t2JToCfgH99A==/oat/x86_64/base.vdex does not exist.
06-29 09:07:17.779 I/artd    (14493): OatFileAssistant test for existing oat file /data/app/~~xaozyjyzwxGLbKnhdyVOow==/com.davidsanchez.vivopromotor-hRHsGI7sH3t2JToCfgH99A==/oat/x86_64/base.vdex: File /data/app/~~xaozyjyzwxGLbKnhdyVOow==/com.davidsanchez.vivopromotor-hRHsGI7sH3t2JToCfgH99A==/oat/x86_64/base.vdex does not exist.
06-29 09:07:17.779 I/artd    (14493): GetBestInfo checking dm (/data/app/~~xaozyjyzwxGLbKnhdyVOow==/com.davidsanchez.vivopromotor-hRHsGI7sH3t2JToCfgH99A==/base.dm)
06-29 09:07:17.780 W/ziparchive(14493): Unable to open '/data/app/~~xaozyjyzwxGLbKnhdyVOow==/com.davidsanchez.vivopromotor-hRHsGI7sH3t2JToCfgH99A==/base.dm': No such file or directory
06-29 09:07:17.780 I/artd    (14493): OatFileAssistant test for existing oat file /data/app/~~xaozyjyzwxGLbKnhdyVOow==/com.davidsanchez.vivopromotor-hRHsGI7sH3t2JToCfgH99A==/base.dm: I/O error
06-29 09:07:17.780 I/artd    (14493): GetBestInfo checking dm (/data/app/~~xaozyjyzwxGLbKnhdyVOow==/com.davidsanchez.vivopromotor-hRHsGI7sH3t2JToCfgH99A==/base.dm)
06-29 09:07:17.780 W/ziparchive(14493): Unable to open '/data/app/~~xaozyjyzwxGLbKnhdyVOow==/com.davidsanchez.vivopromotor-hRHsGI7sH3t2JToCfgH99A==/base.dm': No such file or directory
06-29 09:07:17.780 I/artd    (14493): OatFileAssistant test for existing oat file /data/app/~~xaozyjyzwxGLbKnhdyVOow==/com.davidsanchez.vivopromotor-hRHsGI7sH3t2JToCfgH99A==/base.dm: I/O error
06-29 09:07:17.780 I/artd    (14493): GetBestInfo no usable artifacts
--------- beginning of system
06-29 09:07:19.251 D/ActivityManager(  606): freezing 3996 com.google.android.apps.messaging
06-29 09:07:20.549 W/ProcessStats(  606): Tracking association SourceState{d22a30 com.google.android.apps.nexuslauncher/10176 BTop #13252} whose proc state 2 is better than process ProcessState{d14df03 com.google.android.googlequicksearchbox:search/10145 pkg=com.google.android.googlequicksearchbox} proc state 14 (26 skipped)
06-29 09:07:20.745 I/BistoHotwordHelper( 1469): (REDACTED) getHotwordActive::active query: %s, watch: %s, devices connected: %s
06-29 09:07:20.794 D/ActivityManager(  606): freezing 13892 com.android.vending:background
06-29 09:07:20.796 D/ActivityManager(  606): freezing 2423 com.android.vending
06-29 09:07:20.926 D/InetDiagMessage(  606): Destroyed 0 sockets, proto=IPPROTO_TCP, family=AF_INET, states=14
06-29 09:07:20.927 D/InetDiagMessage(  606): Destroyed 0 sockets, proto=IPPROTO_TCP, family=AF_INET6, states=14
06-29 09:07:20.927 D/InetDiagMessage(  606): Destroyed live tcp sockets for uids={10141} in 2ms
06-29 09:07:22.582 I/wpa_supplicant(  832): wlan0: CTRL-EVENT-BEACON-LOSS 
06-29 09:07:22.979 D/InetDiagMessage(  606): Destroyed 0 sockets, proto=IPPROTO_TCP, family=AF_INET, states=14
06-29 09:07:22.979 D/InetDiagMessage(  606): Destroyed 0 sockets, proto=IPPROTO_TCP, family=AF_INET6, states=14
06-29 09:07:22.979 D/InetDiagMessage(  606): Destroyed live tcp sockets for uids={10143} in 1ms
06-29 09:07:22.979 D/InetDiagMessage(  606): Destroyed 0 sockets, proto=IPPROTO_TCP, family=AF_INET, states=14
06-29 09:07:22.980 D/InetDiagMessage(  606): Destroyed 0 sockets, proto=IPPROTO_TCP, family=AF_INET6, states=14
06-29 09:07:22.980 D/InetDiagMessage(  606): Destroyed live tcp sockets for uids={20143} in 1ms
06-29 09:07:24.806 I/ActivityManager(  606): Force stopping com.davidsanchez.vivopromotor appid=10209 user=0: from pid 14958
06-29 09:07:24.809 I/AppsFilter(  606): interaction: PackageSetting{7a58d76 com.android.microdroid.empty_payload/10198} -> PackageSetting{9ea0a4e com.davidsanchez.vivopromotor/10209} BLOCKED
06-29 09:07:24.819 D/CarrierSvcBindHelper( 2782): onHandleForceStop: [com.davidsanchez.vivopromotor]
06-29 09:07:24.819 D/CarrierSvcBindHelper( 2782): No carrier app for: 0
06-29 09:07:25.039 W/ActivityTaskManager(  606): callingPackage for (uid=2000, pid=14963) has no WPC
06-29 09:07:25.040 W/OptProp (  606): Cannot read opt property android.window.PROPERTY_COMPAT_ALLOW_USER_ASPECT_RATIO_OVERRIDE
06-29 09:07:25.041 W/OptProp (  606): Cannot read opt property android.window.PROPERTY_COMPAT_ALLOW_USER_ASPECT_RATIO_FULLSCREEN_OVERRIDE
06-29 09:07:25.041 W/OptProp (  606): Cannot read opt property android.window.PROPERTY_COMPAT_ALLOW_ORIENTATION_OVERRIDE
06-29 09:07:25.043 V/GrammaticalInflectionUtils(  606): AttributionSource: android.content.AttributionSource@8bf79262 does not have READ_SYSTEM_GRAMMATICAL_GENDER permission.
06-29 09:07:25.044 W/OptProp (  606): Cannot read opt property android.window.PROPERTY_COMPAT_ALLOW_RESIZEABLE_ACTIVITY_OVERRIDES
06-29 09:07:25.045 W/OptProp (  606): Cannot read opt property android.window.PROPERTY_COMPAT_ALLOW_MIN_ASPECT_RATIO_OVERRIDE
06-29 09:07:25.068 V/WindowManagerShell(  846): Transition requested (#66): android.os.BinderProxy@11f8fca TransitionRequestInfo { type = OPEN, triggerTask = TaskInfo{userId=0 taskId=39 displayId=0 isRunning=true baseIntent=Intent { flg=0x10000000 cmp=com.davidsanchez.vivopromotor/.MainActivity } baseActivity=ComponentInfo{com.davidsanchez.vivopromotor/com.davidsanchez.vivopromotor.MainActivity} topActivity=ComponentInfo{com.davidsanchez.vivopromotor/com.davidsanchez.vivopromotor.MainActivity} origActivity=null realActivity=ComponentInfo{com.davidsanchez.vivopromotor/com.davidsanchez.vivopromotor.MainActivity} numActivities=1 lastActiveTime=48595341 supportsMultiWindow=true resizeMode=1 isResizeable=true minWidth=-1 minHeight=-1 defaultMinSize=220 token=WCT{android.window.IWindowContainerToken$Stub$Proxy@87bf53b} topActivityType=1 pictureInPictureParams=null shouldDockBigOverlays=false launchIntoPipHostTaskId=-1 lastParentTaskIdBeforePip=-1 displayCutoutSafeInsets=Rect(0, 156 - 0, 0) topActivityInfo=ActivityInfo{8219458 com.davidsanchez.vivopromotor.MainActivity} launchCookies=[] positionInParent=Point(0, 0) parentTaskId=-1 isFocused=false isVisible=false isVisibleRequested=false isSleeping=false locusId=null displayAreaFeatureId=1 isTopActivityTransparent=false appCompatTaskInfo=AppCompatTaskInfo { topActivityInSizeCompat=false topActivityEligibleForLetterboxEducation= falseisLetterboxEducationEnabled= true isLetterboxDoubleTapEnabled= false topActivityEligibleForUserAspectRatioButton= false topActivityBoundsLetterboxed= false isFromLetterboxDoubleTap= false topActivityLetterboxVerticalPosition= -1 topActivityLetterboxHorizontalPosition= -1 topActivityLetterboxWidth=1280 topActivityLetterboxHeight=2856 isUserFullscreenOverrideEnabled=false isSystemFullscreenOverrideEnabled=false cameraCompatTaskInfo=CameraCompatTaskInfo { cameraCompatControlState=hidden freeformCameraCompatMode=inactive}}}, pipTask = null, remoteTransition = null, displayChange = null, flags = 0, debugId = 66 }
06-29 09:07:25.068 I/ActivityTaskManager(  606): START u0 {flg=0x10000000 cmp=com.davidsanchez.vivopromotor/.MainActivity} with LAUNCH_SINGLE_TASK from uid 2000 (BAL_ALLOW_PERMISSION) result code=0
06-29 09:07:25.080 I/BpBinder(  468): onLastStrongRef automatically unlinking death recipients: 
06-29 09:07:25.080 V/GrammaticalInflectionUtils(  606): AttributionSource: android.content.AttributionSource@8bf79262 does not have READ_SYSTEM_GRAMMATICAL_GENDER permission.
06-29 09:07:25.081 W/SplitSelectStateCtor( 1067): Missing session instanceIds
06-29 09:07:25.081 D/StatsLog( 1067): LAUNCHER_SPLIT_SELECTION_EXIT_INTERRUPTED
06-29 09:07:25.095 I/AppsFilter(  606): interaction: PackageSetting{7a58d76 com.android.microdroid.empty_payload/10198} -> PackageSetting{85886b8 com.davidsanchez.vivopromotor/10209} BLOCKED
06-29 09:07:25.099 D/WindowManagerShell(  846): setLauncherKeepClearAreaHeight: visible=false, height=603
06-29 09:07:25.103 I/TopTaskTracker( 1067): onTaskMovedToFront: (moved taskInfo to front) taskId=39, baseIntent=Intent { flg=0x10000000 cmp=com.davidsanchez.vivopromotor/.MainActivity }
06-29 09:07:25.116 D/Zygote  (  391): Forked child process 14966
06-29 09:07:25.119 I/ActivityManager(  606): Start proc 14966:com.davidsanchez.vivopromotor/u0a209 for next-top-activity {com.davidsanchez.vivopromotor/com.davidsanchez.vivopromotor.MainActivity}
06-29 09:07:25.123 D/CoreBackPreview(  606): Window{76b5664 u0 Splash Screen com.davidsanchez.vivopromotor}: Setting back callback OnBackInvokedCallbackInfo{mCallback=android.window.IOnBackInvokedCallback$Stub$Proxy@f7c7eef, mPriority=0, mIsAnimationCallback=false}
06-29 09:07:25.132 I/ez.vivopromotor(14966): Late-enabling -Xcheck:jni
06-29 09:07:25.184 I/ez.vivopromotor(14966): Using CollectorTypeCMC GC.
06-29 09:07:25.186 W/ez.vivopromotor(14966): Unexpected CPU variant for x86: x86_64.
06-29 09:07:25.186 W/ez.vivopromotor(14966): Known variants: atom, sandybridge, silvermont, goldmont, goldmont-plus, goldmont-without-sha-xsaves, tremont, kabylake, default
06-29 09:07:25.191 D/EGL_emulation( 1067): app_time_stats: avg=520.37ms min=3.68ms max=15148.18ms count=30
06-29 09:07:25.243 I/adbd    (  477): jdwp connection from 14966
06-29 09:07:25.254 D/nativeloader(14966): Load libframework-connectivity-tiramisu-jni.so using APEX ns com_android_tethering for caller /apex/com.android.tethering/javalib/framework-connectivity-t.jar: ok
06-29 09:07:25.273 V/WindowManagerShell(  846): onTransitionReady(transaction=2602750184889)
06-29 09:07:25.279 V/WindowManager(  606): Sent Transition (#66) createdAt=06-29 09:07:25.046 via request=TransitionRequestInfo { type = OPEN, triggerTask = TaskInfo{userId=0 taskId=39 displayId=0 isRunning=true baseIntent=Intent { flg=0x10000000 cmp=com.davidsanchez.vivopromotor/.MainActivity } baseActivity=ComponentInfo{com.davidsanchez.vivopromotor/com.davidsanchez.vivopromotor.MainActivity} topActivity=ComponentInfo{com.davidsanchez.vivopromotor/com.davidsanchez.vivopromotor.MainActivity} origActivity=null realActivity=ComponentInfo{com.davidsanchez.vivopromotor/com.davidsanchez.vivopromotor.MainActivity} numActivities=1 lastActiveTime=48595341 supportsMultiWindow=true resizeMode=1 isResizeable=true minWidth=-1 minHeight=-1 defaultMinSize=220 token=WCT{RemoteToken{5be5aa6 Task{f8599cc #39 type=standard A=10209:com.davidsanchez.vivopromotor}}} topActivityType=1 pictureInPictureParams=null shouldDockBigOverlays=false launchIntoPipHostTaskId=-1 lastParentTaskIdBeforePip=-1 displayCutoutSafeInsets=Rect(0, 156 - 0, 0) topActivityInfo=ActivityInfo{40f5ce7 com.davidsanchez.vivopromotor.MainActivity} launchCookies=[] positionInParent=Point(0, 0) parentTaskId=-1 isFocused=false isVisible=false isVisibleRequested=false isSleeping=false locusId=null displayAreaFeatureId=1 isTopActivityTransparent=false appCompatTaskInfo=AppCompatTaskInfo { topActivityInSizeCompat=false topActivityEligibleForLetterboxEducation= falseisLetterboxEducationEnabled= true isLetterboxDoubleTapEnabled= false topActivityEligibleForUserAspectRatioButton= false topActivityBoundsLetterboxed= false isFromLetterboxDoubleTap= false topActivityLetterboxVerticalPosition= -1 topActivityLetterboxHorizontalPosition= -1 topActivityLetterboxWidth=1280 topActivityLetterboxHeight=2856 isUserFullscreenOverrideEnabled=false isSystemFullscreenOverrideEnabled=false cameraCompatTaskInfo=CameraCompatTaskInfo { cameraCompatControlState=hidden freeformCameraCompatMode=inactive}}}, pipTask = null, remoteTransition = null, displayChange = null, flags = 0, debugId = 66 }
06-29 09:07:25.279 V/WindowManager(  606):     startWCT=WindowContainerTransaction { changes = {} hops = [] errorCallbackToken=null taskFragmentOrganizer=null }
06-29 09:07:25.279 V/WindowManager(  606):     info={id=66 t=OPEN f=0x0 trk=0 r=[0@Point(0, 0)] c=[
06-29 09:07:25.279 V/WindowManager(  606):         {WCT{RemoteToken{5be5aa6 Task{f8599cc #39 type=standard A=10209:com.davidsanchez.vivopromotor}}} m=OPEN f=NONE leash=Surface(name=Task=39)/@0x1f46ada sb=Rect(0, 0 - 1280, 2856) eb=Rect(0, 0 - 1280, 2856) d=0 taskParent=-1},
06-29 09:07:25.279 V/WindowManager(  606):         {WCT{RemoteToken{87ee837 Task{c33a563 #1 type=home}}} m=TO_BACK f=SHOW_WALLPAPER leash=Surface(name=Task=1)/@0xbcffad sb=Rect(0, 0 - 1280, 2856) eb=Rect(0, 0 - 1280, 2856) d=0 taskParent=-1}
06-29 09:07:25.279 V/WindowManager(  606):     ]}
06-29 09:07:25.295 V/WindowManagerShell(  846): onTransitionReady (#66) android.os.BinderProxy@11f8fca: {id=66 t=OPEN f=0x0 trk=0 r=[0@Point(0, 0)] c=[{WCT{android.window.IWindowContainerToken$Stub$Proxy@4344707} m=OPEN f=NONE leash=Surface(name=Task=39)/@0x2d0a32b sb=Rect(0, 0 - 1280, 2856) eb=Rect(0, 0 - 1280, 2856) d=0 taskParent=-1},{WCT{android.window.IWindowContainerToken$Stub$Proxy@e509034} m=TO_BACK f=SHOW_WALLPAPER leash=Surface(name=Task=1)/@0x2cec388 sb=Rect(0, 0 - 1280, 2856) eb=Rect(0, 0 - 1280, 2856) d=0 taskParent=-1}]}
06-29 09:07:25.307 V/WindowManagerShell(  846): Playing animation for (#66) android.os.BinderProxy@11f8fca@0
06-29 09:07:25.307 V/WindowManagerShell(  846):  try handler com.android.wm.shell.transition.DefaultMixedHandler@5ff153c
06-29 09:07:25.308 V/WindowManagerShell(  846):  try handler com.android.wm.shell.keyguard.KeyguardTransitionHandler@e7c82c5
06-29 09:07:25.309 V/WindowManagerShell(  846):  try handler com.android.wm.shell.pip.PipTransition@439e41a
06-29 09:07:25.309 V/WindowManagerShell(  846):  try handler com.android.wm.shell.activityembedding.ActivityEmbeddingController@6423b4b
06-29 09:07:25.309 V/WindowManagerShell(  846):  try handler com.android.wm.shell.recents.RecentsTransitionHandler@f464928
06-29 09:07:25.309 V/ShellRecents(  846): RecentsTransitionHandler.startAnimation: no controller found
06-29 09:07:25.309 V/WindowManagerShell(  846):  try handler com.android.wm.shell.splitscreen.StageCoordinator@8278641
06-29 09:07:25.309 V/WindowManagerShell(  846):  try handler com.android.wm.shell.transition.RemoteTransitionHandler@b0227e6
06-29 09:07:25.310 V/WindowManagerShell(  846): Transition doesn't have explicit remote, search filters for match for {id=66 t=OPEN f=0x0 trk=0 r=[0@Point(0, 0)] c=[{WCT{android.window.IWindowContainerToken$Stub$Proxy@4344707} m=OPEN f=NONE leash=Surface(name=Task=39)/@0x2d0a32b sb=Rect(0, 0 - 1280, 2856) eb=Rect(0, 0 - 1280, 2856) d=0 taskParent=-1},{WCT{android.window.IWindowContainerToken$Stub$Proxy@e509034} m=TO_BACK f=SHOW_WALLPAPER leash=Surface(name=Task=1)/@0x2cec388 sb=Rect(0, 0 - 1280, 2856) eb=Rect(0, 0 - 1280, 2856) d=0 taskParent=-1}]}
06-29 09:07:25.311 V/WindowManagerShell(  846):  Checking filter Pair{{types=[] flags=0x0] notFlags=0x0 checks=[{atype=undefined independent=true modes=[OPEN,TO_FRONT] flags=IN_TASK_WITH_EMBEDDED_ACTIVITY mustBeTask=false order=ANY topActivity=ComponentInfo{com.google.android.apps.nexuslauncher/com.google.android.apps.nexuslauncher.NexusLauncherActivity} launchCookie=null},{atype=undefined independent=true modes=[CLOSE,TO_BACK] flags=IN_TASK_WITH_EMBEDDED_ACTIVITY mustBeTask=false order=ANY topActivity=null launchCookie=null}]} RemoteTransition { remoteTransition = android.window.IRemoteTransition$Stub$Proxy@d97402c, appThread = android.app.IApplicationThread$Stub$Proxy@cfbeaf5, debugName = OverlaySwipeBack }}
06-29 09:07:25.311 V/WindowManagerShell(  846):  Checking filter Pair{{types=[] flags=0x0] notFlags=0x0 checks=[{atype=dream independent=true modes=[OPEN,TO_FRONT] flags=NONE mustBeTask=false order=ANY topActivity=null launchCookie=null},{atype=home independent=true modes=[CLOSE,TO_BACK] flags=NONE mustBeTask=false order=ANY topActivity=null launchCookie=null}]} RemoteTransition { remoteTransition = android.window.IRemoteTransition$Stub$Proxy@c880e11, appThread = android.app.IApplicationThread$Stub$Proxy@c5d5b76, debugName = LauncherToDream }}
06-29 09:07:25.311 V/WindowManagerShell(  846):  Checking filter Pair{{types=[] flags=0x0] notFlags=0x100 checks=[{atype=home independent=true modes=[OPEN,TO_FRONT] flags=NONE mustBeTask=false order=TOP topActivity=ComponentInfo{com.google.android.apps.nexuslauncher/com.google.android.apps.nexuslauncher.NexusLauncherActivity} launchCookie=null},{atype=standard independent=true modes=[CLOSE,TO_BACK] flags=NONE mustBeTask=false order=ANY topActivity=null launchCookie=null}]} RemoteTransition { remoteTransition = android.window.IRemoteTransition$Stub$Proxy@8e21577, appThread = android.app.IApplicationThread$Stub$Proxy@bd795e4, debugName = QuickstepLaunchHome }}
06-29 09:07:25.311 V/WindowManagerShell(  846):  Delegate animation for (#66) to null
06-29 09:07:25.312 V/WindowManagerShell(  846):  try handler com.android.wm.shell.transition.DefaultTransitionHandler@9f74127
06-29 09:07:25.312 V/WindowManagerShell(  846): start default transition animation, info = {id=66 t=OPEN f=0x0 trk=0 r=[0@Point(0, 0)] c=[{WCT{android.window.IWindowContainerToken$Stub$Proxy@4344707} m=OPEN f=NONE leash=Surface(name=Task=39)/@0x2d0a32b sb=Rect(0, 0 - 1280, 2856) eb=Rect(0, 0 - 1280, 2856) d=0 taskParent=-1},{WCT{android.window.IWindowContainerToken$Stub$Proxy@e509034} m=TO_BACK f=SHOW_WALLPAPER leash=Surface(name=Task=1)/@0x2cec388 sb=Rect(0, 0 - 1280, 2856) eb=Rect(0, 0 - 1280, 2856) d=0 taskParent=-1}]}
06-29 09:07:25.312 V/WindowManagerShell(  846): loadAnimation: anim=android.view.animation.AnimationSet@28e83d2 animAttr=0x13 type=OPEN isEntrance=false
06-29 09:07:25.324 V/WindowManagerShell(  846): loadAnimation: anim=android.view.animation.AnimationSet@ad0c15 animAttr=0x12 type=OPEN isEntrance=true
06-29 09:07:25.327 V/WindowManagerShell(  846):  animated by com.android.wm.shell.transition.DefaultTransitionHandler@9f74127
06-29 09:07:25.328 W/UserManagerService(  606): Requested status bar icon for non-badged user 0
06-29 09:07:25.346 D/EGL_emulation( 1067): app_time_stats: avg=927.28ms min=1.98ms max=15352.95ms count=17
06-29 09:07:25.348 D/EGL_emulation(  846): app_time_stats: avg=2014.45ms min=4.79ms max=15925.77ms count=8
06-29 09:07:25.398 W/ziparchive(14966): Unable to open '/data/app/~~xaozyjyzwxGLbKnhdyVOow==/com.davidsanchez.vivopromotor-hRHsGI7sH3t2JToCfgH99A==/base.dm': No such file or directory
06-29 09:07:25.398 W/ziparchive(14966): Unable to open '/data/app/~~xaozyjyzwxGLbKnhdyVOow==/com.davidsanchez.vivopromotor-hRHsGI7sH3t2JToCfgH99A==/base.dm': No such file or directory
06-29 09:07:25.633 V/WindowManagerShell(  846): Transition animation finished (aborted=false), notifying core (#66) android.os.BinderProxy@11f8fca@0
06-29 09:07:25.635 V/WindowManager(  606): Finish Transition (#66): created at 06-29 09:07:25.046 collect-started=0.089ms request-sent=20.146ms started=23.653ms ready=216.895ms sent=225.568ms finished=588.317ms
06-29 09:07:25.642 V/WindowManagerShell(  846): Track 0 became idle
06-29 09:07:25.643 V/WindowManagerShell(  846): All active transition animations finished
06-29 09:07:25.644 D/VRI[NexusLauncherActivity]( 1067): visibilityChanged oldVisibility=true newVisibility=false
06-29 09:07:25.645 W/UserManagerService(  606): Requested status bar icon for non-badged user 0
06-29 09:07:25.647 D/NexusLauncherModelDelegate( 1067): notifySmartspaceEvent: SmartspaceTargetEvent{mSmartspaceTarget=null, mSmartspaceActionId='null', mEventType=7}
06-29 09:07:25.655 W/UserManagerService(  606): Requested status bar icon for non-badged user 0
06-29 09:07:25.681 D/nativeloader(14966): Configuring clns-7 for other apk /data/app/~~xaozyjyzwxGLbKnhdyVOow==/com.davidsanchez.vivopromotor-hRHsGI7sH3t2JToCfgH99A==/base.apk. target_sdk_version=36, uses_libraries=, library_path=/data/app/~~xaozyjyzwxGLbKnhdyVOow==/com.davidsanchez.vivopromotor-hRHsGI7sH3t2JToCfgH99A==/lib/x86_64, permitted_path=/data:/mnt/expand:/data/user/0/com.davidsanchez.vivopromotor
06-29 09:07:25.719 V/GraphicsEnvironment(14966): Currently set values for:
06-29 09:07:25.719 V/GraphicsEnvironment(14966):   angle_gl_driver_selection_pkgs=[]
06-29 09:07:25.722 V/GraphicsEnvironment(14966):   angle_gl_driver_selection_values=[]
06-29 09:07:25.723 V/GraphicsEnvironment(14966): Global.Settings values are invalid: number of packages: 0, number of values: 0
06-29 09:07:25.723 V/GraphicsEnvironment(14966): Neither updatable production driver nor prerelease driver is supported.
06-29 09:07:25.823 W/OptProp (  606): Cannot read opt property android.window.PROPERTY_COMPAT_ENABLE_FAKE_FOCUS
06-29 09:07:26.046 D/AppCompatDelegate(14966): Checking for metadata for AppLocalesMetadataHolderService : Service not found
06-29 09:07:26.255 W/ez.vivopromotor(14966): Accessing hidden method Landroid/view/ViewGroup;->makeOptionalFitsSystemWindows()V (unsupported, reflection, allowed)
06-29 09:07:26.295 I/WebViewFactory(14966): Loading com.google.android.webview version 124.0.6367.219 (code 636771938)
06-29 09:07:26.309 V/ResourcesManager(14966): The following library key has been added: ResourcesKey{ mHash=faf6d924 mResDir=null mSplitDirs=[] mOverlayDirs=[/product/overlay/EmulationPixel9Pro/EmulationPixel9ProOverlay.apk,/product/overlay/NavigationBarModeGestural/NavigationBarModeGesturalOverlay.apk,/data/resource-cache/com.android.systemui-neutral-NTFY.frro,/data/resource-cache/com.android.systemui-accent-0fqH.frro,/data/resource-cache/com.android.systemui-dynamic-xo3B.frro] mLibDirs=[/data/app/~~EwdBiA3jMeMfa-v-YEDETw==/com.google.android.webview-oZUXtQCay5eo9LHmTzosTA==/WebViewGoogle.apk,/data/app/~~yClXnQa4hdVDkyJWRXFWBw==/com.google.android.trichromelibrary_636771938-_BJo-GHdYL90m5dt3tWK4A==/TrichromeLibrary.apk,/system_ext/framework/androidx.window.extensions.jar] mDisplayId=0 mOverrideConfig=v35 mCompatInfo={480dpi always-compat} mLoaders=[]}
06-29 09:07:26.313 W/ziparchive(14966): Unable to open '/data/app/~~yClXnQa4hdVDkyJWRXFWBw==/com.google.android.trichromelibrary_636771938-_BJo-GHdYL90m5dt3tWK4A==/TrichromeLibrary.dm': No such file or directory
06-29 09:07:26.313 W/ziparchive(14966): Unable to open '/data/app/~~yClXnQa4hdVDkyJWRXFWBw==/com.google.android.trichromelibrary_636771938-_BJo-GHdYL90m5dt3tWK4A==/TrichromeLibrary.dm': No such file or directory
06-29 09:07:26.313 W/ez.vivopromotor(14966): Entry not found
06-29 09:07:26.316 D/nativeloader(14966): Configuring clns-8 for other apk /data/app/~~yClXnQa4hdVDkyJWRXFWBw==/com.google.android.trichromelibrary_636771938-_BJo-GHdYL90m5dt3tWK4A==/TrichromeLibrary.apk. target_sdk_version=34, uses_libraries=ALL, library_path=/data/app/~~EwdBiA3jMeMfa-v-YEDETw==/com.google.android.webview-oZUXtQCay5eo9LHmTzosTA==/lib/x86_64:/data/app/~~EwdBiA3jMeMfa-v-YEDETw==/com.google.android.webview-oZUXtQCay5eo9LHmTzosTA==/WebViewGoogle.apk!/lib/x86_64:/data/app/~~yClXnQa4hdVDkyJWRXFWBw==/com.google.android.trichromelibrary_636771938-_BJo-GHdYL90m5dt3tWK4A==/TrichromeLibrary.apk!/lib/x86_64, permitted_path=/data:/mnt/expand
06-29 09:07:26.321 D/ApplicationLoaders(14966): Returning zygote-cached class loader: /system_ext/framework/androidx.window.extensions.jar
06-29 09:07:26.330 D/nativeloader(14966): Configuring clns-9 for other apk /data/app/~~EwdBiA3jMeMfa-v-YEDETw==/com.google.android.webview-oZUXtQCay5eo9LHmTzosTA==/WebViewGoogle.apk. target_sdk_version=34, uses_libraries=, library_path=/data/app/~~EwdBiA3jMeMfa-v-YEDETw==/com.google.android.webview-oZUXtQCay5eo9LHmTzosTA==/lib/x86_64:/data/app/~~EwdBiA3jMeMfa-v-YEDETw==/com.google.android.webview-oZUXtQCay5eo9LHmTzosTA==/WebViewGoogle.apk!/lib/x86_64:/data/app/~~yClXnQa4hdVDkyJWRXFWBw==/com.google.android.trichromelibrary_636771938-_BJo-GHdYL90m5dt3tWK4A==/TrichromeLibrary.apk!/lib/x86_64, permitted_path=/data:/mnt/expand
06-29 09:07:26.331 I/AppsFilter(  606): interaction: PackageSetting{85886b8 com.davidsanchez.vivopromotor/10209} -> PackageSetting{8c63863 com.android.cts.priv.ctsshim/10189} BLOCKED
06-29 09:07:26.331 I/AppsFilter(  606): interaction: PackageSetting{85886b8 com.davidsanchez.vivopromotor/10209} -> PackageSetting{1265c60 com.google.android.youtube/10166} BLOCKED
06-29 09:07:26.331 I/AppsFilter(  606): interaction: PackageSetting{85886b8 com.davidsanchez.vivopromotor/10209} -> PackageSetting{fbac519 com.android.internal.display.cutout.emulation.corner/10004} BLOCKED
06-29 09:07:26.331 I/AppsFilter(  606): interaction: PackageSetting{85886b8 com.davidsanchez.vivopromotor/10209} -> PackageSetting{4e9b9de com.android.internal.display.cutout.emulation.double/10007} BLOCKED
06-29 09:07:26.331 I/AppsFilter(  606): interaction: PackageSetting{85886b8 com.davidsanchez.vivopromotor/10209} -> PackageSetting{d7bb07 com.google.android.googlequicksearchbox/10145} BLOCKED
06-29 09:07:26.331 I/AppsFilter(  606): interaction: PackageSetting{85886b8 com.davidsanchez.vivopromotor/10209} -> PackageSetting{c04de8c com.google.android.onetimeinitializer/10131} BLOCKED
06-29 09:07:26.331 I/AppsFilter(  606): interaction: PackageSetting{85886b8 com.davidsanchez.vivopromotor/10209} -> PackageSetting{62999d5 com.google.android.ext.shared/10118} BLOCKED
06-29 09:07:26.331 I/AppsFilter(  606): interaction: PackageSetting{85886b8 com.davidsanchez.vivopromotor/10209} -> PackageSetting{c5395ea com.android.virtualmachine.res/10197} BLOCKED
06-29 09:07:26.331 I/AppsFilter(  606): interaction: PackageSetting{85886b8 com.davidsanchez.vivopromotor/10209} -> PackageSetting{44050db com.android.managedprovisioning.auto_generated_rro_product__/10041} BLOCKED
06-29 09:07:26.331 I/AppsFilter(  606): interaction: PackageSetting{85886b8 com.davidsanchez.vivopromotor/10209} -> PackageSetting{c675778 com.android.carrierconfig.auto_generated_rro_vendor__/10085} BLOCKED
06-29 09:07:26.331 I/AppsFilter(  606): interaction: PackageSetting{85886b8 com.davidsanchez.vivopromotor/10209} -> PackageSetting{376fe51 com.google.android.server.deviceconfig.resources/10208} BLOCKED
06-29 09:07:26.331 I/AppsFilter(  606): interaction: PackageSetting{85886b8 com.davidsanchez.vivopromotor/10209} -> PackageSetting{ecd26b6 com.android.systemui.emulation.pixel_3_xl/10054} BLOCKED
06-29 09:07:26.331 I/AppsFilter(  606): interaction: PackageSetting{85886b8 com.davidsanchez.vivopromotor/10209} -> PackageSetting{5e91fb7 com.android.systemui.emulation.pixel_4_xl/10058} BLOCKED
06-29 09:07:26.331 I/AppsFilter(  606): interaction: PackageSetting{85886b8 com.davidsanchez.vivopromotor/10209} -> PackageSetting{a767324 com.android.systemui.emulation.pixel_fold/10074} BLOCKED
06-29 09:07:26.331 I/AppsFilter(  606): interaction: PackageSetting{85886b8 com.davidsanchez.vivopromotor/10209} -> PackageSetting{d5c2e8d com.android.providers.telephony.auto_generated_characteristics_rro/10079} BLOCKED
06-29 09:07:26.331 I/AppsFilter(  606): interaction: PackageSetting{85886b8 com.davidsanchez.vivopromotor/10209} -> PackageSetting{47cf842 com.android.simappdialog.auto_generated_rro_product__/10051} BLOCKED
06-29 09:07:26.331 I/AppsFilter(  606): interaction: PackageSetting{85886b8 com.davidsanchez.vivopromotor/10209} -> PackageSetting{1e60053 com.android.htmlviewer/10121} BLOCKED
06-29 09:07:26.331 I/AppsFilter(  606): interaction: PackageSetting{85886b8 com.davidsanchez.vivopromotor/10209} -> PackageSetting{6399d90 com.google.android.health.connect.backuprestore/10206} BLOCKED
06-29 09:07:26.331 I/AppsFilter(  606): interaction: PackageSetting{85886b8 com.davidsanchez.vivopromotor/10209} -> PackageSetting{1ea2689 com.android.systemui.auto_generated_rro_product__/10075} BLOCKED
06-29 09:07:26.331 I/AppsFilter(  606): interaction: PackageSetting{85886b8 com.davidsanchez.vivopromotor/10209} -> PackageSetting{f66568e com.google.android.apps.messaging/10142} BLOCKED
06-29 09:07:26.331 I/AppsFilter(  606): interaction: PackageSetting{85886b8 com.davidsanchez.vivopromotor/10209} -> PackageSetting{cc64eaf com.google.android.soundpicker/10163} BLOCKED
06-29 09:07:26.331 I/AppsFilter(  606): interaction: PackageSetting{85886b8 com.davidsanchez.vivopromotor/10209} -> PackageSetting{6c302bc com.google.android.marvin.talkbackoverlay/10086} BLOCKED
06-29 09:07:26.331 I/AppsFilter(  606): interaction: PackageSetting{85886b8 com.davidsanchez.vivopromotor/10209} -> PackageSetting{545a245 com.google.android.configupdater/10128} BLOCKED
06-29 09:07:26.331 I/AppsFilter(  606): interaction: PackageSetting{85886b8 com.davidsanchez.vivopromotor/10209} -> PackageSetting{c754d9a com.android.internal.emulation.pixel_3a_xl/10016} BLOCKED
06-29 09:07:26.331 I/AppsFilter(  606): interaction: PackageSetting{85886b8 com.davidsanchez.vivopromotor/10209} -> PackageSetting{ab326cb com.android.internal.emulation.pixel_6_pro/10019} BLOCKED
06-29 09:07:26.332 I/AppsFilter(  606): interaction: PackageSetting{85886b8 com.davidsanchez.vivopromotor/10209} -> PackageSetting{1b8ea8 com.android.internal.emulation.pixel_7_pro/10022} BLOCKED
06-29 09:07:26.332 I/AppsFilter(  606): interaction: PackageSetting{85886b8 com.davidsanchez.vivopromotor/10209} -> PackageSetting{f231dc1 com.android.internal.emulation.pixel_8_pro/10027} BLOCKED
06-29 09:07:26.332 I/AppsFilter(  606): interaction: PackageSetting{85886b8 com.davidsanchez.vivopromotor/10209} -> PackageSetting{94aa966 com.android.internal.emulation.pixel_9_pro/10029} BLOCKED
06-29 09:07:26.332 I/AppsFilter(  606): interaction: PackageSetting{85886b8 com.davidsanchez.vivopromotor/10209} -> PackageSetting{f4b64a7 com.android.internal.emulation.pixel_3a/10012} BLOCKED
06-29 09:07:26.332 I/AppsFilter(  606): interaction: PackageSetting{85886b8 com.davidsanchez.vivopromotor/10209} -> PackageSetting{beeed54 com.android.internal.emulation.pixel_4a/10017} BLOCKED
06-29 09:07:26.332 I/AppsFilter(  606): interaction: PackageSetting{85886b8 com.davidsanchez.vivopromotor/10209} -> PackageSetting{402d4fd com.android.internal.emulation.pixel_6a/10025} BLOCKED
06-29 09:07:26.332 I/AppsFilter(  606): interaction: PackageSetting{85886b8 com.davidsanchez.vivopromotor/10209} -> PackageSetting{ac7f5f2 com.android.internal.emulation.pixel_7a/10028} BLOCKED
06-29 09:07:26.332 I/AppsFilter(  606): interaction: PackageSetting{85886b8 com.davidsanchez.vivopromotor/10209} -> PackageSetting{f3fa443 com.android.internal.emulation.pixel_8a/10032} BLOCKED
06-29 09:07:26.332 I/AppsFilter(  606): interaction: PackageSetting{85886b8 com.davidsanchez.vivopromotor/10209} -> PackageSetting{f78ac0 com.google.android.overlay.googlewebview/10037} BLOCKED
06-29 09:07:26.332 I/AppsFilter(  606): interaction: PackageSetting{85886b8 com.davidsanchez.vivopromotor/10209} -> PackageSetting{62cc3f9 com.google.android.apps.safetyhub/10139} BLOCKED
06-29 09:07:26.332 I/AppsFilter(  606): interaction: PackageSetting{85886b8 com.davidsanchez.vivopromotor/10209} -> PackageSetting{5b7f3e com.google.android.hotspot2.osulogin/10202} BLOCKED
06-29 09:07:26.332 I/AppsFilter(  606): interaction: PackageSetting{85886b8 com.davidsanchez.vivopromotor/10209} -> PackageSetting{fae419f com.android.simappdialog/10125} BLOCKED
06-29 09:07:26.332 I/AppsFilter(  606): interaction: PackageSetting{85886b8 com.davidsanchez.vivopromotor/10209} -> PackageSetting{52a92ec com.android.internal.display.cutout.emulation.hole/10008} BLOCKED
06-29 09:07:26.332 I/AppsFilter(  606): interaction: PackageSetting{85886b8 com.davidsanchez.vivopromotor/10209} -> PackageSetting{a6ca6b5 com.android.internal.display.cutout.emulation.tall/10011} BLOCKED
06-29 09:07:26.332 I/AppsFilter(  606): interaction: PackageSetting{85886b8 com.davidsanchez.vivopromotor/10209} -> PackageSetting{c514a com.android.internal.systemui.navbar.threebutton/10047} BLOCKED
06-29 09:07:26.332 I/AppsFilter(  606): interaction: PackageSetting{85886b8 com.davidsanchez.vivopromotor/10209} -> PackageSetting{f3f58bb com.android.camera2/10147} BLOCKED
06-29 09:07:26.332 I/AppsFilter(  606): interaction: PackageSetting{85886b8 com.davidsanchez.vivopromotor/10209} -> PackageSetting{6a3f1d8 com.android.internal.ranchu.commonoverlay/10049} BLOCKED
06-29 09:07:26.332 I/AppsFilter(  606): interaction: PackageSetting{85886b8 com.davidsanchez.vivopromotor/10209} -> PackageSetting{c8df931 com.android.systemui.auto_generated_rro_vendor__/10090} BLOCKED
06-29 09:07:26.333 I/AppsFilter(  606): interaction: PackageSetting{85886b8 com.davidsanchez.vivopromotor/10209} -> PackageSetting{18643b8 com.google.android.deskclock/10157} BLOCKED
06-29 09:07:26.333 I/AppsFilter(  606): interaction: PackageSetting{85886b8 com.davidsanchez.vivopromotor/10209} -> PackageSetting{500c597 com.android.internal.systemui.navbar.twobutton/10045} BLOCKED
06-29 09:07:26.334 I/AppsFilter(  606): interaction: PackageSetting{85886b8 com.davidsanchez.vivopromotor/10209} -> PackageSetting{7525384 com.google.android.as/10137} BLOCKED
06-29 09:07:26.334 I/AppsFilter(  606): interaction: PackageSetting{85886b8 com.davidsanchez.vivopromotor/10209} -> PackageSetting{f97f76d com.google.android.gm/10168} BLOCKED
06-29 09:07:26.334 I/AppsFilter(  606): interaction: PackageSetting{85886b8 com.davidsanchez.vivopromotor/10209} -> PackageSetting{c65bfa2 com.android.compos.payload/10192} BLOCKED
06-29 09:07:26.334 I/AppsFilter(  606): interaction: PackageSetting{85886b8 com.davidsanchez.vivopromotor/10209} -> PackageSetting{1022433 com.android.systemui.emulation.pixel_3/10053} BLOCKED
06-29 09:07:26.334 I/AppsFilter(  606): interaction: PackageSetting{85886b8 com.davidsanchez.vivopromotor/10209} -> PackageSetting{76323f0 com.android.systemui.emulation.pixel_4/10057} BLOCKED
06-29 09:07:26.334 I/AppsFilter(  606): interaction: PackageSetting{85886b8 com.davidsanchez.vivopromotor/10209} -> PackageSetting{5c99d69 com.android.systemui.emulation.pixel_5/10064} BLOCKED
06-29 09:07:26.334 I/AppsFilter(  606): interaction: PackageSetting{85886b8 com.davidsanchez.vivopromotor/10209} -> PackageSetting{d0433ee com.android.systemui.emulation.pixel_6/10060} BLOCKED
06-29 09:07:26.334 I/AppsFilter(  606): interaction: PackageSetting{85886b8 com.davidsanchez.vivopromotor/10209} -> PackageSetting{ab0d08f com.android.systemui.emulation.pixel_7/10061} BLOCKED
06-29 09:07:26.334 I/AppsFilter(  606): interaction: PackageSetting{85886b8 com.davidsanchez.vivopromotor/10209} -> PackageSetting{a6e8f1c com.android.systemui.emulation.pixel_8/10067} BLOCKED
06-29 09:07:26.334 I/AppsFilter(  606): interaction: PackageSetting{85886b8 com.davidsanchez.vivopromotor/10209} -> PackageSetting{c55a725 com.android.systemui.emulation.pixel_9/10070} BLOCKED
06-29 09:07:26.334 I/AppsFilter(  606): interaction: PackageSetting{85886b8 com.davidsanchez.vivopromotor/10209} -> PackageSetting{503a0fa com.android.printspooler/10124} BLOCKED
06-29 09:07:26.334 I/AppsFilter(  606): interaction: PackageSetting{85886b8 com.davidsanchez.vivopromotor/10209} -> PackageSetting{8f3e6ab com.google.android.connectivity.resources.goldfish.overlay/10088} BLOCKED
06-29 09:07:26.334 I/AppsFilter(  606): interaction: PackageSetting{85886b8 com.davidsanchez.vivopromotor/10209} -> PackageSetting{3638108 com.android.dreams.basic/10113} BLOCKED
06-29 09:07:26.334 I/AppsFilter(  606): interaction: PackageSetting{85886b8 com.davidsanchez.vivopromotor/10209} -> PackageSetting{6de90a1 com.google.android.networkstack.tethering.emulator/10038} BLOCKED
06-29 09:07:26.334 I/AppsFilter(  606): interaction: PackageSetting{85886b8 com.davidsanchez.vivopromotor/10209} -> PackageSetting{a5ad2c6 com.android.providers.settings.auto_generated_rro_product__/10050} BLOCKED
06-29 09:07:26.334 I/AppsFilter(  606): interaction: PackageSetting{85886b8 com.davidsanchez.vivopromotor/10209} -> PackageSetting{333a5b4 com.google.android.as.oss/10130} BLOCKED
06-29 09:07:26.334 I/AppsFilter(  606): interaction: PackageSetting{85886b8 com.davidsanchez.vivopromotor/10209} -> PackageSetting{6b295dd com.android.traceur.auto_generated_rro_product__/10081} BLOCKED
06-29 09:07:26.335 I/AppsFilter(  606): interaction: PackageSetting{85886b8 com.davidsanchez.vivopromotor/10209} -> PackageSetting{9a15552 com.android.internal.emulation.pixel_9_pro_fold/10035} BLOCKED
06-29 09:07:26.335 I/AppsFilter(  606): interaction: PackageSetting{85886b8 com.davidsanchez.vivopromotor/10209} -> PackageSetting{11c8023 com.google.android.devicelockcontroller/10207} BLOCKED
06-29 09:07:26.335 I/AppsFilter(  606): interaction: PackageSetting{85886b8 com.davidsanchez.vivopromotor/10209} -> PackageSetting{63f6920 com.google.android.dialer/10138} BLOCKED
06-29 09:07:26.335 I/AppsFilter(  606): interaction: PackageSetting{85886b8 com.davidsanchez.vivopromotor/10209} -> PackageSetting{9c7b2d9 com.android.internal.emulation.pixel_3/10014} BLOCKED
06-29 09:07:26.335 I/AppsFilter(  606): interaction: PackageSetting{85886b8 com.davidsanchez.vivopromotor/10209} -> PackageSetting{f5b749e com.android.internal.emulation.pixel_4/10018} BLOCKED
06-29 09:07:26.335 I/AppsFilter(  606): interaction: PackageSetting{85886b8 com.davidsanchez.vivopromotor/10209} -> PackageSetting{7acfb7f com.android.internal.emulation.pixel_5/10023} BLOCKED
06-29 09:07:26.335 I/AppsFilter(  606): interaction: PackageSetting{85886b8 com.davidsanchez.vivopromotor/10209} -> PackageSetting{c81f74c com.android.internal.emulation.pixel_6/10020} BLOCKED
06-29 09:07:26.335 I/AppsFilter(  606): interaction: PackageSetting{85886b8 com.davidsanchez.vivopromotor/10209} -> PackageSetting{d77a395 com.android.internal.emulation.pixel_7/10024} BLOCKED
06-29 09:07:26.335 I/AppsFilter(  606): interaction: PackageSetting{85886b8 com.davidsanchez.vivopromotor/10209} -> PackageSetting{a063caa com.android.internal.emulation.pixel_8/10026} BLOCKED
06-29 09:07:26.335 I/AppsFilter(  606): interaction: PackageSetting{85886b8 com.davidsanchez.vivopromotor/10209} -> PackageSetting{9fd09b com.android.internal.emulation.pixel_9/10030} BLOCKED
06-29 09:07:26.335 I/AppsFilter(  606): interaction: PackageSetting{85886b8 com.davidsanchez.vivopromotor/10209} -> PackageSetting{87d3c38 com.google.android.captiveportallogin/10115} BLOCKED
06-29 09:07:26.335 I/AppsFilter(  606): interaction: PackageSetting{85886b8 com.davidsanchez.vivopromotor/10209} -> PackageSetting{fbe411 android.auto_generated_characteristics_rro/10083} BLOCKED
06-29 09:07:26.335 I/AppsFilter(  606): interaction: PackageSetting{85886b8 com.davidsanchez.vivopromotor/10209} -> PackageSetting{e37976 com.google.android.appsearch.apk/10191} BLOCKED
06-29 09:07:26.335 I/AppsFilter(  606): interaction: PackageSetting{85886b8 com.davidsanchez.vivopromotor/10209} -> PackageSetting{720db77 com.android.musicfx/10105} BLOCKED
06-29 09:07:26.335 I/AppsFilter(  606): interaction: PackageSetting{85886b8 com.davidsanchez.vivopromotor/10209} -> PackageSetting{e5e3e4 com.google.android.apps.docs/10151} BLOCKED
06-29 09:07:26.335 I/AppsFilter(  606): interaction: PackageSetting{85886b8 com.davidsanchez.vivopromotor/10209} -> PackageSetting{7af9f43 com.google.android.apps.maps/10156} BLOCKED
06-29 09:07:26.335 I/AppsFilter(  606): interaction: PackageSetting{85886b8 com.davidsanchez.vivopromotor/10209} -> PackageSetting{3a9b04d com.google.android.markup/10154} BLOCKED
06-29 09:07:26.335 I/AppsFilter(  606): interaction: PackageSetting{85886b8 com.davidsanchez.vivopromotor/10209} -> PackageSetting{b85b702 com.google.android.rkpdapp/10200} BLOCKED
06-29 09:07:26.335 I/AppsFilter(  606): interaction: PackageSetting{85886b8 com.davidsanchez.vivopromotor/10209} -> PackageSetting{33db813 com.google.android.contacts/10149} BLOCKED
06-29 09:07:26.335 I/AppsFilter(  606): interaction: PackageSetting{85886b8 com.davidsanchez.vivopromotor/10209} -> PackageSetting{10f5a50 com.android.server.telecom.auto_generated_rro_product__/10078} BLOCKED
06-29 09:07:26.335 I/AppsFilter(  606): interaction: PackageSetting{85886b8 com.davidsanchez.vivopromotor/10209} -> PackageSetting{aee0449 com.android.phone.auto_generated_characteristics_rro/10076} BLOCKED
06-29 09:07:26.335 I/AppsFilter(  606): interaction: PackageSetting{85886b8 com.davidsanchez.vivopromotor/10209} -> PackageSetting{61c414e com.google.android.overlay.googleconfig/10034} BLOCKED
06-29 09:07:26.335 I/AppsFilter(  606): interaction: PackageSetting{85886b8 com.davidsanchez.vivopromotor/10209} -> PackageSetting{d0ef4d1 com.android.chrome/10146} BLOCKED
06-29 09:07:26.336 I/AppsFilter(  606): interaction: PackageSetting{85886b8 com.davidsanchez.vivopromotor/10209} -> PackageSetting{417cb7c com.android.bips.auto_generated_rro_product__/10003} BLOCKED
06-29 09:07:26.336 I/AppsFilter(  606): interaction: PackageSetting{85886b8 com.davidsanchez.vivopromotor/10209} -> PackageSetting{c099c05 com.google.android.apps.customization.pixel/10155} BLOCKED
06-29 09:07:26.336 I/AppsFilter(  606): interaction: PackageSetting{85886b8 com.davidsanchez.vivopromotor/10209} -> PackageSetting{e7f245a com.google.android.tag/10108} BLOCKED
06-29 09:07:26.336 I/AppsFilter(  606): interaction: PackageSetting{85886b8 com.davidsanchez.vivopromotor/10209} -> PackageSetting{d2168b com.google.android.overlay.permissioncontroller/10039} BLOCKED
06-29 09:07:26.336 I/AppsFilter(  606): interaction: PackageSetting{85886b8 com.davidsanchez.vivopromotor/10209} -> PackageSetting{2f5c5cc com.google.android.partnersetup/10135} BLOCKED
06-29 09:07:26.336 I/AppsFilter(  606): interaction: PackageSetting{85886b8 com.davidsanchez.vivopromotor/10209} -> PackageSetting{6d42368 com.google.android.apps.wallpaper.nexus/10153} BLOCKED
06-29 09:07:26.336 I/AppsFilter(  606): interaction: PackageSetting{85886b8 com.davidsanchez.vivopromotor/10209} -> PackageSetting{58cf381 com.google.android.apps.nexuslauncher/10176} BLOCKED
06-29 09:07:26.336 I/AppsFilter(  606): interaction: PackageSetting{85886b8 com.davidsanchez.vivopromotor/10209} -> PackageSetting{5fb2c26 com.android.theme.font.notoserifsource/10036} BLOCKED
06-29 09:07:26.336 I/AppsFilter(  606): interaction: PackageSetting{85886b8 com.davidsanchez.vivopromotor/10209} -> PackageSetting{ec99067 com.google.android.safetycenter.resources/10187} BLOCKED
06-29 09:07:26.336 I/AppsFilter(  606): interaction: PackageSetting{85886b8 com.davidsanchez.vivopromotor/10209} -> PackageSetting{c7c0e14 com.android.internal.display.cutout.emulation.waterfall/10010} BLOCKED
06-29 09:07:26.337 I/AppsFilter(  606): interaction: PackageSetting{85886b8 com.davidsanchez.vivopromotor/10209} -> PackageSetting{49446bd com.android.internal.systemui.navbar.transparent/10082} BLOCKED
06-29 09:07:26.337 I/AppsFilter(  606): interaction: PackageSetting{85886b8 com.davidsanchez.vivopromotor/10209} -> PackageSetting{3dde4b2 com.google.android.connectivity.resources/10196} BLOCKED
06-29 09:07:26.337 I/AppsFilter(  606): interaction: PackageSetting{85886b8 com.davidsanchez.vivopromotor/10209} -> PackageSetting{4d4cc03 com.android.providers.contacts.auto_generated_rro_product__/10005} BLOCKED
06-29 09:07:26.337 I/AppsFilter(  606): interaction: PackageSetting{85886b8 com.davidsanchez.vivopromotor/10209} -> PackageSetting{215f780 com.google.android.feedback/10172} BLOCKED
06-29 09:07:26.337 I/AppsFilter(  606): interaction: PackageSetting{85886b8 com.davidsanchez.vivopromotor/10209} -> PackageSetting{1c391b9 com.google.android.printservice.recommendation/10120} BLOCKED
06-29 09:07:26.337 I/AppsFilter(  606): interaction: PackageSetting{85886b8 com.davidsanchez.vivopromotor/10209} -> PackageSetting{4c199fe com.google.android.apps.photos/10164} BLOCKED
06-29 09:07:26.337 I/AppsFilter(  606): interaction: PackageSetting{85886b8 com.davidsanchez.vivopromotor/10209} -> PackageSetting{921afa7 com.google.android.calendar/10150} BLOCKED
06-29 09:07:26.337 I/AppsFilter(  606): interaction: PackageSetting{85886b8 com.davidsanchez.vivopromotor/10209} -> PackageSetting{bce255f com.google.android.documentsui/10100} BLOCKED
06-29 09:07:26.337 I/AppsFilter(  606): interaction: PackageSetting{85886b8 com.davidsanchez.vivopromotor/10209} -> PackageSetting{ca30bac com.android.systemui.emulation.pixel_3a_xl/10056} BLOCKED
06-29 09:07:26.337 I/AppsFilter(  606): interaction: PackageSetting{85886b8 com.davidsanchez.vivopromotor/10209} -> PackageSetting{2029075 com.android.systemui.emulation.pixel_6_pro/10062} BLOCKED
06-29 09:07:26.337 I/AppsFilter(  606): interaction: PackageSetting{85886b8 com.davidsanchez.vivopromotor/10209} -> PackageSetting{299580a com.android.systemui.emulation.pixel_7_pro/10065} BLOCKED
06-29 09:07:26.337 I/AppsFilter(  606): interaction: PackageSetting{85886b8 com.davidsanchez.vivopromotor/10209} -> PackageSetting{5d9b87b com.android.systemui.emulation.pixel_8_pro/10068} BLOCKED
06-29 09:07:26.337 I/AppsFilter(  606): interaction: PackageSetting{85886b8 com.davidsanchez.vivopromotor/10209} -> PackageSetting{e0b3698 com.android.systemui.emulation.pixel_9_pro/10073} BLOCKED
06-29 09:07:26.337 I/AppsFilter(  606): interaction: PackageSetting{85886b8 com.davidsanchez.vivopromotor/10209} -> PackageSetting{6f8bef1 com.android.carrierconfig.auto_generated_rro_product__/10002} BLOCKED
06-29 09:07:26.337 I/AppsFilter(  606): interaction: PackageSetting{85886b8 com.davidsanchez.vivopromotor/10209} -> PackageSetting{17cead6 com.android.devicediagnostics.auto_generated_rro_product__/10006} BLOCKED
06-29 09:07:26.337 I/AppsFilter(  606): interaction: PackageSetting{85886b8 com.davidsanchez.vivopromotor/10209} -> PackageSetting{9416157 com.android.providers.partnerbookmarks/10123} BLOCKED
06-29 09:07:26.337 I/AppsFilter(  606): interaction: PackageSetting{85886b8 com.davidsanchez.vivopromotor/10209} -> PackageSetting{cc92444 com.android.wallpaper.livepicker/10103} BLOCKED
06-29 09:07:26.337 I/AppsFilter(  606): interaction: PackageSetting{85886b8 com.davidsanchez.vivopromotor/10209} -> PackageSetting{b49592d com.android.providers.telephony.auto_generated_rro_product__/10080} BLOCKED
06-29 09:07:26.338 I/AppsFilter(  606): interaction: PackageSetting{85886b8 com.davidsanchez.vivopromotor/10209} -> PackageSetting{d34de62 com.android.phone.auto_generated_rro_vendor__/10089} BLOCKED
06-29 09:07:26.338 I/AppsFilter(  606): interaction: PackageSetting{85886b8 com.davidsanchez.vivopromotor/10209} -> PackageSetting{d10bbf3 com.android.imsserviceentitlement/10132} BLOCKED
06-29 09:07:26.338 I/AppsFilter(  606): interaction: PackageSetting{85886b8 com.davidsanchez.vivopromotor/10209} -> PackageSetting{a5640b0 com.android.internal.emulation.pixel_9_pro_xl/10033} BLOCKED
06-29 09:07:26.338 I/AppsFilter(  606): interaction: PackageSetting{85886b8 com.davidsanchez.vivopromotor/10209} -> PackageSetting{68f5b29 com.google.android.healthconnect.controller/10205} BLOCKED
06-29 09:07:26.339 I/AppsFilter(  606): interaction: PackageSetting{85886b8 com.davidsanchez.vivopromotor/10209} -> PackageSetting{3867eae com.android.internal.emulation.pixel_2_xl/10013} BLOCKED
06-29 09:07:26.339 I/AppsFilter(  606): interaction: PackageSetting{85886b8 com.davidsanchez.vivopromotor/10209} -> PackageSetting{371244f com.android.internal.emulation.pixel_3_xl/10015} BLOCKED
06-29 09:07:26.339 I/AppsFilter(  606): interaction: PackageSetting{85886b8 com.davidsanchez.vivopromotor/10209} -> PackageSetting{456b7dc com.android.internal.emulation.pixel_4_xl/10021} BLOCKED
06-29 09:07:26.339 I/AppsFilter(  606): interaction: PackageSetting{85886b8 com.davidsanchez.vivopromotor/10209} -> PackageSetting{51980e5 com.android.internal.emulation.pixel_fold/10031} BLOCKED
