06-29 09:00:54.123  1326  1334 W .apps.wellbeing: ApkAssets: Deleting an ApkAssets object '<empty> and /system/priv-app/SoundPicker/SoundPicker.apk' with 1 weak references
06-29 09:00:54.123  1326  1334 W .apps.wellbeing: ApkAssets: Deleting an ApkAssets object '<empty> and /system/priv-app/DocumentsUIGoogle/DocumentsUIGoogle.apk' with 1 weak references
06-29 09:00:54.123  1326  1334 W .apps.wellbeing: ApkAssets: Deleting an ApkAssets object '<empty> and /product/app/PrebuiltGoogleTelemetryTvp/PrebuiltGoogleTelemetryTvp.apk' with 1 weak references
06-29 09:00:54.123  1326  1334 W .apps.wellbeing: ApkAssets: Deleting an ApkAssets object '<empty> and /system_ext/priv-app/MultiDisplayProvider/MultiDisplayProvider.apk' with 1 weak references
06-29 09:00:54.124  1326  1334 W .apps.wellbeing: ApkAssets: Deleting an ApkAssets object '<empty> and /system/priv-app/DeviceDiagnostics/DeviceDiagnostics.apk' with 1 weak references
06-29 09:00:54.124  1326  1334 W .apps.wellbeing: ApkAssets: Deleting an ApkAssets object '/product/overlay/DeviceDiagnostics__sdk_gphone64_x86_64__auto_generated_rro_product.apk' with 1 weak references
06-29 09:00:54.124  1326  1334 W .apps.wellbeing: ApkAssets: Deleting an ApkAssets object '<empty> and /product/overlay/NotesRoleEnabled/NotesRoleEnabledOverlay.apk' with 1 weak references
06-29 09:00:54.124  1326  1334 W .apps.wellbeing: ApkAssets: Deleting an ApkAssets object '<empty> and /system/priv-app/LiveWallpapersPicker/LiveWallpapersPicker.apk' with 1 weak references
06-29 09:00:54.124  1326  1334 W .apps.wellbeing: ApkAssets: Deleting an ApkAssets object '<empty> and /product/app/PrebuiltGoogleAdservicesTvp/PrebuiltGoogleAdservicesTvp.apk' with 1 weak references
06-29 09:00:54.124  1326  1334 W .apps.wellbeing: ApkAssets: Deleting an ApkAssets object '<empty> and /apex/com.android.healthfitness/priv-app/HealthConnectControllerGoogle@350820300/HealthConnectControllerGoogle.apk' with 1 weak references
06-29 09:00:54.124  1326  1334 W .apps.wellbeing: ApkAssets: Deleting an ApkAssets object '<empty> and /product/priv-app/KidsSupervisionStub/KidsSupervisionStub.apk' with 1 weak references
06-29 09:00:54.124  1326  1334 W .apps.wellbeing: ApkAssets: Deleting an ApkAssets object '<empty> and /system_ext/priv-app/StorageManager/StorageManager.apk' with 1 weak references
06-29 09:00:54.125  1326  1334 W .apps.wellbeing: ApkAssets: Deleting an ApkAssets object '/product/overlay/StorageManager__sdk_gphone64_x86_64__auto_generated_rro_product.apk' with 1 weak references
06-29 09:00:54.125  1326  1334 W .apps.wellbeing: ApkAssets: Deleting an ApkAssets object '<empty> and /system/app/BookmarkProvider/BookmarkProvider.apk' with 1 weak references
06-29 09:00:54.125  1326  1334 W .apps.wellbeing: ApkAssets: Deleting an ApkAssets object '<empty> and /system_ext/priv-app/SettingsGoogle/SettingsGoogle.apk' with 1 weak references
06-29 09:00:54.125  1326  1334 W .apps.wellbeing: ApkAssets: Deleting an ApkAssets object '/product/overlay/SettingsGoogle__sdk_gphone64_x86_64__auto_generated_rro_product.apk' with 1 weak references
06-29 09:00:54.126  1326  1334 W .apps.wellbeing: ApkAssets: Deleting an ApkAssets object '<empty> and /product/priv-app/SettingsIntelligenceGooglePrebuilt/SettingsIntelligenceGooglePrebuilt.apk' with 1 weak references
06-29 09:00:54.126  1326  1334 W .apps.wellbeing: ApkAssets: Deleting an ApkAssets object '<empty> and /apex/com.android.uwb/priv-app/ServiceUwbResourcesGoogle@350820300/ServiceUwbResourcesGoogle.apk' with 1 weak references
06-29 09:00:54.126  1326  1334 W .apps.wellbeing: ApkAssets: Deleting an ApkAssets object '<empty> and /apex/com.android.wifi/priv-app/ServiceWifiResourcesGoogle@350820300/ServiceWifiResourcesGoogle.apk' with 1 weak references
06-29 09:00:54.127  1326  1334 W .apps.wellbeing: ApkAssets: Deleting an ApkAssets object '<empty> and /system_ext/priv-app/ThemePicker/ThemePicker.apk' with 1 weak references
06-29 09:00:54.127  1326  1334 W .apps.wellbeing: ApkAssets: Deleting an ApkAssets object '<empty> and /system_ext/priv-app/WallpaperPickerGoogleRelease/WallpaperPickerGoogleRelease.apk' with 1 weak references
06-29 09:00:54.127  1326  1334 W .apps.wellbeing: ApkAssets: Deleting an ApkAssets object '<empty> and /product/priv-app/OdadPrebuilt/OdadPrebuilt.apk' with 1 weak references
06-29 09:00:54.127  1326  1334 W .apps.wellbeing: ApkAssets: Deleting an ApkAssets object '<empty> and /system/priv-app/TeleService/TeleService.apk' with 1 weak references
06-29 09:00:54.128  1326  1334 W .apps.wellbeing: ApkAssets: Deleting an ApkAssets object '/vendor/overlay/TeleService__sdk_gphone64_x86_64__auto_generated_rro_vendor.apk' with 1 weak references
06-29 09:00:54.128  1326  1334 W .apps.wellbeing: ApkAssets: Deleting an ApkAssets object '/product/overlay/TeleService__sdk_gphone64_x86_64__auto_generated_rro_product.apk' with 1 weak references
06-29 09:00:54.128  1326  1334 W .apps.wellbeing: ApkAssets: Deleting an ApkAssets object '<empty> and /system/priv-app/Shell/Shell.apk' with 1 weak references
06-29 09:00:54.128  1326  1334 W .apps.wellbeing: ApkAssets: Deleting an ApkAssets object '<empty> and /system/priv-app/BlockedNumberProvider/BlockedNumberProvider.apk' with 1 weak references
06-29 09:00:54.128  1326  1334 W .apps.wellbeing: ApkAssets: Deleting an ApkAssets object '<empty> and /system/priv-app/UserDictionaryProvider/UserDictionaryProvider.apk' with 1 weak references
06-29 09:00:54.128  1326  1334 W .apps.wellbeing: ApkAssets: Deleting an ApkAssets object '<empty> and /system_ext/app/EmergencyInfoGoogleNoUi/EmergencyInfoGoogleNoUi.apk' with 1 weak references
06-29 09:00:54.128  1326  1334 W .apps.wellbeing: ApkAssets: Deleting an ApkAssets object '<empty> and /product/overlay/NavigationBarModeGestural/NavigationBarModeGesturalOverlay.apk' with 1 weak references
06-29 09:00:54.129  1326  1334 W .apps.wellbeing: ApkAssets: Deleting an ApkAssets object '<empty> and /system/priv-app/FusedLocation/FusedLocation.apk' with 1 weak references
06-29 09:00:54.129  1326  1334 W .apps.wellbeing: ApkAssets: Deleting an ApkAssets object '<empty> and /system_ext/priv-app/SystemUIGoogle/SystemUIGoogle.apk' with 1 weak references
06-29 09:00:54.129  1326  1334 W .apps.wellbeing: ApkAssets: Deleting an ApkAssets object '/vendor/overlay/SystemUIGoogle__sdk_gphone64_x86_64__auto_generated_rro_vendor.apk' with 1 weak references
06-29 09:00:54.129  1326  1334 W .apps.wellbeing: ApkAssets: Deleting an ApkAssets object '/product/overlay/SystemUIGoogle__sdk_gphone64_x86_64__auto_generated_rro_product.apk' with 1 weak references
06-29 09:00:54.129  1326  1334 W .apps.wellbeing: ApkAssets: Deleting an ApkAssets object '/product/overlay/SystemUIEmulationPixel9Pro/SystemUIEmulationPixel9ProOverlay.apk' with 1 weak references
06-29 09:00:54.129  1326  1334 W .apps.wellbeing: ApkAssets: Deleting an ApkAssets object '<empty> and /product/app/YouTubeMusicPrebuilt/YouTubeMusicPrebuilt.apk' with 1 weak references
06-29 09:00:54.129  1326  1334 W .apps.wellbeing: ApkAssets: Deleting an ApkAssets object '<empty> and /system/app/BluetoothMidiService/BluetoothMidiService.apk' with 1 weak references
06-29 09:00:54.130  1326  1334 W .apps.wellbeing: ApkAssets: Deleting an ApkAssets object '<empty> and /system/app/Traceur/Traceur.apk' with 1 weak references
06-29 09:00:54.130  1326  1334 W .apps.wellbeing: ApkAssets: Deleting an ApkAssets object '<empty> and /apex/com.android.cellbroadcast/priv-app/GoogleCellBroadcastApp@350820300/GoogleCellBroadcastApp.apk' with 1 weak references
06-29 09:00:54.131  1326  1334 W .apps.wellbeing: ApkAssets: Deleting an ApkAssets object '<empty> and /system/priv-app/ContactsProvider/ContactsProvider.apk' with 1 weak references
06-29 09:00:54.131  1326  1334 W .apps.wellbeing: ApkAssets: Deleting an ApkAssets object '/product/overlay/ContactsProvider__sdk_gphone64_x86_64__auto_generated_rro_product.apk' with 1 weak references
06-29 09:00:54.131  1326  1334 W .apps.wellbeing: ApkAssets: Deleting an ApkAssets object '<empty> and /product/app/LatinIMEGooglePrebuilt/LatinIMEGooglePrebuilt.apk' with 1 weak references
06-29 09:00:54.131  1326  1334 W .apps.wellbeing: ApkAssets: Deleting an ApkAssets object '<empty> and /product/priv-app/GoogleRestorePrebuilt-v526684/GoogleRestorePrebuilt-v526684.apk' with 1 weak references
06-29 09:00:54.702 14702 14718 D EGL_emulation: app_time_stats: avg=410.88ms min=118.69ms max=988.04ms count=3
06-29 09:00:55.271 14702 14707 I ez.vivopromotor: Compiler allocated 5174KB to compile void android.view.ViewRootImpl.performTraversals()
06-29 09:00:55.815 14743 14771 I chromium: [INFO:document_style_environment_variables.cc(104)] E2E_Used SafeAreaInsetBottom
06-29 09:00:55.927 14702 14702 E Capacitor/Console: File:  - Line 827 - Msg: TypeError: Cannot read properties of undefined (reading 'map')
06-29 09:00:55.937 14702 14702 E Capacitor/Console: File: https://localhost/assets/index-5C9eOEpu.js - Line 98 - Msg: Uncaught TypeError: Cannot read properties of undefined (reading 'map')
06-29 09:00:55.942 14702 14741 D Capacitor: Handling local request: https://localhost/favicon.ico
06-29 09:00:55.953 14702 14702 E Capacitor: JavaScript Error: {"type":"js.error","error":{"message":"Uncaught TypeError: Cannot read properties of undefined (reading 'map')","url":"https://localhost/assets/index-5C9eOEpu.js","line":98,"col":43937,"errorObject":"{}"}}
06-29 09:00:55.965 14743 14771 I chromium: [INFO:document_style_environment_variables.cc(104)] E2E_Used SafeAreaInsetBottom
06-29 09:00:55.997 14831 14831 W BpBinder: Linking to death on android.gui.ISurfaceComposer but there are no threads (yet?) listening to incoming transactions. See ProcessState::startThreadPool and ProcessState::setThreadPoolMaxThreadCount. Generally you should setup the binder threadpool before other initialization steps.
06-29 09:00:55.998 14831 14831 W ProcessState: Extra binder thread started, but 0 threads requested. Do not use *startThreadPool when zero threads are requested.
06-29 09:00:56.039   174   174 I hwservicemanager: getTransport: Cannot find entry android.hardware.graphics.mapper@4.0::IMapper/default in either framework or device VINTF manifest.
06-29 09:00:56.039 14831 14835 I Gralloc4: mapper 4.x is not supported
06-29 09:00:56.326 14743 14771 I chromium: [INFO:document_style_environment_variables.cc(104)] E2E_Used SafeAreaInsetBottom
06-29 09:00:56.326 14702 14718 D EGL_emulation: app_time_stats: avg=92.93ms min=1.63ms max=1341.33ms count=16
06-29 09:00:56.665 14838 14838 D AndroidRuntime: >>>>>> START com.android.internal.os.RuntimeInit uid 2000 <<<<<<
06-29 09:00:56.674 14838 14838 I AndroidRuntime: Using default boot image
06-29 09:00:56.674 14838 14838 I AndroidRuntime: Leaving lock profiling enabled
06-29 09:00:56.679 14702 14839 D ProfileInstaller: Installing profile for com.davidsanchez.vivopromotor
06-29 09:00:56.693 14838 14838 I app_process: Using CollectorTypeCMC GC.
06-29 09:00:57.103 14838 14838 D nativeloader: InitDefaultPublicLibraries for_preload=1: libandroid.so:libaaudio.so:libamidi.so:libbinder_ndk.so:libc.so:libcamera2ndk.so:libdl.so:libEGL.so:libGLESv1_CM.so:libGLESv2.so:libGLESv3.so:libicu.so:libicui18n.so:libicuuc.so:libjnigraphics.so:liblog.so:libmediandk.so:libm.so:libnativehelper.so:libnativewindow.so:libOpenMAXAL.so:libOpenSLES.so:libRS.so:libstdc++.so:libsync.so:libvulkan.so:libwebviewchromium_plat_support.so:libz.so
06-29 09:00:57.146 14838 14838 D nativeloader: Load libicu_jni.so using APEX ns com_android_art for caller /apex/com.android.art/javalib/core-oj.jar: ok
06-29 09:00:57.146 14838 14838 D app_process: u_setTimeZoneFilesDirectory("/apex/com.android.tzdata/etc/tz/versioned/8/icu") succeeded. 
06-29 09:00:57.146 14838 14838 D app_process: I18n APEX ICU file found: /apex/com.android.i18n/etc/icu/icudt75l.dat
06-29 09:00:57.151 14838 14838 D nativeloader: Load libjavacore.so using APEX ns com_android_art for caller /apex/com.android.art/javalib/core-oj.jar: ok
06-29 09:00:57.159 14838 14838 D nativeloader: Load libopenjdk.so using APEX ns com_android_art for caller /apex/com.android.art/javalib/core-oj.jar: ok
06-29 09:00:57.165 14838 14838 W app_process: Unexpected CPU variant for x86: x86_64.
06-29 09:00:57.165 14838 14838 W app_process: Known variants: atom, sandybridge, silvermont, goldmont, goldmont-plus, goldmont-without-sha-xsaves, tremont, kabylake, default
06-29 09:00:57.178 14838 14838 W app_process: ClassLoaderContext shared library size mismatch. Expected=2, found=0 (PCL[]{PCL[/system/framework/android.test.base.jar*724373495]#PCL[/system/framework/android.test.mock.jar*1452759902]} | PCL[])
06-29 09:00:57.187 14838 14838 W app_process: ClassLoaderContext classpath size mismatch. expected=0, found=1 (PCL[]{PCL[/system/framework/android.test.runner.jar*2496447986]#PCL[/system/framework/android.test.base.jar*724373495]} | PCL[/system/framework/android.test.runner.jar*2496447986])
06-29 09:00:57.251 14838 14838 D nativeloader: Load libframework-connectivity-tiramisu-jni.so using APEX ns com_android_tethering for caller /apex/com.android.tethering/javalib/framework-connectivity-t.jar: ok
06-29 09:00:57.252 14838 14838 D AndroidRuntime: Calling main entry com.android.commands.uiautomator.Launcher
06-29 09:00:57.267 14838 14838 D UiAutomationConnection: Created on user UserHandle{0}
06-29 09:00:57.267 14838 14838 I UiAutomation: Initialized for user 0 on display 0
06-29 09:00:57.268 14838 14838 W UiAutomation: Created with deprecatead constructor, assumes DEFAULT_DISPLAY
06-29 09:00:57.273   606  1612 D AccessibilityManagerService: changeCurrentUserForTestAutomationIfNeededLocked(0): ignoring because device doesn't support visible background users
06-29 09:00:57.273   606  1612 I UiAutomationManager: Registering UiTestAutomationService (id=com.android.server.accessibility/UiAutomation, flags=0x0) when called by user 0
06-29 09:00:57.279   606  1612 W MagnificationConnectionManager: requestConnection duplicated request: connect=false, mConnectionState=DISCONNECTED
06-29 09:00:57.282  1440  1963 I AiAiEcho: Settings changed for uri: content://settings/secure/accessibility_enabled
06-29 09:00:57.283  1440  1769 I AiAiEcho: Predicting[0]:  [CONTEXT sampling_count=5 ]
06-29 09:00:57.283   606   606 W IPCThreadState: Sending oneway calls to frozen process.
06-29 09:00:57.283  1440  1769 I AiAiEcho: EchoTargets: 
06-29 09:00:57.283  1440  1769 I AiAiEcho: Filtered by AiAi flag check: 
06-29 09:00:57.283  1440  1769 I AiAiEcho: [CONTEXT ratelimit_period="10 SECONDS" ]
06-29 09:00:57.283   606   606 W IPCThreadState: Sending oneway calls to frozen process.
06-29 09:00:57.284   606   606 W IPCThreadState: Sending oneway calls to frozen process.
06-29 09:00:57.284   606   606 W IPCThreadState: Sending oneway calls to frozen process.
06-29 09:00:57.284   606   606 W IPCThreadState: Sending oneway calls to frozen process.
06-29 09:00:57.285   606   606 W IPCThreadState: Sending oneway calls to frozen process.
06-29 09:00:57.285  1440  1769 I AiAiEcho: Ranked targets strategy: SORT, count: 0, ranking metadata:  [CONTEXT ratelimit_period="10 SECONDS" ]
06-29 09:00:57.285  1440  1769 I AiAiEcho: #remoteViewsTwiddler: feature disabled.
06-29 09:00:57.286  1440  1769 I AiAiEcho: Predicting[0]:  [CONTEXT sampling_count=5 ]
06-29 09:00:57.287  1440  1769 I AiAiEcho: EchoTargets: 
06-29 09:00:57.287  1440  1769 I AiAiEcho: Filtered by AiAi flag check: 
06-29 09:00:57.287  1440  1769 I AiAiEcho: [CONTEXT ratelimit_period="10 SECONDS" ]
06-29 09:00:57.287  1440  1769 I AiAiEcho: Ranked targets strategy: SORT, count: 0, ranking metadata:  [CONTEXT ratelimit_period="10 SECONDS" ]
06-29 09:00:57.287  1440  1769 I AiAiEcho: #remoteViewsTwiddler: feature disabled.
06-29 09:00:57.287   606   606 W IPCThreadState: Sending oneway calls to frozen process.
06-29 09:00:57.288   606   606 W IPCThreadState: Sending oneway calls to frozen process.
06-29 09:00:57.288  1440  1769 I AiAiEcho: Predicting[0]:  [CONTEXT sampling_count=5 ]
06-29 09:00:57.288  1440  1769 I AiAiEcho: EchoTargets: 
06-29 09:00:57.288  1440  1769 I AiAiEcho: Filtered by AiAi flag check: 
06-29 09:00:57.288  1440  1769 I AiAiEcho: [CONTEXT ratelimit_period="10 SECONDS" ]
06-29 09:00:57.288  1440  1769 I AiAiEcho: Ranked targets strategy: SORT, count: 0, ranking metadata:  [CONTEXT ratelimit_period="10 SECONDS" ]
06-29 09:00:57.288  1440  1769 I AiAiEcho: #remoteViewsTwiddler: feature disabled.
06-29 09:00:57.289   606   606 W IPCThreadState: Sending oneway calls to frozen process.
06-29 09:00:57.292 14528 14633 I A       : NGA disabled since it's running Panthera and at least one a11y feature is on.
06-29 09:00:57.291   606   606 D BatterySaverPolicy: accessibility changed to true, updating policy.
06-29 09:00:57.292  1440  1769 I AiAiEcho: #postPredictionTargets: Sending updates to UISurface media_data_manager with targets# 0 (types=[])
06-29 09:00:57.293 14528 14633 I A       : (REDACTED) Nga state changed to %s
06-29 09:00:57.294 14528 14633 I A       : (REDACTED) isTngActive=%s
06-29 09:00:57.305  1440  1769 I AiAiEcho: #postPredictionTargets: Sending updates to UISurface home with targets# 0 (types=[])
06-29 09:00:57.306   846   846 D SsMediaDataProvider: Forwarding Smartspace updates []
06-29 09:00:57.307  1440  1769 I AiAiEcho: #postPredictionTargets: Sending updates to UISurface lockscreen with targets# 0 (types=[])
06-29 09:00:57.310  1067  1067 D SsBaseTemplateCard: No text view can be set up
06-29 09:00:57.311  1067  1067 D SsBaseTemplateCard: Passed-in item info is null
06-29 09:00:57.311  1067  1067 D SsBaseTemplateCard: Passed-in item info is null
06-29 09:00:57.311  1067  1067 D SsBaseTemplateCard: Passed-in item info is null
06-29 09:00:57.311  1067  1067 I SsBaseTemplateCard: Secondary card pane is null
06-29 09:00:57.314   606  1032 W MagnificationConnectionManager: requestConnection duplicated request: connect=false, mConnectionState=DISCONNECTED
06-29 09:00:57.315  1469  1852 I A       : (REDACTED) Nga on-device enabled based on TNG:MA active state: %b
06-29 09:00:57.316   606   606 W IPCThreadState: Sending oneway calls to frozen process.
06-29 09:00:57.316   606   606 W IPCThreadState: Sending oneway calls to frozen process.
06-29 09:00:57.320   606   606 W IPCThreadState: Sending oneway calls to frozen process.
06-29 09:00:57.323  1469  1852 I A       : (REDACTED) Nga on-device enabled based on TNG:MA active state: %b
06-29 09:00:57.323   606   606 W IPCThreadState: Sending oneway calls to frozen process.
06-29 09:00:57.324  1469  1852 I A       : Unsubscribed to apa or classic variant change.
06-29 09:00:57.324   606   606 W IPCThreadState: Sending oneway calls to frozen process.
06-29 09:00:57.325  1440  1963 I AiAiEcho: Settings changed for uri: content://settings/secure/accessibility_enabled
06-29 09:00:57.326   606   606 W IPCThreadState: Sending oneway calls to frozen process.
06-29 09:00:57.326  1440  1769 I AiAiEcho: Predicting[0]:  [CONTEXT sampling_count=5 ]
06-29 09:00:57.326  1440  1769 I AiAiEcho: EchoTargets: 
06-29 09:00:57.326  1440  1769 I AiAiEcho: Filtered by AiAi flag check: 
06-29 09:00:57.326  1440  1769 I AiAiEcho: [CONTEXT ratelimit_period="10 SECONDS" ]
06-29 09:00:57.327  1440  1769 I AiAiEcho: Ranked targets strategy: SORT, count: 0, ranking metadata:  [CONTEXT ratelimit_period="10 SECONDS" ]
06-29 09:00:57.327  1440  1769 I AiAiEcho: #remoteViewsTwiddler: feature disabled.
06-29 09:00:57.327  1440  1769 I AiAiEcho: Predicting[0]:  [CONTEXT sampling_count=5 ]
06-29 09:00:57.327  1440  1769 I AiAiEcho: EchoTargets: 
06-29 09:00:57.327  1440  1769 I AiAiEcho: Filtered by AiAi flag check: 
06-29 09:00:57.327  1440  1769 I AiAiEcho: [CONTEXT ratelimit_period="10 SECONDS" ]
06-29 09:00:57.327  1440  1769 I AiAiEcho: Ranked targets strategy: SORT, count: 0, ranking metadata:  [CONTEXT ratelimit_period="10 SECONDS" ]
06-29 09:00:57.327  1440  1769 I AiAiEcho: #remoteViewsTwiddler: feature disabled.
06-29 09:00:57.328  1440  1769 I AiAiEcho: Predicting[0]:  [CONTEXT sampling_count=5 ]
06-29 09:00:57.328  1440  1769 I AiAiEcho: EchoTargets: 
06-29 09:00:57.328  1440  1769 I AiAiEcho: Filtered by AiAi flag check: 
06-29 09:00:57.328  1440  1769 I AiAiEcho: [CONTEXT ratelimit_period="10 SECONDS" ]
06-29 09:00:57.328  1440  1769 I AiAiEcho: Ranked targets strategy: SORT, count: 0, ranking metadata:  [CONTEXT ratelimit_period="10 SECONDS" ]
06-29 09:00:57.328  1440  1769 I AiAiEcho: #remoteViewsTwiddler: feature disabled.
06-29 09:00:57.332  1440  1769 I AiAiEcho: #postPredictionTargets: Sending updates to UISurface media_data_manager with targets# 0 (types=[])
06-29 09:00:57.333  1440  1769 I AiAiEcho: #postPredictionTargets: Sending updates to UISurface home with targets# 0 (types=[])
06-29 09:00:57.333  1440  1769 I AiAiEcho: #postPredictionTargets: Sending updates to UISurface lockscreen with targets# 0 (types=[])
06-29 09:00:57.335   846   846 W PageIndicator: Total number of pages invalid: 0. Assuming 1 page.
06-29 09:00:57.335  1067  1067 D SsBaseTemplateCard: No text view can be set up
06-29 09:00:57.335  1067  1067 D SsBaseTemplateCard: Passed-in item info is null
06-29 09:00:57.335  1067  1067 D SsBaseTemplateCard: Passed-in item info is null
06-29 09:00:57.335  1067  1067 D SsBaseTemplateCard: Passed-in item info is null
06-29 09:00:57.335  1067  1067 I SsBaseTemplateCard: Secondary card pane is null
06-29 09:00:57.337   846   846 D SsMediaDataProvider: Forwarding Smartspace updates []
06-29 09:00:57.338   846   846 W PageIndicator: Total number of pages invalid: 0. Assuming 1 page.
06-29 09:00:58.384 14702 14702 I cr_A11yState: Enabled accessibility services list updated.
06-29 09:00:58.395 14702 14702 I cr_A11yState: Informing listeners of changes.
06-29 09:00:58.395 14702 14702 I cr_A11yState: New AccessibilityState: State{isScreenReaderEnabled=false, isTouchExplorationEnabled=false, isPerformGesturesEnabled=false, isAnyAccessibilityServiceEnabled=false, isAccessibilityToolPresent=false, isSpokenFeedbackServicePresent=false, isTextShowPasswordEnabled=true, isOnlyPasswordManagersEnabled=false}
06-29 09:00:58.401 14838 14838 W AccessibilityNodeInfoDumper: Fetch time: 76ms
06-29 09:00:58.406   606  1032 W MagnificationConnectionManager: requestConnection duplicated request: connect=false, mConnectionState=DISCONNECTED
06-29 09:00:58.407   606  1032 D AccessibilityManagerService: restoreCurrentUserForTestAutomationIfNeededLocked(): ignoring because device doesn't support visible background users
06-29 09:00:58.408  1440  1963 I AiAiEcho: Settings changed for uri: content://settings/secure/accessibility_enabled
06-29 09:00:58.409   606   606 W IPCThreadState: Sending oneway calls to frozen process.
06-29 09:00:58.409   606   606 W IPCThreadState: Sending oneway calls to frozen process.
06-29 09:00:58.410  1440  1769 I AiAiEcho: Predicting[0]:  [CONTEXT sampling_count=5 ]
06-29 09:00:58.411   606   606 W IPCThreadState: Sending oneway calls to frozen process.
06-29 09:00:58.411  1440  1769 I AiAiEcho: EchoTargets: 
06-29 09:00:58.411  1440  1769 I AiAiEcho: Filtered by AiAi flag check: 
06-29 09:00:58.411  1440  1769 I AiAiEcho: [CONTEXT ratelimit_period="10 SECONDS" ]
06-29 09:00:58.412   606   606 W IPCThreadState: Sending oneway calls to frozen process.
06-29 09:00:58.414  1440  1769 I AiAiEcho: Ranked targets strategy: SORT, count: 0, ranking metadata:  [CONTEXT ratelimit_period="10 SECONDS" ]
06-29 09:00:58.415  1440  1769 I AiAiEcho: #remoteViewsTwiddler: feature disabled.
06-29 09:00:58.415   606   606 W IPCThreadState: Sending oneway calls to frozen process.
06-29 09:00:58.415  1440  1769 I AiAiEcho: Predicting[0]:  [CONTEXT sampling_count=5 ]
06-29 09:00:58.415  1440  1769 I AiAiEcho: EchoTargets: 
06-29 09:00:58.415  1440  1769 I AiAiEcho: Filtered by AiAi flag check: 
06-29 09:00:58.415  1440  1769 I AiAiEcho: [CONTEXT ratelimit_period="10 SECONDS" ]
06-29 09:00:58.415  1440  1769 I AiAiEcho: Ranked targets strategy: SORT, count: 0, ranking metadata:  [CONTEXT ratelimit_period="10 SECONDS" ]
06-29 09:00:58.415  1440  1769 I AiAiEcho: #remoteViewsTwiddler: feature disabled.
06-29 09:00:58.416   606   606 W IPCThreadState: Sending oneway calls to frozen process.
06-29 09:00:58.416 14838 14838 D AndroidRuntime: Shutting down VM
06-29 09:00:58.416   606   606 W IPCThreadState: Sending oneway calls to frozen process.
06-29 09:00:58.416   606   606 W IPCThreadState: Sending oneway calls to frozen process.
06-29 09:00:58.417  1440  1769 I AiAiEcho: Predicting[0]:  [CONTEXT sampling_count=5 ]
06-29 09:00:58.417   606   606 W IPCThreadState: Sending oneway calls to frozen process.
06-29 09:00:58.417  1440  1769 I AiAiEcho: EchoTargets: 
06-29 09:00:58.417  1440  1769 I AiAiEcho: Filtered by AiAi flag check: 
06-29 09:00:58.417  1440  1769 I AiAiEcho: [CONTEXT ratelimit_period="10 SECONDS" ]
06-29 09:00:58.418  1440  1769 I AiAiEcho: Ranked targets strategy: SORT, count: 0, ranking metadata:  [CONTEXT ratelimit_period="10 SECONDS" ]
06-29 09:00:58.418   606   606 D BatterySaverPolicy: accessibility changed to false, updating policy.
06-29 09:00:58.418  1440  1769 I AiAiEcho: #remoteViewsTwiddler: feature disabled.
06-29 09:00:58.423 14743 14771 I chromium: [INFO:document_style_environment_variables.cc(104)] E2E_Used SafeAreaInsetBottom
06-29 09:00:58.424  1440  1769 I AiAiEcho: #postPredictionTargets: Sending updates to UISurface media_data_manager with targets# 0 (types=[])
06-29 09:00:58.424 14528 14634 I A       : NGA enabled in interactor.
06-29 09:00:58.425  1440  1769 I AiAiEcho: #postPredictionTargets: Sending updates to UISurface home with targets# 0 (types=[])
06-29 09:00:58.425 14528 14634 I A       : (REDACTED) Nga state changed to %s
06-29 09:00:58.425 14528 14634 I A       : (REDACTED) isTngActive=%s
06-29 09:00:58.426  1440  1769 I AiAiEcho: #postPredictionTargets: Sending updates to UISurface lockscreen with targets# 0 (types=[])
06-29 09:00:58.426  1067  1067 D SsBaseTemplateCard: No text view can be set up
06-29 09:00:58.426  1067  1067 D SsBaseTemplateCard: Passed-in item info is null
06-29 09:00:58.426  1067  1067 D SsBaseTemplateCard: Passed-in item info is null
06-29 09:00:58.427  1067  1067 D SsBaseTemplateCard: Passed-in item info is null
06-29 09:00:58.427  1067  1067 I SsBaseTemplateCard: Secondary card pane is null
06-29 09:00:58.432   846   846 D SsMediaDataProvider: Forwarding Smartspace updates []
06-29 09:00:58.432   846   846 W PageIndicator: Total number of pages invalid: 0. Assuming 1 page.
06-29 09:00:58.445  1469  1941 I A       : (REDACTED) on opa visibility changed %s
06-29 09:00:58.450  1469  1941 I A       : (REDACTED) on opa visibility changed %s
06-29 09:00:58.458  1469  1852 I A       : (REDACTED) Nga on-device enabled based on TNG:MA active state: %b
06-29 09:00:58.460  1469  2724 I A       : Initializing all components
06-29 09:00:58.462  1469  1941 I A       : (REDACTED) onIsEnabledChanged, isEnabled: %s
06-29 09:00:58.463  1469  1852 I A       : (REDACTED) Nga on-device enabled based on TNG:MA active state: %b
06-29 09:00:58.463  1469  1941 W A       : Disposing empty manager. Did you forgot to subscribe observables?
06-29 09:00:58.463  1469  1941 W A       : Disposing empty manager. Did you forgot to subscribe observables?
06-29 09:00:58.463  1469  1941 W A       : Disposing empty manager. Did you forgot to subscribe observables?
06-29 09:00:58.463  1469  1941 W A       : Disposing empty manager. Did you forgot to subscribe observables?
06-29 09:00:58.463  1469  1941 W A       : Disposing empty manager. Did you forgot to subscribe observables?
06-29 09:00:58.464  1469  1941 W A       : Disposing empty manager. Did you forgot to subscribe observables?
06-29 09:00:58.464  1469  1941 W A       : Disposing empty manager. Did you forgot to subscribe observables?
06-29 09:00:58.464  1469  1941 W A       : Disposing empty manager. Did you forgot to subscribe observables?
06-29 09:00:58.465  1469  1941 W A       : Disposing empty manager. Did you forgot to subscribe observables?
06-29 09:00:58.465  1469  1941 W A       : Disposing empty manager. Did you forgot to subscribe observables?
06-29 09:00:58.465  1469  1941 W A       : Disposing empty manager. Did you forgot to subscribe observables?
06-29 09:00:58.465  1469  1852 I A       : (REDACTED) Nga on-device enabled based on TNG:MA active state: %b
06-29 09:00:58.466  1469  1941 I A       : (REDACTED) Setting session to type: %s
06-29 09:00:58.467  1469  1941 W A       : Disposing empty manager. Did you forgot to subscribe observables?
06-29 09:00:58.467  1469  1941 W A       : Disposing empty manager. Did you forgot to subscribe observables?
06-29 09:00:58.467  1469  1941 W A       : Disposing empty manager. Did you forgot to subscribe observables?
06-29 09:00:58.467  1469  1941 W A       : Disposing empty manager. Did you forgot to subscribe observables?
06-29 09:00:58.467  1469  1941 W A       : Disposing empty manager. Did you forgot to subscribe observables?
06-29 09:00:58.467  1469  1941 W A       : Disposing empty manager. Did you forgot to subscribe observables?
06-29 09:00:58.468  1469  1941 I A       : (REDACTED) setNavBarVisible: %s
06-29 09:00:58.471  1469  1941 W A       : Disposing empty manager. Did you forgot to subscribe observables?
06-29 09:00:58.471  1469  1941 W A       : Disposing empty manager. Did you forgot to subscribe observables?
06-29 09:00:58.471  1469  1941 W A       : Disposing empty manager. Did you forgot to subscribe observables?
06-29 09:00:58.471  1469  1941 W A       : Disposing empty manager. Did you forgot to subscribe observables?
06-29 09:00:58.471  1469  1941 W A       : Disposing empty manager. Did you forgot to subscribe observables?
06-29 09:00:58.472  1469  1941 W A       : Disposing empty manager. Did you forgot to subscribe observables?
06-29 09:00:58.476  1469  1852 I A       : Initialize
06-29 09:00:58.478  1469  1941 I A       : (REDACTED) State changed: %s => %s by %s and %s with %s
06-29 09:00:58.480  1469  1852 I A       : (REDACTED) stopListening(%s, %s)
06-29 09:00:58.485  1469  1941 I A       : (REDACTED) Recognizer choice: (recognizer_type: %s, recognizer_mode: %s, choice_reason: %s)
06-29 09:00:58.497  1469  1941 I A       : (REDACTED) onActiveStateChangeEvent: %s => %s
06-29 09:00:58.498  1469  1852 I NgaEntryPointEventSendr: setupConnection
06-29 09:00:58.500  1469  1941 I A       : (REDACTED) #onActiveStateChangeEvent, newState: %s, previousState: %s.
06-29 09:00:58.505  1469  1852 I NgaEntryPointEventSendr: (REDACTED) State changed: %s => %s
06-29 09:00:58.511  1469  1941 I NgaEntryPointEventSendr: onServiceConnected
06-29 09:00:58.512 14528 14638 I A       : Calling beginBinderSession().
06-29 09:00:58.514 14528 14638 I A       : beginBinderSession(): calling binder
06-29 09:00:58.515  1469  1941 I NgaEntryPointEventSendr: (REDACTED) State changed: %s => %s
06-29 09:00:58.516  1469  1941 I INV.SystemUI: showGestureNav
06-29 09:00:58.517  1469  1941 I INV.SystemUI: (REDACTED) setUiHints(hints = %s)
06-29 09:00:58.545  1469  1852 I A       : Successfully initialized all components
06-29 09:00:58.579 14528 14644 W A       : (REDACTED) Queue length for executor %s is now %d. Perhaps some tasks are too long, or the pool is too small.
06-29 09:00:58.580  1469  1941 I INV.SystemUI: setUiHints: finished successfully
06-29 09:00:58.581   832   832 I wpa_supplicant: wlan0: CTRL-EVENT-BEACON-LOSS 
06-29 09:00:58.589  4471  4493 I Icing   : IndexChimeraService.getServiceInterface callingPackage=com.google.android.googlequicksearchbox componentName=null serviceId=36
06-29 09:00:58.617 14528 14640 I MicroDetectionState: (REDACTED) Updating hotword opa ineligibility to %b
06-29 09:00:58.623 14528 14640 I A       : getLocaleToModelSpecsMap
06-29 09:00:58.624 14528 14640 I A       : Fetching latest config from MDD...
06-29 09:00:58.624 14528 14640 I A       : (REDACTED) Found map of size: %d
06-29 09:00:58.633   606  1575 W ActivityManager: Unable to start service Intent { cmp=com.google.android.apps.tachyon/.clientapi.ClientApiService } U=0: not found
06-29 09:00:58.635 14528 14640 W A       : (REDACTED) %s task was not run. Callback from Service received after client was disposed.
06-29 09:00:58.636 14528 14640 W A       : (REDACTED) %s task was not run. Callback from Service received after client was disposed.
06-29 09:00:58.636 14528 14640 W A       : (REDACTED) %s task was not run. Callback from Service received after client was disposed.
06-29 09:00:58.637 14528 14640 W A       : (REDACTED) %s task was not run. Callback from Service received after client was disposed.
06-29 09:00:58.638 14528 14640 W A       : (REDACTED) %s task was not run. Callback from Service received after client was disposed.
06-29 09:00:58.638 14528 14640 W A       : (REDACTED) %s task was not run. Callback from Service received after client was disposed.
06-29 09:00:58.638 14528 14640 W A       : (REDACTED) %s task was not run. Callback from Service received after client was disposed.
06-29 09:00:58.639  1469  1941 I NgaEntryPointEventSendr: (REDACTED) State changed: %s => %s (%s)
06-29 09:00:58.639  4471  4514 I Icing   : IndexChimeraService.getServiceInterface callingPackage=com.google.android.gms componentName=null serviceId=30
06-29 09:00:58.639 14528 14640 W A       : (REDACTED) %s task was not run. Callback from Service received after client was disposed.
06-29 09:00:58.650  4471 13789 I Icing   : Usage reports ok 1, Failed Usage reports 0, indexed 0, rejected 0
06-29 09:00:58.659 14528 14640 W A       : (REDACTED) %s task was not run. Callback from Service received after client was disposed.
06-29 09:00:58.660 14528 14640 I MicroDetectionWorker: (REDACTED) Initializing MicroDataManager InitializeType-%d, isForced-%b, isActivePhoneEnrollment-%b isActiveGoogleHomeEnrollment-%b
06-29 09:00:58.663 14528 14640 I A       : getLocaleToModelSpecsMap
06-29 09:00:58.663 14528 14640 I A       : Fetching latest config from MDD...
06-29 09:00:58.664 14528 14640 I A       : (REDACTED) Found map of size: %d
06-29 09:00:58.664 14528 14640 I MicroDataManager: (REDACTED) Location for model with model type: %s and locale: %s, is : %s
06-29 09:00:58.666  4471 13789 I Icing   : Usage reports ok 0, Failed Usage reports 0, indexed 0, rejected 0
06-29 09:00:58.668 14528 14531 I earchbox:search: Compiler allocated 5481KB to compile java.lang.Object com.google.android.apps.gsa.binaries.velvet.app.tu.a()
06-29 09:00:58.673 14528 14640 I MicroDetectionState: (REDACTED) #takeChangeMicroDetectorMode [mIsBargeInEnabled: %b, mCurrentDetectionMode: %s]
06-29 09:00:58.673 14528 14640 I MicroDetectionState: (REDACTED) Should stop hotword detection immediately - %b
06-29 09:00:58.680 14528 14640 I MicroDetectionState: (REDACTED) #takeChangeMicroDetectorMode [mIsBargeInEnabled: %b, mCurrentDetectionMode: %s]
06-29 09:00:58.680 14528 14640 I MicroDetectionState: (REDACTED) Should stop hotword detection immediately - %b
06-29 09:00:58.682 14528 14640 W A       : (REDACTED) %s task was not run. Callback from Service received after client was disposed.
06-29 09:00:58.682 14528 14640 W A       : (REDACTED) %s task was not run. Callback from Service received after client was disposed.
06-29 09:00:58.692 14528 14660 I PBSessionCacheImpl: (REDACTED) Deleted sessionId[%d] from persistence.
06-29 09:00:58.695 14528 14640 W A       : (REDACTED) %s task was not run. Callback from Service received after client was disposed.
06-29 09:00:58.705  1469  2076 V ClearcutMetricXmitter: Transmission is done.
06-29 09:00:58.705 14528 14640 W SearchServiceCore: Abort, client detached.
06-29 09:00:58.712 14528 14640 I MicroDetectionState: (REDACTED) #takeChangeMicroDetectorMode [mIsBargeInEnabled: %b, mCurrentDetectionMode: %s]
06-29 09:00:58.713 14528 14640 I MicroDetectionState: (REDACTED) Should stop hotword detection immediately - %b
06-29 09:00:58.716 14528 14640 I A       : getLocaleToModelSpecsMap
06-29 09:00:58.716 14528 14640 I A       : Fetching latest config from MDD...
06-29 09:00:58.716 14528 14640 I A       : (REDACTED) Found map of size: %d
06-29 09:00:58.729   606   762 D InetDiagMessage: Destroyed 0 sockets, proto=IPPROTO_TCP, family=AF_INET, states=14
06-29 09:00:58.731   606   762 D InetDiagMessage: Destroyed 1 sockets, proto=IPPROTO_TCP, family=AF_INET6, states=14
06-29 09:00:58.731   606   762 D InetDiagMessage: Destroyed live tcp sockets for uids={10162} in 2ms
06-29 09:00:58.732   606   762 D InetDiagMessage: Destroyed 0 sockets, proto=IPPROTO_TCP, family=AF_INET, states=14
06-29 09:00:58.733   606   762 D InetDiagMessage: Destroyed 0 sockets, proto=IPPROTO_TCP, family=AF_INET6, states=14
06-29 09:00:58.733   606   762 D InetDiagMessage: Destroyed live tcp sockets for uids={20162} in 2ms
06-29 09:00:58.771 14528 14531 I earchbox:search: Compiler allocated 4129KB to compile java.lang.Object com.google.android.apps.gsa.binaries.velvet.app.tu.f()
06-29 09:00:59.235   606   762 W IPCThreadState: Sending oneway calls to frozen process.
06-29 09:00:59.235   606   762 W IPCThreadState: Sending oneway calls to frozen process.
06-29 09:00:59.236  1503  2237 I BugleRcsEngine: handleMessage processing message:[NOTIFY_UPTIME_IGNORE_STATE_CHANGED] with [non-null]:RcsEngineImpl reference [CONTEXT log_prefix="RcsEngineImpl[DUAL_REG]:[b3cfd2cb-28b4]>Handler" thread_id=63 ]
06-29 09:00:59.242  1503  1954 I BugleRcsEngine: Connected state: [1], networkType: [WIFI] [CONTEXT thread_id=55 ]
06-29 09:00:59.242   606   762 W IPCThreadState: Sending oneway calls to frozen process.
06-29 09:00:59.242   606   762 W IPCThreadState: Sending oneway calls to frozen process.
06-29 09:00:59.242   606   762 W IPCThreadState: Sending oneway calls to frozen process.
06-29 09:00:59.244   606   762 W IPCThreadState: Sending oneway calls to frozen process.
06-29 09:00:59.244   606   762 W IPCThreadState: Sending oneway calls to frozen process.
06-29 09:00:59.244   606   762 W IPCThreadState: Sending oneway calls to frozen process.
06-29 09:00:59.244   606   762 W IPCThreadState: Sending oneway calls to frozen process.
06-29 09:00:59.244   606   762 W IPCThreadState: Sending oneway calls to frozen process.
06-29 09:00:59.244   606   762 W IPCThreadState: Sending oneway calls to frozen process.
06-29 09:00:59.245   606   762 W IPCThreadState: Sending oneway calls to frozen process.
06-29 09:00:59.250  4041  4339 I NullBinder: NullBinder for android.net.action.RECOMMEND_NETWORKS triggering remote TransactionTooLargeException due to Service without Chimera impl, calling uid: 1000, calling pid: 0
06-29 09:00:59.250  4041  4339 W .gms.persistent: Large reply transaction of 1056768 bytes, interface descriptor , code 1
06-29 09:00:59.251   606   762 D ConnectivityService: NetReassign [no changes] [c 0] [a 1] [i 0]
06-29 09:00:59.254  4041  4451 I NearbyMediums: Wifi changed new SSID: "AndroidWifi"
06-29 09:00:59.255  1503  2237 I BugleRcsEngine: No RCS Configuration was found in Bugle for simID: redacted-pii:sim_id[chars:20,last3:897] [CONTEXT log_prefix="ProvisioningEngineDataRetriever" thread_id=63 ]
06-29 09:00:59.254  4041  4451 I NearbyMediums: WifiLanConnectivityInfo is not changed, skip notify.
