--------- beginning of system
06-29 09:00:49.841   606  1575 I ActivityManager: Force stopping com.davidsanchez.vivopromotor appid=10209 user=0: from pid 14694
06-29 09:00:49.847   606  1575 I AppsFilter: interaction: PackageSetting{7a58d76 com.android.microdroid.empty_payload/10198} -> PackageSetting{a867d3d com.davidsanchez.vivopromotor/10209} BLOCKED
--------- beginning of main
06-29 09:00:49.854  2782  2782 D CarrierSvcBindHelper: onHandleForceStop: [com.davidsanchez.vivopromotor]
06-29 09:00:49.856  2782  2782 D CarrierSvcBindHelper: No carrier app for: 0
06-29 09:00:49.960   606  1575 W ActivityTaskManager: callingPackage for (uid=2000, pid=14699) has no WPC
06-29 09:00:49.969   606  1575 W OptProp : Cannot read opt property android.window.PROPERTY_COMPAT_ALLOW_USER_ASPECT_RATIO_OVERRIDE
06-29 09:00:49.969   606  1575 W OptProp : Cannot read opt property android.window.PROPERTY_COMPAT_ALLOW_USER_ASPECT_RATIO_FULLSCREEN_OVERRIDE
06-29 09:00:49.970   606  1575 W OptProp : Cannot read opt property android.window.PROPERTY_COMPAT_ALLOW_ORIENTATION_OVERRIDE
06-29 09:00:49.972   606  1575 V GrammaticalInflectionUtils: AttributionSource: android.content.AttributionSource@8bf79262 does not have READ_SYSTEM_GRAMMATICAL_GENDER permission.
06-29 09:00:49.973   606  1575 W OptProp : Cannot read opt property android.window.PROPERTY_COMPAT_ALLOW_RESIZEABLE_ACTIVITY_OVERRIDES
06-29 09:00:49.974   606  1575 W OptProp : Cannot read opt property android.window.PROPERTY_COMPAT_ALLOW_MIN_ASPECT_RATIO_OVERRIDE
06-29 09:00:50.000   606  1575 I ActivityTaskManager: START u0 {flg=0x10000000 cmp=com.davidsanchez.vivopromotor/.MainActivity} with LAUNCH_SINGLE_TASK from uid 2000 (BAL_ALLOW_PERMISSION) result code=0
06-29 09:00:50.002   846   915 V WindowManagerShell: Transition requested (#64): android.os.BinderProxy@ffe74ae TransitionRequestInfo { type = OPEN, triggerTask = TaskInfo{userId=0 taskId=38 displayId=0 isRunning=true baseIntent=Intent { flg=0x10000000 cmp=com.davidsanchez.vivopromotor/.MainActivity } baseActivity=ComponentInfo{com.davidsanchez.vivopromotor/com.davidsanchez.vivopromotor.MainActivity} topActivity=ComponentInfo{com.davidsanchez.vivopromotor/com.davidsanchez.vivopromotor.MainActivity} origActivity=null realActivity=ComponentInfo{com.davidsanchez.vivopromotor/com.davidsanchez.vivopromotor.MainActivity} numActivities=1 lastActiveTime=48200276 supportsMultiWindow=true resizeMode=1 isResizeable=true minWidth=-1 minHeight=-1 defaultMinSize=220 token=WCT{android.window.IWindowContainerToken$Stub$Proxy@378e24f} topActivityType=1 pictureInPictureParams=null shouldDockBigOverlays=false launchIntoPipHostTaskId=-1 lastParentTaskIdBeforePip=-1 displayCutoutSafeInsets=Rect(0, 156 - 0, 0) topActivityInfo=ActivityInfo{7869ddc com.davidsanchez.vivopromotor.MainActivity} launchCookies=[] positionInParent=Point(0, 0) parentTaskId=-1 isFocused=false isVisible=false isVisibleRequested=false isSleeping=false locusId=null displayAreaFeatureId=1 isTopActivityTransparent=false appCompatTaskInfo=AppCompatTaskInfo { topActivityInSizeCompat=false topActivityEligibleForLetterboxEducation= falseisLetterboxEducationEnabled= true isLetterboxDoubleTapEnabled= false topActivityEligibleForUserAspectRatioButton= false topActivityBoundsLetterboxed= false isFromLetterboxDoubleTap= false topActivityLetterboxVerticalPosition= -1 topActivityLetterboxHorizontalPosition= -1 topActivityLetterboxWidth=1280 topActivityLetterboxHeight=2856 isUserFullscreenOverrideEnabled=false isSystemFullscreenOverrideEnabled=false cameraCompatTaskInfo=CameraCompatTaskInfo { cameraCompatControlState=hidden freeformCameraCompatMode=inactive}}}, pipTask = null, remoteTransition = null, displayChange = null, flags = 0, debugId = 64 }
06-29 09:00:50.009  1067  1067 W SplitSelectStateCtor: Missing session instanceIds
06-29 09:00:50.015   468   468 I BpBinder: onLastStrongRef automatically unlinking death recipients: 
06-29 09:00:50.015  1067  1067 D StatsLog: LAUNCHER_SPLIT_SELECTION_EXIT_INTERRUPTED
06-29 09:00:50.017   606   635 V GrammaticalInflectionUtils: AttributionSource: android.content.AttributionSource@8bf79262 does not have READ_SYSTEM_GRAMMATICAL_GENDER permission.
06-29 09:00:50.018   846   915 D WindowManagerShell: setLauncherKeepClearAreaHeight: visible=false, height=603
06-29 09:00:50.033   606  1612 I AppsFilter: interaction: PackageSetting{7a58d76 com.android.microdroid.empty_payload/10198} -> PackageSetting{8a31e38 com.davidsanchez.vivopromotor/10209} BLOCKED
06-29 09:00:50.040  1067  1067 I TopTaskTracker: onTaskMovedToFront: (moved taskInfo to front) taskId=38, baseIntent=Intent { flg=0x10000000 cmp=com.davidsanchez.vivopromotor/.MainActivity }
06-29 09:00:50.056   391   391 D Zygote  : Forked child process 14702
06-29 09:00:50.080   606   644 I ActivityManager: Start proc 14702:com.davidsanchez.vivopromotor/u0a209 for next-top-activity {com.davidsanchez.vivopromotor/com.davidsanchez.vivopromotor.MainActivity}
06-29 09:00:50.088 14702 14702 I ez.vivopromotor: Late-enabling -Xcheck:jni
06-29 09:00:50.128   606  1612 D CoreBackPreview: Window{9187e49 u0 Splash Screen com.davidsanchez.vivopromotor}: Setting back callback OnBackInvokedCallbackInfo{mCallback=android.window.IOnBackInvokedCallback$Stub$Proxy@b61b605, mPriority=0, mIsAnimationCallback=false}
06-29 09:00:50.155  1067  1673 D EGL_emulation: app_time_stats: avg=12471.22ms min=339.84ms max=24602.60ms count=2
06-29 09:00:50.232 14702 14702 I ez.vivopromotor: Using CollectorTypeCMC GC.
06-29 09:00:50.234 14702 14702 W ez.vivopromotor: Unexpected CPU variant for x86: x86_64.
06-29 09:00:50.234 14702 14702 W ez.vivopromotor: Known variants: atom, sandybridge, silvermont, goldmont, goldmont-plus, goldmont-without-sha-xsaves, tremont, kabylake, default
06-29 09:00:50.254   477   491 I adbd    : jdwp connection from 14702
06-29 09:00:50.272 14702 14702 D nativeloader: Load libframework-connectivity-tiramisu-jni.so using APEX ns com_android_tethering for caller /apex/com.android.tethering/javalib/framework-connectivity-t.jar: ok
06-29 09:00:50.311   606   632 V WindowManager: Sent Transition (#64) createdAt=06-29 09:00:49.975 via request=TransitionRequestInfo { type = OPEN, triggerTask = TaskInfo{userId=0 taskId=38 displayId=0 isRunning=true baseIntent=Intent { flg=0x10000000 cmp=com.davidsanchez.vivopromotor/.MainActivity } baseActivity=ComponentInfo{com.davidsanchez.vivopromotor/com.davidsanchez.vivopromotor.MainActivity} topActivity=ComponentInfo{com.davidsanchez.vivopromotor/com.davidsanchez.vivopromotor.MainActivity} origActivity=null realActivity=ComponentInfo{com.davidsanchez.vivopromotor/com.davidsanchez.vivopromotor.MainActivity} numActivities=1 lastActiveTime=48200276 supportsMultiWindow=true resizeMode=1 isResizeable=true minWidth=-1 minHeight=-1 defaultMinSize=220 token=WCT{RemoteToken{5368568 Task{8adb94c #38 type=standard A=10209:com.davidsanchez.vivopromotor}}} topActivityType=1 pictureInPictureParams=null shouldDockBigOverlays=false launchIntoPipHostTaskId=-1 lastParentTaskIdBeforePip=-1 displayCutoutSafeInsets=Rect(0, 156 - 0, 0) topActivityInfo=ActivityInfo{b4cad81 com.davidsanchez.vivopromotor.MainActivity} launchCookies=[] positionInParent=Point(0, 0) parentTaskId=-1 isFocused=false isVisible=false isVisibleRequested=false isSleeping=false locusId=null displayAreaFeatureId=1 isTopActivityTransparent=false appCompatTaskInfo=AppCompatTaskInfo { topActivityInSizeCompat=false topActivityEligibleForLetterboxEducation= falseisLetterboxEducationEnabled= true isLetterboxDoubleTapEnabled= false topActivityEligibleForUserAspectRatioButton= false topActivityBoundsLetterboxed= false isFromLetterboxDoubleTap= false topActivityLetterboxVerticalPosition= -1 topActivityLetterboxHorizontalPosition= -1 topActivityLetterboxWidth=1280 topActivityLetterboxHeight=2856 isUserFullscreenOverrideEnabled=false isSystemFullscreenOverrideEnabled=false cameraCompatTaskInfo=CameraCompatTaskInfo { cameraCompatControlState=hidden freeformCameraCompatMode=inactive}}}, pipTask = null, remoteTransition = null, displayChange = null, flags = 0, debugId = 64 }
06-29 09:00:50.312   606   632 V WindowManager:     startWCT=WindowContainerTransaction { changes = {} hops = [] errorCallbackToken=null taskFragmentOrganizer=null }
06-29 09:00:50.312   606   632 V WindowManager:     info={id=64 t=OPEN f=0x0 trk=0 r=[0@Point(0, 0)] c=[
06-29 09:00:50.312   606   632 V WindowManager:         {WCT{RemoteToken{5368568 Task{8adb94c #38 type=standard A=10209:com.davidsanchez.vivopromotor}}} m=OPEN f=NONE leash=Surface(name=Task=38)/@0xaee365a sb=Rect(0, 0 - 1280, 2856) eb=Rect(0, 0 - 1280, 2856) d=0 taskParent=-1},
06-29 09:00:50.312   606   632 V WindowManager:         {WCT{RemoteToken{87ee837 Task{c33a563 #1 type=home}}} m=TO_BACK f=SHOW_WALLPAPER leash=Surface(name=Task=1)/@0xbcffad sb=Rect(0, 0 - 1280, 2856) eb=Rect(0, 0 - 1280, 2856) d=0 taskParent=-1}
06-29 09:00:50.312   606   632 V WindowManager:     ]}
06-29 09:00:50.314   846   857 V WindowManagerShell: onTransitionReady(transaction=2602750184780)
06-29 09:00:50.317   846   915 V WindowManagerShell: onTransitionReady (#64) android.os.BinderProxy@ffe74ae: {id=64 t=OPEN f=0x0 trk=0 r=[0@Point(0, 0)] c=[{WCT{android.window.IWindowContainerToken$Stub$Proxy@7ce2e5b} m=OPEN f=NONE leash=Surface(name=Task=38)/@0x61b360c sb=Rect(0, 0 - 1280, 2856) eb=Rect(0, 0 - 1280, 2856) d=0 taskParent=-1},{WCT{android.window.IWindowContainerToken$Stub$Proxy@a4ba6f8} m=TO_BACK f=SHOW_WALLPAPER leash=Surface(name=Task=1)/@0xd55db55 sb=Rect(0, 0 - 1280, 2856) eb=Rect(0, 0 - 1280, 2856) d=0 taskParent=-1}]}
06-29 09:00:50.320   846   915 V WindowManagerShell: Playing animation for (#64) android.os.BinderProxy@ffe74ae@0
06-29 09:00:50.320   846   915 V WindowManagerShell:  try handler com.android.wm.shell.transition.DefaultMixedHandler@5ff153c
06-29 09:00:50.322   846   915 V WindowManagerShell:  try handler com.android.wm.shell.keyguard.KeyguardTransitionHandler@e7c82c5
06-29 09:00:50.322   846   915 V WindowManagerShell:  try handler com.android.wm.shell.pip.PipTransition@439e41a
06-29 09:00:50.322   846   915 V WindowManagerShell:  try handler com.android.wm.shell.activityembedding.ActivityEmbeddingController@6423b4b
06-29 09:00:50.322   846   915 V WindowManagerShell:  try handler com.android.wm.shell.recents.RecentsTransitionHandler@f464928
06-29 09:00:50.322   846   915 V ShellRecents: RecentsTransitionHandler.startAnimation: no controller found
06-29 09:00:50.322   846   915 V WindowManagerShell:  try handler com.android.wm.shell.splitscreen.StageCoordinator@8278641
06-29 09:00:50.322   846   915 V WindowManagerShell:  try handler com.android.wm.shell.transition.RemoteTransitionHandler@b0227e6
06-29 09:00:50.323   846   915 V WindowManagerShell: Transition doesn't have explicit remote, search filters for match for {id=64 t=OPEN f=0x0 trk=0 r=[0@Point(0, 0)] c=[{WCT{android.window.IWindowContainerToken$Stub$Proxy@7ce2e5b} m=OPEN f=NONE leash=Surface(name=Task=38)/@0x61b360c sb=Rect(0, 0 - 1280, 2856) eb=Rect(0, 0 - 1280, 2856) d=0 taskParent=-1},{WCT{android.window.IWindowContainerToken$Stub$Proxy@a4ba6f8} m=TO_BACK f=SHOW_WALLPAPER leash=Surface(name=Task=1)/@0xd55db55 sb=Rect(0, 0 - 1280, 2856) eb=Rect(0, 0 - 1280, 2856) d=0 taskParent=-1}]}
06-29 09:00:50.323   846   915 V WindowManagerShell:  Checking filter Pair{{types=[] flags=0x0] notFlags=0x0 checks=[{atype=undefined independent=true modes=[OPEN,TO_FRONT] flags=IN_TASK_WITH_EMBEDDED_ACTIVITY mustBeTask=false order=ANY topActivity=ComponentInfo{com.google.android.apps.nexuslauncher/com.google.android.apps.nexuslauncher.NexusLauncherActivity} launchCookie=null},{atype=undefined independent=true modes=[CLOSE,TO_BACK] flags=IN_TASK_WITH_EMBEDDED_ACTIVITY mustBeTask=false order=ANY topActivity=null launchCookie=null}]} RemoteTransition { remoteTransition = android.window.IRemoteTransition$Stub$Proxy@d97402c, appThread = android.app.IApplicationThread$Stub$Proxy@cfbeaf5, debugName = OverlaySwipeBack }}
06-29 09:00:50.323   846   915 V WindowManagerShell:  Checking filter Pair{{types=[] flags=0x0] notFlags=0x0 checks=[{atype=dream independent=true modes=[OPEN,TO_FRONT] flags=NONE mustBeTask=false order=ANY topActivity=null launchCookie=null},{atype=home independent=true modes=[CLOSE,TO_BACK] flags=NONE mustBeTask=false order=ANY topActivity=null launchCookie=null}]} RemoteTransition { remoteTransition = android.window.IRemoteTransition$Stub$Proxy@c880e11, appThread = android.app.IApplicationThread$Stub$Proxy@c5d5b76, debugName = LauncherToDream }}
06-29 09:00:50.323   846   915 V WindowManagerShell:  Checking filter Pair{{types=[] flags=0x0] notFlags=0x100 checks=[{atype=home independent=true modes=[OPEN,TO_FRONT] flags=NONE mustBeTask=false order=TOP topActivity=ComponentInfo{com.google.android.apps.nexuslauncher/com.google.android.apps.nexuslauncher.NexusLauncherActivity} launchCookie=null},{atype=standard independent=true modes=[CLOSE,TO_BACK] flags=NONE mustBeTask=false order=ANY topActivity=null launchCookie=null}]} RemoteTransition { remoteTransition = android.window.IRemoteTransition$Stub$Proxy@8e21577, appThread = android.app.IApplicationThread$Stub$Proxy@bd795e4, debugName = QuickstepLaunchHome }}
06-29 09:00:50.323   846   915 V WindowManagerShell:  Delegate animation for (#64) to null
06-29 09:00:50.323   846   915 V WindowManagerShell:  try handler com.android.wm.shell.transition.DefaultTransitionHandler@9f74127
06-29 09:00:50.323   846   915 V WindowManagerShell: start default transition animation, info = {id=64 t=OPEN f=0x0 trk=0 r=[0@Point(0, 0)] c=[{WCT{android.window.IWindowContainerToken$Stub$Proxy@7ce2e5b} m=OPEN f=NONE leash=Surface(name=Task=38)/@0x61b360c sb=Rect(0, 0 - 1280, 2856) eb=Rect(0, 0 - 1280, 2856) d=0 taskParent=-1},{WCT{android.window.IWindowContainerToken$Stub$Proxy@a4ba6f8} m=TO_BACK f=SHOW_WALLPAPER leash=Surface(name=Task=1)/@0xd55db55 sb=Rect(0, 0 - 1280, 2856) eb=Rect(0, 0 - 1280, 2856) d=0 taskParent=-1}]}
06-29 09:00:50.343   846   915 V WindowManagerShell: loadAnimation: anim=android.view.animation.AnimationSet@92cbc2 animAttr=0x13 type=OPEN isEntrance=false
06-29 09:00:50.345   606  1575 W UserManagerService: Requested status bar icon for non-badged user 0
06-29 09:00:50.361  1067  1673 D EGL_emulation: app_time_stats: avg=3277.14ms min=16.60ms max=25690.58ms count=8
06-29 09:00:50.366   846   966 D EGL_emulation: app_time_stats: avg=1769.36ms min=2.79ms max=22861.28ms count=13
06-29 09:00:50.372   846   915 V WindowManagerShell: loadAnimation: anim=android.view.animation.AnimationSet@5c5e20e animAttr=0x12 type=OPEN isEntrance=true
06-29 09:00:50.377   846   915 V WindowManagerShell:  animated by com.android.wm.shell.transition.DefaultTransitionHandler@9f74127
06-29 09:00:50.398 14702 14702 W ziparchive: Unable to open '/data/app/~~zn7PRv9q01fURPCn2bsjWA==/com.davidsanchez.vivopromotor-qcd3Fnh89syw6sRRBrskQQ==/base.dm': No such file or directory
06-29 09:00:50.399 14702 14702 W ziparchive: Unable to open '/data/app/~~zn7PRv9q01fURPCn2bsjWA==/com.davidsanchez.vivopromotor-qcd3Fnh89syw6sRRBrskQQ==/base.dm': No such file or directory
06-29 09:00:50.592 14702 14702 D nativeloader: Configuring clns-7 for other apk /data/app/~~zn7PRv9q01fURPCn2bsjWA==/com.davidsanchez.vivopromotor-qcd3Fnh89syw6sRRBrskQQ==/base.apk. target_sdk_version=36, uses_libraries=, library_path=/data/app/~~zn7PRv9q01fURPCn2bsjWA==/com.davidsanchez.vivopromotor-qcd3Fnh89syw6sRRBrskQQ==/lib/x86_64, permitted_path=/data:/mnt/expand:/data/user/0/com.davidsanchez.vivopromotor
06-29 09:00:50.627 14702 14702 V GraphicsEnvironment: Currently set values for:
06-29 09:00:50.627 14702 14702 V GraphicsEnvironment:   angle_gl_driver_selection_pkgs=[]
06-29 09:00:50.627 14702 14702 V GraphicsEnvironment:   angle_gl_driver_selection_values=[]
06-29 09:00:50.627 14702 14702 V GraphicsEnvironment: Global.Settings values are invalid: number of packages: 0, number of values: 0
06-29 09:00:50.627 14702 14702 V GraphicsEnvironment: Neither updatable production driver nor prerelease driver is supported.
06-29 09:00:50.650   832   832 I wpa_supplicant: wlan0: CTRL-EVENT-BEACON-LOSS 
06-29 09:00:50.683   846   915 V WindowManagerShell: Transition animation finished (aborted=false), notifying core (#64) android.os.BinderProxy@ffe74ae@0
06-29 09:00:50.688   606   632 V WindowManager: Finish Transition (#64): created at 06-29 09:00:49.975 collect-started=0.297ms request-sent=22.228ms started=29.381ms ready=327.197ms sent=334.029ms finished=708.769ms
06-29 09:00:50.691   846   915 V WindowManagerShell: Track 0 became idle
06-29 09:00:50.691   846   915 V WindowManagerShell: All active transition animations finished
06-29 09:00:50.691  1067  1067 D VRI[NexusLauncherActivity]: visibilityChanged oldVisibility=true newVisibility=false
06-29 09:00:50.692   606  1612 W UserManagerService: Requested status bar icon for non-badged user 0
06-29 09:00:50.695   606  1612 W UserManagerService: Requested status bar icon for non-badged user 0
06-29 09:00:50.697  1067  1067 D NexusLauncherModelDelegate: notifySmartspaceEvent: SmartspaceTargetEvent{mSmartspaceTarget=null, mSmartspaceActionId='null', mEventType=7}
06-29 09:00:50.790   606  1612 W OptProp : Cannot read opt property android.window.PROPERTY_COMPAT_ENABLE_FAKE_FOCUS
06-29 09:00:51.024 14702 14702 D AppCompatDelegate: Checking for metadata for AppLocalesMetadataHolderService : Service not found
06-29 09:00:51.274 14702 14702 W ez.vivopromotor: Accessing hidden method Landroid/view/ViewGroup;->makeOptionalFitsSystemWindows()V (unsupported, reflection, allowed)
06-29 09:00:51.335 14702 14702 I WebViewFactory: Loading com.google.android.webview version 124.0.6367.219 (code 636771938)
06-29 09:00:51.347 14702 14702 V ResourcesManager: The following library key has been added: ResourcesKey{ mHash=faf6d924 mResDir=null mSplitDirs=[] mOverlayDirs=[/product/overlay/EmulationPixel9Pro/EmulationPixel9ProOverlay.apk,/product/overlay/NavigationBarModeGestural/NavigationBarModeGesturalOverlay.apk,/data/resource-cache/com.android.systemui-neutral-NTFY.frro,/data/resource-cache/com.android.systemui-accent-0fqH.frro,/data/resource-cache/com.android.systemui-dynamic-xo3B.frro] mLibDirs=[/data/app/~~EwdBiA3jMeMfa-v-YEDETw==/com.google.android.webview-oZUXtQCay5eo9LHmTzosTA==/WebViewGoogle.apk,/data/app/~~yClXnQa4hdVDkyJWRXFWBw==/com.google.android.trichromelibrary_636771938-_BJo-GHdYL90m5dt3tWK4A==/TrichromeLibrary.apk,/system_ext/framework/androidx.window.extensions.jar] mDisplayId=0 mOverrideConfig=v35 mCompatInfo={480dpi always-compat} mLoaders=[]}
06-29 09:00:51.351 14702 14702 W ziparchive: Unable to open '/data/app/~~yClXnQa4hdVDkyJWRXFWBw==/com.google.android.trichromelibrary_636771938-_BJo-GHdYL90m5dt3tWK4A==/TrichromeLibrary.dm': No such file or directory
06-29 09:00:51.352 14702 14702 W ziparchive: Unable to open '/data/app/~~yClXnQa4hdVDkyJWRXFWBw==/com.google.android.trichromelibrary_636771938-_BJo-GHdYL90m5dt3tWK4A==/TrichromeLibrary.dm': No such file or directory
06-29 09:00:51.352 14702 14702 W ez.vivopromotor: Entry not found
06-29 09:00:51.357 14702 14702 D nativeloader: Configuring clns-8 for other apk /data/app/~~yClXnQa4hdVDkyJWRXFWBw==/com.google.android.trichromelibrary_636771938-_BJo-GHdYL90m5dt3tWK4A==/TrichromeLibrary.apk. target_sdk_version=34, uses_libraries=ALL, library_path=/data/app/~~EwdBiA3jMeMfa-v-YEDETw==/com.google.android.webview-oZUXtQCay5eo9LHmTzosTA==/lib/x86_64:/data/app/~~EwdBiA3jMeMfa-v-YEDETw==/com.google.android.webview-oZUXtQCay5eo9LHmTzosTA==/WebViewGoogle.apk!/lib/x86_64:/data/app/~~yClXnQa4hdVDkyJWRXFWBw==/com.google.android.trichromelibrary_636771938-_BJo-GHdYL90m5dt3tWK4A==/TrichromeLibrary.apk!/lib/x86_64, permitted_path=/data:/mnt/expand
06-29 09:00:51.362 14702 14702 D ApplicationLoaders: Returning zygote-cached class loader: /system_ext/framework/androidx.window.extensions.jar
06-29 09:00:51.374 14702 14702 D nativeloader: Configuring clns-9 for other apk /data/app/~~EwdBiA3jMeMfa-v-YEDETw==/com.google.android.webview-oZUXtQCay5eo9LHmTzosTA==/WebViewGoogle.apk. target_sdk_version=34, uses_libraries=, library_path=/data/app/~~EwdBiA3jMeMfa-v-YEDETw==/com.google.android.webview-oZUXtQCay5eo9LHmTzosTA==/lib/x86_64:/data/app/~~EwdBiA3jMeMfa-v-YEDETw==/com.google.android.webview-oZUXtQCay5eo9LHmTzosTA==/WebViewGoogle.apk!/lib/x86_64:/data/app/~~yClXnQa4hdVDkyJWRXFWBw==/com.google.android.trichromelibrary_636771938-_BJo-GHdYL90m5dt3tWK4A==/TrichromeLibrary.apk!/lib/x86_64, permitted_path=/data:/mnt/expand
06-29 09:00:51.374   606  1575 I AppsFilter: interaction: PackageSetting{8a31e38 com.davidsanchez.vivopromotor/10209} -> PackageSetting{8c63863 com.android.cts.priv.ctsshim/10189} BLOCKED
06-29 09:00:51.375   606  1575 I AppsFilter: interaction: PackageSetting{8a31e38 com.davidsanchez.vivopromotor/10209} -> PackageSetting{1265c60 com.google.android.youtube/10166} BLOCKED
06-29 09:00:51.375   606  1575 I AppsFilter: interaction: PackageSetting{8a31e38 com.davidsanchez.vivopromotor/10209} -> PackageSetting{fbac519 com.android.internal.display.cutout.emulation.corner/10004} BLOCKED
06-29 09:00:51.375   606  1575 I AppsFilter: interaction: PackageSetting{8a31e38 com.davidsanchez.vivopromotor/10209} -> PackageSetting{4e9b9de com.android.internal.display.cutout.emulation.double/10007} BLOCKED
06-29 09:00:51.375   606  1575 I AppsFilter: interaction: PackageSetting{8a31e38 com.davidsanchez.vivopromotor/10209} -> PackageSetting{d7bb07 com.google.android.googlequicksearchbox/10145} BLOCKED
06-29 09:00:51.375   606  1575 I AppsFilter: interaction: PackageSetting{8a31e38 com.davidsanchez.vivopromotor/10209} -> PackageSetting{c04de8c com.google.android.onetimeinitializer/10131} BLOCKED
06-29 09:00:51.375   606  1575 I AppsFilter: interaction: PackageSetting{8a31e38 com.davidsanchez.vivopromotor/10209} -> PackageSetting{62999d5 com.google.android.ext.shared/10118} BLOCKED
06-29 09:00:51.375   606  1575 I AppsFilter: interaction: PackageSetting{8a31e38 com.davidsanchez.vivopromotor/10209} -> PackageSetting{c5395ea com.android.virtualmachine.res/10197} BLOCKED
06-29 09:00:51.376   606  1575 I AppsFilter: interaction: PackageSetting{8a31e38 com.davidsanchez.vivopromotor/10209} -> PackageSetting{44050db com.android.managedprovisioning.auto_generated_rro_product__/10041} BLOCKED
06-29 09:00:51.376   606  1575 I AppsFilter: interaction: PackageSetting{8a31e38 com.davidsanchez.vivopromotor/10209} -> PackageSetting{c675778 com.android.carrierconfig.auto_generated_rro_vendor__/10085} BLOCKED
06-29 09:00:51.376   606  1575 I AppsFilter: interaction: PackageSetting{8a31e38 com.davidsanchez.vivopromotor/10209} -> PackageSetting{376fe51 com.google.android.server.deviceconfig.resources/10208} BLOCKED
06-29 09:00:51.376   606  1575 I AppsFilter: interaction: PackageSetting{8a31e38 com.davidsanchez.vivopromotor/10209} -> PackageSetting{ecd26b6 com.android.systemui.emulation.pixel_3_xl/10054} BLOCKED
06-29 09:00:51.376   606  1575 I AppsFilter: interaction: PackageSetting{8a31e38 com.davidsanchez.vivopromotor/10209} -> PackageSetting{5e91fb7 com.android.systemui.emulation.pixel_4_xl/10058} BLOCKED
06-29 09:00:51.376   606  1575 I AppsFilter: interaction: PackageSetting{8a31e38 com.davidsanchez.vivopromotor/10209} -> PackageSetting{a767324 com.android.systemui.emulation.pixel_fold/10074} BLOCKED
06-29 09:00:51.376   606  1575 I AppsFilter: interaction: PackageSetting{8a31e38 com.davidsanchez.vivopromotor/10209} -> PackageSetting{d5c2e8d com.android.providers.telephony.auto_generated_characteristics_rro/10079} BLOCKED
06-29 09:00:51.376   606  1575 I AppsFilter: interaction: PackageSetting{8a31e38 com.davidsanchez.vivopromotor/10209} -> PackageSetting{47cf842 com.android.simappdialog.auto_generated_rro_product__/10051} BLOCKED
06-29 09:00:51.376   606  1575 I AppsFilter: interaction: PackageSetting{8a31e38 com.davidsanchez.vivopromotor/10209} -> PackageSetting{1e60053 com.android.htmlviewer/10121} BLOCKED
06-29 09:00:51.376   606  1575 I AppsFilter: interaction: PackageSetting{8a31e38 com.davidsanchez.vivopromotor/10209} -> PackageSetting{6399d90 com.google.android.health.connect.backuprestore/10206} BLOCKED
06-29 09:00:51.376   606  1575 I AppsFilter: interaction: PackageSetting{8a31e38 com.davidsanchez.vivopromotor/10209} -> PackageSetting{1ea2689 com.android.systemui.auto_generated_rro_product__/10075} BLOCKED
06-29 09:00:51.377   606  1575 I AppsFilter: interaction: PackageSetting{8a31e38 com.davidsanchez.vivopromotor/10209} -> PackageSetting{f66568e com.google.android.apps.messaging/10142} BLOCKED
06-29 09:00:51.377   606  1575 I AppsFilter: interaction: PackageSetting{8a31e38 com.davidsanchez.vivopromotor/10209} -> PackageSetting{cc64eaf com.google.android.soundpicker/10163} BLOCKED
06-29 09:00:51.377   606  1575 I AppsFilter: interaction: PackageSetting{8a31e38 com.davidsanchez.vivopromotor/10209} -> PackageSetting{6c302bc com.google.android.marvin.talkbackoverlay/10086} BLOCKED
06-29 09:00:51.377   606  1575 I AppsFilter: interaction: PackageSetting{8a31e38 com.davidsanchez.vivopromotor/10209} -> PackageSetting{545a245 com.google.android.configupdater/10128} BLOCKED
06-29 09:00:51.377   606  1575 I AppsFilter: interaction: PackageSetting{8a31e38 com.davidsanchez.vivopromotor/10209} -> PackageSetting{c754d9a com.android.internal.emulation.pixel_3a_xl/10016} BLOCKED
06-29 09:00:51.377   606  1575 I AppsFilter: interaction: PackageSetting{8a31e38 com.davidsanchez.vivopromotor/10209} -> PackageSetting{ab326cb com.android.internal.emulation.pixel_6_pro/10019} BLOCKED
06-29 09:00:51.377   606  1575 I AppsFilter: interaction: PackageSetting{8a31e38 com.davidsanchez.vivopromotor/10209} -> PackageSetting{1b8ea8 com.android.internal.emulation.pixel_7_pro/10022} BLOCKED
06-29 09:00:51.377   606  1575 I AppsFilter: interaction: PackageSetting{8a31e38 com.davidsanchez.vivopromotor/10209} -> PackageSetting{f231dc1 com.android.internal.emulation.pixel_8_pro/10027} BLOCKED
06-29 09:00:51.377   606  1575 I AppsFilter: interaction: PackageSetting{8a31e38 com.davidsanchez.vivopromotor/10209} -> PackageSetting{94aa966 com.android.internal.emulation.pixel_9_pro/10029} BLOCKED
06-29 09:00:51.377   606  1575 I AppsFilter: interaction: PackageSetting{8a31e38 com.davidsanchez.vivopromotor/10209} -> PackageSetting{f4b64a7 com.android.internal.emulation.pixel_3a/10012} BLOCKED
06-29 09:00:51.377   606  1575 I AppsFilter: interaction: PackageSetting{8a31e38 com.davidsanchez.vivopromotor/10209} -> PackageSetting{beeed54 com.android.internal.emulation.pixel_4a/10017} BLOCKED
06-29 09:00:51.377   606  1575 I AppsFilter: interaction: PackageSetting{8a31e38 com.davidsanchez.vivopromotor/10209} -> PackageSetting{402d4fd com.android.internal.emulation.pixel_6a/10025} BLOCKED
06-29 09:00:51.377   606  1575 I AppsFilter: interaction: PackageSetting{8a31e38 com.davidsanchez.vivopromotor/10209} -> PackageSetting{ac7f5f2 com.android.internal.emulation.pixel_7a/10028} BLOCKED
06-29 09:00:51.378   606  1575 I AppsFilter: interaction: PackageSetting{8a31e38 com.davidsanchez.vivopromotor/10209} -> PackageSetting{f3fa443 com.android.internal.emulation.pixel_8a/10032} BLOCKED
06-29 09:00:51.378   606  1575 I AppsFilter: interaction: PackageSetting{8a31e38 com.davidsanchez.vivopromotor/10209} -> PackageSetting{f78ac0 com.google.android.overlay.googlewebview/10037} BLOCKED
06-29 09:00:51.378   606  1575 I AppsFilter: interaction: PackageSetting{8a31e38 com.davidsanchez.vivopromotor/10209} -> PackageSetting{62cc3f9 com.google.android.apps.safetyhub/10139} BLOCKED
06-29 09:00:51.378   606  1575 I AppsFilter: interaction: PackageSetting{8a31e38 com.davidsanchez.vivopromotor/10209} -> PackageSetting{5b7f3e com.google.android.hotspot2.osulogin/10202} BLOCKED
06-29 09:00:51.378   606  1575 I AppsFilter: interaction: PackageSetting{8a31e38 com.davidsanchez.vivopromotor/10209} -> PackageSetting{fae419f com.android.simappdialog/10125} BLOCKED
06-29 09:00:51.378   606  1575 I AppsFilter: interaction: PackageSetting{8a31e38 com.davidsanchez.vivopromotor/10209} -> PackageSetting{52a92ec com.android.internal.display.cutout.emulation.hole/10008} BLOCKED
06-29 09:00:51.378   606  1575 I AppsFilter: interaction: PackageSetting{8a31e38 com.davidsanchez.vivopromotor/10209} -> PackageSetting{a6ca6b5 com.android.internal.display.cutout.emulation.tall/10011} BLOCKED
06-29 09:00:51.378   606  1575 I AppsFilter: interaction: PackageSetting{8a31e38 com.davidsanchez.vivopromotor/10209} -> PackageSetting{c514a com.android.internal.systemui.navbar.threebutton/10047} BLOCKED
06-29 09:00:51.378   606  1575 I AppsFilter: interaction: PackageSetting{8a31e38 com.davidsanchez.vivopromotor/10209} -> PackageSetting{f3f58bb com.android.camera2/10147} BLOCKED
06-29 09:00:51.379   606  1575 I AppsFilter: interaction: PackageSetting{8a31e38 com.davidsanchez.vivopromotor/10209} -> PackageSetting{6a3f1d8 com.android.internal.ranchu.commonoverlay/10049} BLOCKED
06-29 09:00:51.379   606  1575 I AppsFilter: interaction: PackageSetting{8a31e38 com.davidsanchez.vivopromotor/10209} -> PackageSetting{c8df931 com.android.systemui.auto_generated_rro_vendor__/10090} BLOCKED
06-29 09:00:51.379   606  1575 I AppsFilter: interaction: PackageSetting{8a31e38 com.davidsanchez.vivopromotor/10209} -> PackageSetting{18643b8 com.google.android.deskclock/10157} BLOCKED
06-29 09:00:51.379   606  1575 I AppsFilter: interaction: PackageSetting{8a31e38 com.davidsanchez.vivopromotor/10209} -> PackageSetting{500c597 com.android.internal.systemui.navbar.twobutton/10045} BLOCKED
06-29 09:00:51.379   606  1575 I AppsFilter: interaction: PackageSetting{8a31e38 com.davidsanchez.vivopromotor/10209} -> PackageSetting{7525384 com.google.android.as/10137} BLOCKED
06-29 09:00:51.379   606  1575 I AppsFilter: interaction: PackageSetting{8a31e38 com.davidsanchez.vivopromotor/10209} -> PackageSetting{f97f76d com.google.android.gm/10168} BLOCKED
06-29 09:00:51.379   606  1575 I AppsFilter: interaction: PackageSetting{8a31e38 com.davidsanchez.vivopromotor/10209} -> PackageSetting{c65bfa2 com.android.compos.payload/10192} BLOCKED
06-29 09:00:51.379   606  1575 I AppsFilter: interaction: PackageSetting{8a31e38 com.davidsanchez.vivopromotor/10209} -> PackageSetting{1022433 com.android.systemui.emulation.pixel_3/10053} BLOCKED
06-29 09:00:51.380   606  1575 I AppsFilter: interaction: PackageSetting{8a31e38 com.davidsanchez.vivopromotor/10209} -> PackageSetting{76323f0 com.android.systemui.emulation.pixel_4/10057} BLOCKED
06-29 09:00:51.380   606  1575 I AppsFilter: interaction: PackageSetting{8a31e38 com.davidsanchez.vivopromotor/10209} -> PackageSetting{5c99d69 com.android.systemui.emulation.pixel_5/10064} BLOCKED
06-29 09:00:51.380   606  1575 I AppsFilter: interaction: PackageSetting{8a31e38 com.davidsanchez.vivopromotor/10209} -> PackageSetting{d0433ee com.android.systemui.emulation.pixel_6/10060} BLOCKED
06-29 09:00:51.380   606  1575 I AppsFilter: interaction: PackageSetting{8a31e38 com.davidsanchez.vivopromotor/10209} -> PackageSetting{ab0d08f com.android.systemui.emulation.pixel_7/10061} BLOCKED
06-29 09:00:51.380   606  1575 I AppsFilter: interaction: PackageSetting{8a31e38 com.davidsanchez.vivopromotor/10209} -> PackageSetting{a6e8f1c com.android.systemui.emulation.pixel_8/10067} BLOCKED
06-29 09:00:51.380   606  1575 I AppsFilter: interaction: PackageSetting{8a31e38 com.davidsanchez.vivopromotor/10209} -> PackageSetting{c55a725 com.android.systemui.emulation.pixel_9/10070} BLOCKED
06-29 09:00:51.380   606  1575 I AppsFilter: interaction: PackageSetting{8a31e38 com.davidsanchez.vivopromotor/10209} -> PackageSetting{503a0fa com.android.printspooler/10124} BLOCKED
06-29 09:00:51.381   606  1575 I AppsFilter: interaction: PackageSetting{8a31e38 com.davidsanchez.vivopromotor/10209} -> PackageSetting{8f3e6ab com.google.android.connectivity.resources.goldfish.overlay/10088} BLOCKED
06-29 09:00:51.381   606  1575 I AppsFilter: interaction: PackageSetting{8a31e38 com.davidsanchez.vivopromotor/10209} -> PackageSetting{3638108 com.android.dreams.basic/10113} BLOCKED
06-29 09:00:51.381   606  1575 I AppsFilter: interaction: PackageSetting{8a31e38 com.davidsanchez.vivopromotor/10209} -> PackageSetting{6de90a1 com.google.android.networkstack.tethering.emulator/10038} BLOCKED
06-29 09:00:51.381   606  1575 I AppsFilter: interaction: PackageSetting{8a31e38 com.davidsanchez.vivopromotor/10209} -> PackageSetting{a5ad2c6 com.android.providers.settings.auto_generated_rro_product__/10050} BLOCKED
06-29 09:00:51.381   606  1575 I AppsFilter: interaction: PackageSetting{8a31e38 com.davidsanchez.vivopromotor/10209} -> PackageSetting{333a5b4 com.google.android.as.oss/10130} BLOCKED
06-29 09:00:51.381   606  1575 I AppsFilter: interaction: PackageSetting{8a31e38 com.davidsanchez.vivopromotor/10209} -> PackageSetting{6b295dd com.android.traceur.auto_generated_rro_product__/10081} BLOCKED
06-29 09:00:51.382   606  1575 I AppsFilter: interaction: PackageSetting{8a31e38 com.davidsanchez.vivopromotor/10209} -> PackageSetting{9a15552 com.android.internal.emulation.pixel_9_pro_fold/10035} BLOCKED
06-29 09:00:51.383   606  1575 I AppsFilter: interaction: PackageSetting{8a31e38 com.davidsanchez.vivopromotor/10209} -> PackageSetting{11c8023 com.google.android.devicelockcontroller/10207} BLOCKED
06-29 09:00:51.383   606  1575 I AppsFilter: interaction: PackageSetting{8a31e38 com.davidsanchez.vivopromotor/10209} -> PackageSetting{63f6920 com.google.android.dialer/10138} BLOCKED
06-29 09:00:51.383   606  1575 I AppsFilter: interaction: PackageSetting{8a31e38 com.davidsanchez.vivopromotor/10209} -> PackageSetting{9c7b2d9 com.android.internal.emulation.pixel_3/10014} BLOCKED
06-29 09:00:51.383   606  1575 I AppsFilter: interaction: PackageSetting{8a31e38 com.davidsanchez.vivopromotor/10209} -> PackageSetting{f5b749e com.android.internal.emulation.pixel_4/10018} BLOCKED
06-29 09:00:51.383   606  1575 I AppsFilter: interaction: PackageSetting{8a31e38 com.davidsanchez.vivopromotor/10209} -> PackageSetting{7acfb7f com.android.internal.emulation.pixel_5/10023} BLOCKED
06-29 09:00:51.383   606  1575 I AppsFilter: interaction: PackageSetting{8a31e38 com.davidsanchez.vivopromotor/10209} -> PackageSetting{c81f74c com.android.internal.emulation.pixel_6/10020} BLOCKED
06-29 09:00:51.383   606  1575 I AppsFilter: interaction: PackageSetting{8a31e38 com.davidsanchez.vivopromotor/10209} -> PackageSetting{d77a395 com.android.internal.emulation.pixel_7/10024} BLOCKED
06-29 09:00:51.383   606  1575 I AppsFilter: interaction: PackageSetting{8a31e38 com.davidsanchez.vivopromotor/10209} -> PackageSetting{a063caa com.android.internal.emulation.pixel_8/10026} BLOCKED
06-29 09:00:51.383   606  1575 I AppsFilter: interaction: PackageSetting{8a31e38 com.davidsanchez.vivopromotor/10209} -> PackageSetting{9fd09b com.android.internal.emulation.pixel_9/10030} BLOCKED
06-29 09:00:51.383   606  1575 I AppsFilter: interaction: PackageSetting{8a31e38 com.davidsanchez.vivopromotor/10209} -> PackageSetting{87d3c38 com.google.android.captiveportallogin/10115} BLOCKED
06-29 09:00:51.384   606  1575 I AppsFilter: interaction: PackageSetting{8a31e38 com.davidsanchez.vivopromotor/10209} -> PackageSetting{fbe411 android.auto_generated_characteristics_rro/10083} BLOCKED
06-29 09:00:51.384   606  1575 I AppsFilter: interaction: PackageSetting{8a31e38 com.davidsanchez.vivopromotor/10209} -> PackageSetting{e37976 com.google.android.appsearch.apk/10191} BLOCKED
06-29 09:00:51.384   606  1575 I AppsFilter: interaction: PackageSetting{8a31e38 com.davidsanchez.vivopromotor/10209} -> PackageSetting{720db77 com.android.musicfx/10105} BLOCKED
06-29 09:00:51.384   606  1575 I AppsFilter: interaction: PackageSetting{8a31e38 com.davidsanchez.vivopromotor/10209} -> PackageSetting{e5e3e4 com.google.android.apps.docs/10151} BLOCKED
06-29 09:00:51.384   606  1575 I AppsFilter: interaction: PackageSetting{8a31e38 com.davidsanchez.vivopromotor/10209} -> PackageSetting{7af9f43 com.google.android.apps.maps/10156} BLOCKED
06-29 09:00:51.384   606  1575 I AppsFilter: interaction: PackageSetting{8a31e38 com.davidsanchez.vivopromotor/10209} -> PackageSetting{3a9b04d com.google.android.markup/10154} BLOCKED
06-29 09:00:51.384   606  1575 I AppsFilter: interaction: PackageSetting{8a31e38 com.davidsanchez.vivopromotor/10209} -> PackageSetting{b85b702 com.google.android.rkpdapp/10200} BLOCKED
06-29 09:00:51.384   606  1575 I AppsFilter: interaction: PackageSetting{8a31e38 com.davidsanchez.vivopromotor/10209} -> PackageSetting{33db813 com.google.android.contacts/10149} BLOCKED
06-29 09:00:51.385   606  1575 I AppsFilter: interaction: PackageSetting{8a31e38 com.davidsanchez.vivopromotor/10209} -> PackageSetting{10f5a50 com.android.server.telecom.auto_generated_rro_product__/10078} BLOCKED
06-29 09:00:51.385   606  1575 I AppsFilter: interaction: PackageSetting{8a31e38 com.davidsanchez.vivopromotor/10209} -> PackageSetting{aee0449 com.android.phone.auto_generated_characteristics_rro/10076} BLOCKED
06-29 09:00:51.385   606  1575 I AppsFilter: interaction: PackageSetting{8a31e38 com.davidsanchez.vivopromotor/10209} -> PackageSetting{61c414e com.google.android.overlay.googleconfig/10034} BLOCKED
06-29 09:00:51.385   606  1575 I AppsFilter: interaction: PackageSetting{8a31e38 com.davidsanchez.vivopromotor/10209} -> PackageSetting{d0ef4d1 com.android.chrome/10146} BLOCKED
06-29 09:00:51.385   606  1575 I AppsFilter: interaction: PackageSetting{8a31e38 com.davidsanchez.vivopromotor/10209} -> PackageSetting{417cb7c com.android.bips.auto_generated_rro_product__/10003} BLOCKED
06-29 09:00:51.385   606  1575 I AppsFilter: interaction: PackageSetting{8a31e38 com.davidsanchez.vivopromotor/10209} -> PackageSetting{c099c05 com.google.android.apps.customization.pixel/10155} BLOCKED
06-29 09:00:51.385   606  1575 I AppsFilter: interaction: PackageSetting{8a31e38 com.davidsanchez.vivopromotor/10209} -> PackageSetting{e7f245a com.google.android.tag/10108} BLOCKED
06-29 09:00:51.385   606  1575 I AppsFilter: interaction: PackageSetting{8a31e38 com.davidsanchez.vivopromotor/10209} -> PackageSetting{d2168b com.google.android.overlay.permissioncontroller/10039} BLOCKED
06-29 09:00:51.385   606  1575 I AppsFilter: interaction: PackageSetting{8a31e38 com.davidsanchez.vivopromotor/10209} -> PackageSetting{2f5c5cc com.google.android.partnersetup/10135} BLOCKED
06-29 09:00:51.387   606  1575 I AppsFilter: interaction: PackageSetting{8a31e38 com.davidsanchez.vivopromotor/10209} -> PackageSetting{6d42368 com.google.android.apps.wallpaper.nexus/10153} BLOCKED
06-29 09:00:51.387   606  1575 I AppsFilter: interaction: PackageSetting{8a31e38 com.davidsanchez.vivopromotor/10209} -> PackageSetting{58cf381 com.google.android.apps.nexuslauncher/10176} BLOCKED
06-29 09:00:51.387   606  1575 I AppsFilter: interaction: PackageSetting{8a31e38 com.davidsanchez.vivopromotor/10209} -> PackageSetting{5fb2c26 com.android.theme.font.notoserifsource/10036} BLOCKED
06-29 09:00:51.387   606  1575 I AppsFilter: interaction: PackageSetting{8a31e38 com.davidsanchez.vivopromotor/10209} -> PackageSetting{ec99067 com.google.android.safetycenter.resources/10187} BLOCKED
06-29 09:00:51.387   606  1575 I AppsFilter: interaction: PackageSetting{8a31e38 com.davidsanchez.vivopromotor/10209} -> PackageSetting{c7c0e14 com.android.internal.display.cutout.emulation.waterfall/10010} BLOCKED
06-29 09:00:51.387   606  1575 I AppsFilter: interaction: PackageSetting{8a31e38 com.davidsanchez.vivopromotor/10209} -> PackageSetting{49446bd com.android.internal.systemui.navbar.transparent/10082} BLOCKED
06-29 09:00:51.387   606  1575 I AppsFilter: interaction: PackageSetting{8a31e38 com.davidsanchez.vivopromotor/10209} -> PackageSetting{3dde4b2 com.google.android.connectivity.resources/10196} BLOCKED
06-29 09:00:51.387   606  1575 I AppsFilter: interaction: PackageSetting{8a31e38 com.davidsanchez.vivopromotor/10209} -> PackageSetting{4d4cc03 com.android.providers.contacts.auto_generated_rro_product__/10005} BLOCKED
06-29 09:00:51.387   606  1575 I AppsFilter: interaction: PackageSetting{8a31e38 com.davidsanchez.vivopromotor/10209} -> PackageSetting{215f780 com.google.android.feedback/10172} BLOCKED
06-29 09:00:51.387   606  1575 I AppsFilter: interaction: PackageSetting{8a31e38 com.davidsanchez.vivopromotor/10209} -> PackageSetting{1c391b9 com.google.android.printservice.recommendation/10120} BLOCKED
06-29 09:00:51.387   606  1575 I AppsFilter: interaction: PackageSetting{8a31e38 com.davidsanchez.vivopromotor/10209} -> PackageSetting{4c199fe com.google.android.apps.photos/10164} BLOCKED
06-29 09:00:51.388   606  1575 I AppsFilter: interaction: PackageSetting{8a31e38 com.davidsanchez.vivopromotor/10209} -> PackageSetting{921afa7 com.google.android.calendar/10150} BLOCKED
06-29 09:00:51.388   606  1575 I AppsFilter: interaction: PackageSetting{8a31e38 com.davidsanchez.vivopromotor/10209} -> PackageSetting{bce255f com.google.android.documentsui/10100} BLOCKED
06-29 09:00:51.388   606  1575 I AppsFilter: interaction: PackageSetting{8a31e38 com.davidsanchez.vivopromotor/10209} -> PackageSetting{ca30bac com.android.systemui.emulation.pixel_3a_xl/10056} BLOCKED
06-29 09:00:51.388   606  1575 I AppsFilter: interaction: PackageSetting{8a31e38 com.davidsanchez.vivopromotor/10209} -> PackageSetting{2029075 com.android.systemui.emulation.pixel_6_pro/10062} BLOCKED
06-29 09:00:51.388   606  1575 I AppsFilter: interaction: PackageSetting{8a31e38 com.davidsanchez.vivopromotor/10209} -> PackageSetting{299580a com.android.systemui.emulation.pixel_7_pro/10065} BLOCKED
06-29 09:00:51.388   606  1575 I AppsFilter: interaction: PackageSetting{8a31e38 com.davidsanchez.vivopromotor/10209} -> PackageSetting{5d9b87b com.android.systemui.emulation.pixel_8_pro/10068} BLOCKED
06-29 09:00:51.388   606  1575 I AppsFilter: interaction: PackageSetting{8a31e38 com.davidsanchez.vivopromotor/10209} -> PackageSetting{e0b3698 com.android.systemui.emulation.pixel_9_pro/10073} BLOCKED
06-29 09:00:51.388   606  1575 I AppsFilter: interaction: PackageSetting{8a31e38 com.davidsanchez.vivopromotor/10209} -> PackageSetting{6f8bef1 com.android.carrierconfig.auto_generated_rro_product__/10002} BLOCKED
06-29 09:00:51.388   606  1575 I AppsFilter: interaction: PackageSetting{8a31e38 com.davidsanchez.vivopromotor/10209} -> PackageSetting{17cead6 com.android.devicediagnostics.auto_generated_rro_product__/10006} BLOCKED
06-29 09:00:51.388   606  1575 I AppsFilter: interaction: PackageSetting{8a31e38 com.davidsanchez.vivopromotor/10209} -> PackageSetting{9416157 com.android.providers.partnerbookmarks/10123} BLOCKED
06-29 09:00:51.388   606  1575 I AppsFilter: interaction: PackageSetting{8a31e38 com.davidsanchez.vivopromotor/10209} -> PackageSetting{cc92444 com.android.wallpaper.livepicker/10103} BLOCKED
06-29 09:00:51.388   606  1575 I AppsFilter: interaction: PackageSetting{8a31e38 com.davidsanchez.vivopromotor/10209} -> PackageSetting{b49592d com.android.providers.telephony.auto_generated_rro_product__/10080} BLOCKED
06-29 09:00:51.389   606  1575 I AppsFilter: interaction: PackageSetting{8a31e38 com.davidsanchez.vivopromotor/10209} -> PackageSetting{d34de62 com.android.phone.auto_generated_rro_vendor__/10089} BLOCKED
06-29 09:00:51.389   606  1575 I AppsFilter: interaction: PackageSetting{8a31e38 com.davidsanchez.vivopromotor/10209} -> PackageSetting{d10bbf3 com.android.imsserviceentitlement/10132} BLOCKED
06-29 09:00:51.389   606  1575 I AppsFilter: interaction: PackageSetting{8a31e38 com.davidsanchez.vivopromotor/10209} -> PackageSetting{a5640b0 com.android.internal.emulation.pixel_9_pro_xl/10033} BLOCKED
06-29 09:00:51.389   606  1575 I AppsFilter: interaction: PackageSetting{8a31e38 com.davidsanchez.vivopromotor/10209} -> PackageSetting{68f5b29 com.google.android.healthconnect.controller/10205} BLOCKED
06-29 09:00:51.389   606  1575 I AppsFilter: interaction: PackageSetting{8a31e38 com.davidsanchez.vivopromotor/10209} -> PackageSetting{3867eae com.android.internal.emulation.pixel_2_xl/10013} BLOCKED
06-29 09:00:51.389   606  1575 I AppsFilter: interaction: PackageSetting{8a31e38 com.davidsanchez.vivopromotor/10209} -> PackageSetting{371244f com.android.internal.emulation.pixel_3_xl/10015} BLOCKED
06-29 09:00:51.389   606  1575 I AppsFilter: interaction: PackageSetting{8a31e38 com.davidsanchez.vivopromotor/10209} -> PackageSetting{456b7dc com.android.internal.emulation.pixel_4_xl/10021} BLOCKED
06-29 09:00:51.389   606  1575 I AppsFilter: interaction: PackageSetting{8a31e38 com.davidsanchez.vivopromotor/10209} -> PackageSetting{51980e5 com.android.internal.emulation.pixel_fold/10031} BLOCKED
06-29 09:00:51.389   606  1575 I AppsFilter: interaction: PackageSetting{8a31e38 com.davidsanchez.vivopromotor/10209} -> PackageSetting{73fd7ba com.android.bookmarkprovider/10111} BLOCKED
06-29 09:00:51.389   606  1575 I AppsFilter: interaction: PackageSetting{8a31e38 com.davidsanchez.vivopromotor/10209} -> PackageSetting{dc5b66b com.google.android.overlay.pixelconfigcommon/10046} BLOCKED
06-29 09:00:51.389   606  1575 I AppsFilter: interaction: PackageSetting{8a31e38 com.davidsanchez.vivopromotor/10209} -> PackageSetting{c8575c8 com.android.systemui.accessibility.accessibilitymenu.auto_generated_rro_product__/10001} BLOCKED
06-29 09:00:51.389   606  1575 I AppsFilter: interaction: PackageSetting{8a31e38 com.davidsanchez.vivopromotor/10209} -> PackageSetting{f664661 com.android.systemui.emulation.pixel_3a/10055} BLOCKED
06-29 09:00:51.389   606  1575 I AppsFilter: interaction: PackageSetting{8a31e38 com.davidsanchez.vivopromotor/10209} -> PackageSetting{803b586 com.android.systemui.emulation.pixel_4a/10059} BLOCKED
06-29 09:00:51.389   606  1575 I AppsFilter: interaction: PackageSetting{8a31e38 com.davidsanchez.vivopromotor/10209} -> PackageSetting{6874e47 com.android.systemui.emulation.pixel_6a/10063} BLOCKED
06-29 09:00:51.389   606  1575 I AppsFilter: interaction: PackageSetting{8a31e38 com.davidsanchez.vivopromotor/10209} -> PackageSetting{3602674 com.android.systemui.emulation.pixel_7a/10066} BLOCKED
06-29 09:00:51.389   606  1575 I AppsFilter: interaction: PackageSetting{8a31e38 com.davidsanchez.vivopromotor/10209} -> PackageSetting{d5fe79d com.android.systemui.emulation.pixel_8a/10069} BLOCKED
06-29 09:00:51.389   606  1575 I AppsFilter: interaction: PackageSetting{8a31e38 com.davidsanchez.vivopromotor/10209} -> PackageSetting{ad5a412 com.google.android.settings.intelligence/10140} BLOCKED
06-29 09:00:51.389   606  1575 I AppsFilter: interaction: PackageSetting{8a31e38 com.davidsanchez.vivopromotor/10209} -> PackageSetting{ce00d87 com.google.android.projection.gearhead/10129} BLOCKED
06-29 09:00:51.389   606  1575 I AppsFilter: interaction: PackageSetting{8a31e38 com.davidsanchez.vivopromotor/10209} -> PackageSetting{ce087e3 com.google.android.uwb.resources/10199} BLOCKED
06-29 09:00:51.389   606  1575 I AppsFilter: interaction: PackageSetting{8a31e38 com.davidsanchez.vivopromotor/10209} -> PackageSetting{cef14b4 com.android.cts.ctsshim/10190} BLOCKED
06-29 09:00:51.389   606  1575 I AppsFilter: interaction: PackageSetting{8a31e38 com.davidsanchez.vivopromotor/10209} -> PackageSetting{19335e0 com.google.android.wifi.resources/10201} BLOCKED
06-29 09:00:51.389   606  1575 I AppsFilter: interaction: PackageSetting{8a31e38 com.davidsanchez.vivopromotor/10209} -> PackageSetting{1586099 com.google.android.wifi.dialog/10203} BLOCKED
06-29 09:00:51.389   606  1575 I AppsFilter: interaction: PackageSetting{8a31e38 com.davidsanchez.vivopromotor/10209} -> PackageSetting{f65ef5e com.android.wallpaper/10178} BLOCKED
06-29 09:00:51.389   606  1575 I AppsFilter: interaction: PackageSetting{8a31e38 com.davidsanchez.vivopromotor/10209} -> PackageSetting{7a58d76 com.android.microdroid.empty_payload/10198} BLOCKED
06-29 09:00:51.389   606  1575 I AppsFilter: interaction: PackageSetting{8a31e38 com.davidsanchez.vivopromotor/10209} -> PackageSetting{e09bf3f com.google.android.apps.wallpaper/10180} BLOCKED
06-29 09:00:51.389   606  1575 I AppsFilter: interaction: PackageSetting{8a31e38 com.davidsanchez.vivopromotor/10209} -> PackageSetting{c25d00c com.google.android.odad/10134} BLOCKED
06-29 09:00:51.389   606  1575 I AppsFilter: interaction: PackageSetting{8a31e38 com.davidsanchez.vivopromotor/10209} -> PackageSetting{6c56d55 com.android.settings.auto_generated_rro_product__/10048} BLOCKED
06-29 09:00:51.389   606  1575 I AppsFilter: interaction: PackageSetting{8a31e38 com.davidsanchez.vivopromotor/10209} -> PackageSetting{e1da36a com.android.systemui.emulation.pixel_9_pro_xl/10072} BLOCKED
06-29 09:00:51.389   606  1575 I AppsFilter: interaction: PackageSetting{8a31e38 com.davidsanchez.vivopromotor/10209} -> PackageSetting{865105b com.android.companiondevicemanager.auto_generated_characteristics_rro/10000} BLOCKED
06-29 09:00:51.389   606  1575 I AppsFilter: interaction: PackageSetting{8a31e38 com.davidsanchez.vivopromotor/10209} -> PackageSetting{f65e0f8 com.android.internal.systemui.navbar.gestural/10044} BLOCKED
06-29 09:00:51.389   606  1575 I AppsFilter: interaction: PackageSetting{8a31e38 com.davidsanchez.vivopromotor/10209} -> PackageSetting{bc89d1 com.google.android.apps.youtube.music/10165} BLOCKED
06-29 09:00:51.389   606  1575 I AppsFilter: interaction: PackageSetting{8a31e38 com.davidsanchez.vivopromotor/10209} -> PackageSetting{aea8c36 com.android.bluetoothmidiservice/10110} BLOCKED
06-29 09:00:51.389   606  1575 I AppsFilter: interaction: PackageSetting{8a31e38 com.davidsanchez.vivopromotor/10209} -> PackageSetting{45a5737 com.android.storagemanager.auto_generated_rro_product__/10052} BLOCKED
06-29 09:00:51.389   606  1575 I AppsFilter: interaction: PackageSetting{8a31e38 com.davidsanchez.vivopromotor/10209} -> PackageSetting{c9414a4 com.google.android.cellbroadcastreceiver/10184} BLOCKED
06-29 09:00:51.389   606  1575 I AppsFilter: interaction: PackageSetting{8a31e38 com.davidsanchez.vivopromotor/10209} -> PackageSetting{42ef20d com.android.phone.auto_generated_rro_product__/10077} BLOCKED
