06-29 09:00:51.389   606  1575 I AppsFilter: interaction: PackageSetting{8a31e38 com.davidsanchez.vivopromotor/10209} -> PackageSetting{8cb35c2 com.android.systemui.emulation.pixel_9_pro_fold/10071} BLOCKED
06-29 09:00:51.390   606  1575 I AppsFilter: interaction: PackageSetting{8a31e38 com.davidsanchez.vivopromotor/10209} -> PackageSetting{ef32fd3 android.auto_generated_rro_product__/10084} BLOCKED
06-29 09:00:51.390   606  1575 I AppsFilter: interaction: PackageSetting{8a31e38 com.davidsanchez.vivopromotor/10209} -> PackageSetting{64fd710 com.google.android.inputmethod.latin/10160} BLOCKED
06-29 09:00:51.390   606  1575 I AppsFilter: interaction: PackageSetting{8a31e38 com.davidsanchez.vivopromotor/10209} -> PackageSetting{9e5a209 android.auto_generated_rro_vendor__/10087} BLOCKED
06-29 09:00:51.390   606  1575 I AppsFilter: interaction: PackageSetting{8a31e38 com.davidsanchez.vivopromotor/10209} -> PackageSetting{a1aec0e com.google.android.apps.restore/10136} BLOCKED
06-29 09:00:51.797 14702 14702 I cr_WVCFactoryProvider: Loaded version=124.0.6367.219 minSdkVersion=29 isBundle=false multiprocess=true packageId=2
06-29 09:00:51.840 14702 14702 D nativeloader: Load /data/app/~~yClXnQa4hdVDkyJWRXFWBw==/com.google.android.trichromelibrary_636771938-_BJo-GHdYL90m5dt3tWK4A==/TrichromeLibrary.apk!/lib/x86_64/libmonochrome_64.so using ns clns-9 from class loader (caller=/data/app/~~EwdBiA3jMeMfa-v-YEDETw==/com.google.android.webview-oZUXtQCay5eo9LHmTzosTA==/WebViewGoogle.apk): ok
06-29 09:00:51.844 14702 14702 D nativeloader: Load /system/lib64/libwebviewchromium_plat_support.so using ns clns-9 from class loader (caller=/data/app/~~EwdBiA3jMeMfa-v-YEDETw==/com.google.android.webview-oZUXtQCay5eo9LHmTzosTA==/WebViewGoogle.apk): ok
06-29 09:00:51.868 14702 14724 E chromium: [0629/090051.867454:ERROR:variations_seed_loader.cc(37)] Seed missing signature.
06-29 09:00:51.871 14702 14724 I chromium: [0629/090051.870745:INFO:variations_seed_loader.cc(66)] Failed to open file for reading.: No such file or directory (2)
06-29 09:00:51.882   606  1612 V GrammaticalInflectionUtils: AttributionSource: android.content.AttributionSource@3bc3cd31 does not have READ_SYSTEM_GRAMMATICAL_GENDER permission.
06-29 09:00:51.883 14702 14702 I cr_LibraryLoader: Successfully loaded native library
06-29 09:00:51.884 14702 14702 I cr_CachingUmaRecorder: Flushed 6 samples from 6 histograms, 0 samples were dropped.
06-29 09:00:51.898 14702 14702 I cr_CombinedPProvider: #registerProvider() provider:WV.V7@3f35c68 isPolicyCacheEnabled:false policyProvidersSize:0
06-29 09:00:51.900 14702 14702 I cr_PolicyProvider: #setManagerAndSource() 0
06-29 09:00:51.904   391   391 D Zygote  : Forked child process 14727
06-29 09:00:51.905   606   644 I ActivityManager: Start proc 14727:com.google.android.webview:webview_service/u0a162 for service {com.google.android.webview/org.chromium.android_webview.services.VariationsSeedServer}
06-29 09:00:51.933   606  2101 V GrammaticalInflectionUtils: AttributionSource: android.content.AttributionSource@84a2c87a does not have READ_SYSTEM_GRAMMATICAL_GENDER permission.
06-29 09:00:51.949 14727 14727 I webview_service: Using CollectorTypeCMC GC.
06-29 09:00:51.953 14727 14727 W webview_service: Unexpected CPU variant for x86: x86_64.
06-29 09:00:51.953 14727 14727 W webview_service: Known variants: atom, sandybridge, silvermont, goldmont, goldmont-plus, goldmont-without-sha-xsaves, tremont, kabylake, default
06-29 09:00:51.955 14727 14727 E webview_service: Not starting debugger since process cannot load the jdwp agent.
06-29 09:00:51.959 14727 14727 D nativeloader: Load libframework-connectivity-tiramisu-jni.so using APEX ns com_android_tethering for caller /apex/com.android.tethering/javalib/framework-connectivity-t.jar: ok
06-29 09:00:51.973 14702 14702 I cr_CombinedPProvider: #linkNativeInternal() 1
06-29 09:00:51.978 14702 14702 I cr_AppResProvider: #getApplicationRestrictionsFromUserManager() Bundle[EMPTY_PARCEL]
06-29 09:00:51.978 14702 14702 I cr_PolicyProvider: #notifySettingsAvailable() 0
06-29 09:00:51.978 14702 14702 I cr_CombinedPProvider: #onSettingsAvailable() 0
06-29 09:00:51.978 14702 14702 I cr_CombinedPProvider: #flushPolicies()
06-29 09:00:51.982 14727 14727 D CompatChangeReporter: Compat change id reported: 242716250; UID 10162; state: ENABLED
06-29 09:00:52.000 14727 14727 W ziparchive: Unable to open '/data/app/~~yClXnQa4hdVDkyJWRXFWBw==/com.google.android.trichromelibrary_636771938-_BJo-GHdYL90m5dt3tWK4A==/TrichromeLibrary.dm': No such file or directory
06-29 09:00:52.002 14727 14727 W ziparchive: Unable to open '/data/app/~~yClXnQa4hdVDkyJWRXFWBw==/com.google.android.trichromelibrary_636771938-_BJo-GHdYL90m5dt3tWK4A==/TrichromeLibrary.dm': No such file or directory
06-29 09:00:52.002 14727 14727 W webview_service: Entry not found
06-29 09:00:52.003 14727 14727 D nativeloader: Configuring clns-7 for other apk /data/app/~~yClXnQa4hdVDkyJWRXFWBw==/com.google.android.trichromelibrary_636771938-_BJo-GHdYL90m5dt3tWK4A==/TrichromeLibrary.apk. target_sdk_version=34, uses_libraries=ALL, library_path=/data/app/~~EwdBiA3jMeMfa-v-YEDETw==/com.google.android.webview-oZUXtQCay5eo9LHmTzosTA==/lib/x86_64:/data/app/~~EwdBiA3jMeMfa-v-YEDETw==/com.google.android.webview-oZUXtQCay5eo9LHmTzosTA==/WebViewGoogle.apk!/lib/x86_64:/data/app/~~yClXnQa4hdVDkyJWRXFWBw==/com.google.android.trichromelibrary_636771938-_BJo-GHdYL90m5dt3tWK4A==/TrichromeLibrary.apk!/lib/x86_64, permitted_path=/data:/mnt/expand:/data/user/0/com.google.android.webview
06-29 09:00:52.004 14727 14727 D ApplicationLoaders: Returning zygote-cached class loader: /system_ext/framework/androidx.window.extensions.jar
06-29 09:00:52.020 14727 14727 D nativeloader: Configuring clns-8 for other apk /data/app/~~EwdBiA3jMeMfa-v-YEDETw==/com.google.android.webview-oZUXtQCay5eo9LHmTzosTA==/WebViewGoogle.apk. target_sdk_version=34, uses_libraries=, library_path=/data/app/~~EwdBiA3jMeMfa-v-YEDETw==/com.google.android.webview-oZUXtQCay5eo9LHmTzosTA==/lib/x86_64:/data/app/~~EwdBiA3jMeMfa-v-YEDETw==/com.google.android.webview-oZUXtQCay5eo9LHmTzosTA==/WebViewGoogle.apk!/lib/x86_64:/data/app/~~yClXnQa4hdVDkyJWRXFWBw==/com.google.android.trichromelibrary_636771938-_BJo-GHdYL90m5dt3tWK4A==/TrichromeLibrary.apk!/lib/x86_64, permitted_path=/data:/mnt/expand:/data/user/0/com.google.android.webview
06-29 09:00:52.027   885   885 D Zygote  : Forked child process 14743
06-29 09:00:52.041 14727 14727 V GraphicsEnvironment: Currently set values for:
06-29 09:00:52.041 14727 14727 V GraphicsEnvironment:   angle_gl_driver_selection_pkgs=[]
06-29 09:00:52.041 14727 14727 V GraphicsEnvironment:   angle_gl_driver_selection_values=[]
06-29 09:00:52.042 14727 14727 V GraphicsEnvironment: Global.Settings values are invalid: number of packages: 0, number of values: 0
06-29 09:00:52.042 14727 14727 V GraphicsEnvironment: Neither updatable production driver nor prerelease driver is supported.
06-29 09:00:52.047 14727 14727 I LoadedApk: No resource references to update in package com.google.android.trichromelibrary
06-29 09:00:52.049 14743 14743 I ocessService0:0: Using CollectorTypeCMC GC.
06-29 09:00:52.054   606   644 W ActivityManager: Slow operation: 120ms so far, now at startProcess: returned from zygote!
06-29 09:00:52.054 14727 14727 I cr_WebViewApkApp: Launched version=124.0.6367.219 minSdkVersion=29 isBundle=false processName=com.google.android.webview:webview_service
06-29 09:00:52.056 14743 14743 W ocessService0:0: Unexpected CPU variant for x86: x86_64.
06-29 09:00:52.056 14743 14743 W ocessService0:0: Known variants: atom, sandybridge, silvermont, goldmont, goldmont-plus, goldmont-without-sha-xsaves, tremont, kabylake, default
06-29 09:00:52.061   606   644 W ActivityManager: Slow operation: 127ms so far, now at startProcess: done updating battery stats
06-29 09:00:52.062   606   644 W ActivityManager: Slow operation: 128ms so far, now at startProcess: building log message
06-29 09:00:52.062   606   644 I ActivityManager: Start proc 14743:com.google.android.webview:sandboxed_process0:org.chromium.content.app.SandboxedProcessService0:0/u0i17 for  {com.davidsanchez.vivopromotor/org.chromium.content.app.SandboxedProcessService0:0}
06-29 09:00:52.062   606   644 W ActivityManager: Slow operation: 128ms so far, now at startProcess: starting to update pids map
06-29 09:00:52.062   606   644 W ActivityManager: Slow operation: 128ms so far, now at startProcess: done updating pids map
06-29 09:00:52.068 14743 14743 E ocessService0:0: Not starting debugger since process cannot load the jdwp agent.
06-29 09:00:52.069 14702 14745 W chromium: [WARNING:dns_config_service_android.cc(81)] Failed to read DnsConfig.
06-29 09:00:52.077 14743 14743 D nativeloader: Load libframework-connectivity-tiramisu-jni.so using APEX ns com_android_tethering for caller /apex/com.android.tethering/javalib/framework-connectivity-t.jar: ok
06-29 09:00:52.105 14702 14744 E chromium: [ERROR:simple_file_enumerator.cc(43)] readdir /data/user/0/com.davidsanchez.vivopromotor/cache/WebView/Default/HTTP Cache/Code Cache/wasm: No such file or directory (2)
06-29 09:00:52.106 14702 14744 E chromium: [ERROR:simple_index_file.cc(614)] Could not reconstruct index from disk
06-29 09:00:52.115 14743 14743 D CompatChangeReporter: Compat change id reported: 242716250; UID 99017; state: ENABLED
06-29 09:00:52.133 14743 14743 D ApplicationLoaders: Returning zygote-cached class loader: /system_ext/framework/androidx.window.extensions.jar
06-29 09:00:52.151   606  1612 D CompatChangeReporter: Compat change id reported: 261072174; UID 10162; state: ENABLED
06-29 09:00:52.151 14743 14743 I LoadedApk: No resource references to update in package com.google.android.trichromelibrary
06-29 09:00:52.159 14743 14743 I cr_WebViewApkApp: Launched version=124.0.6367.219 minSdkVersion=29 isBundle=false processName=com.google.android.webview:sandboxed_process0:org.chromium.content.app.SandboxedProcessService0:0
06-29 09:00:52.161 14727 14727 D CompatChangeReporter: Compat change id reported: 253665015; UID 10162; state: ENABLED
06-29 09:00:52.163   606  1575 D CompatChangeReporter: Compat change id reported: 271850009; UID 10162; state: ENABLED
06-29 09:00:52.163   606  1575 D CompatChangeReporter: Compat change id reported: 253665015; UID 10162; state: ENABLED
06-29 09:00:52.180   606  1575 V GrammaticalInflectionUtils: AttributionSource: android.content.AttributionSource@3bc3cd31 does not have READ_SYSTEM_GRAMMATICAL_GENDER permission.
06-29 09:00:52.184 14743 14743 I cr_ChildProcessService: Creating new ChildProcessService pid=14743
06-29 09:00:52.196   391   391 D Zygote  : Forked child process 14772
06-29 09:00:52.202   606   644 I ActivityManager: Start proc 14772:com.google.android.webview:webview_apk/u0a162 for service {com.google.android.webview/org.chromium.android_webview.nonembedded.AwComponentUpdateService}
06-29 09:00:52.232 14772 14772 I iew:webview_apk: Using CollectorTypeCMC GC.
06-29 09:00:52.233 14772 14772 W iew:webview_apk: Unexpected CPU variant for x86: x86_64.
06-29 09:00:52.233 14772 14772 W iew:webview_apk: Known variants: atom, sandybridge, silvermont, goldmont, goldmont-plus, goldmont-without-sha-xsaves, tremont, kabylake, default
06-29 09:00:52.236 14772 14772 E iew:webview_apk: Not starting debugger since process cannot load the jdwp agent.
06-29 09:00:52.240 14772 14772 D nativeloader: Load libframework-connectivity-tiramisu-jni.so using APEX ns com_android_tethering for caller /apex/com.android.tethering/javalib/framework-connectivity-t.jar: ok
06-29 09:00:52.258 14772 14772 D CompatChangeReporter: Compat change id reported: 242716250; UID 10162; state: ENABLED
06-29 09:00:52.271 14772 14772 W ziparchive: Unable to open '/data/app/~~yClXnQa4hdVDkyJWRXFWBw==/com.google.android.trichromelibrary_636771938-_BJo-GHdYL90m5dt3tWK4A==/TrichromeLibrary.dm': No such file or directory
06-29 09:00:52.271 14772 14772 W ziparchive: Unable to open '/data/app/~~yClXnQa4hdVDkyJWRXFWBw==/com.google.android.trichromelibrary_636771938-_BJo-GHdYL90m5dt3tWK4A==/TrichromeLibrary.dm': No such file or directory
06-29 09:00:52.271 14772 14772 W iew:webview_apk: Entry not found
06-29 09:00:52.272 14772 14772 D nativeloader: Configuring clns-7 for other apk /data/app/~~yClXnQa4hdVDkyJWRXFWBw==/com.google.android.trichromelibrary_636771938-_BJo-GHdYL90m5dt3tWK4A==/TrichromeLibrary.apk. target_sdk_version=34, uses_libraries=ALL, library_path=/data/app/~~EwdBiA3jMeMfa-v-YEDETw==/com.google.android.webview-oZUXtQCay5eo9LHmTzosTA==/lib/x86_64:/data/app/~~EwdBiA3jMeMfa-v-YEDETw==/com.google.android.webview-oZUXtQCay5eo9LHmTzosTA==/WebViewGoogle.apk!/lib/x86_64:/data/app/~~yClXnQa4hdVDkyJWRXFWBw==/com.google.android.trichromelibrary_636771938-_BJo-GHdYL90m5dt3tWK4A==/TrichromeLibrary.apk!/lib/x86_64, permitted_path=/data:/mnt/expand:/data/user/0/com.google.android.webview
06-29 09:00:52.272 14772 14772 D ApplicationLoaders: Returning zygote-cached class loader: /system_ext/framework/androidx.window.extensions.jar
06-29 09:00:52.274 14772 14772 D nativeloader: Configuring clns-8 for other apk /data/app/~~EwdBiA3jMeMfa-v-YEDETw==/com.google.android.webview-oZUXtQCay5eo9LHmTzosTA==/WebViewGoogle.apk. target_sdk_version=34, uses_libraries=, library_path=/data/app/~~EwdBiA3jMeMfa-v-YEDETw==/com.google.android.webview-oZUXtQCay5eo9LHmTzosTA==/lib/x86_64:/data/app/~~EwdBiA3jMeMfa-v-YEDETw==/com.google.android.webview-oZUXtQCay5eo9LHmTzosTA==/WebViewGoogle.apk!/lib/x86_64:/data/app/~~yClXnQa4hdVDkyJWRXFWBw==/com.google.android.trichromelibrary_636771938-_BJo-GHdYL90m5dt3tWK4A==/TrichromeLibrary.apk!/lib/x86_64, permitted_path=/data:/mnt/expand:/data/user/0/com.google.android.webview
06-29 09:00:52.279 14772 14772 V GraphicsEnvironment: Currently set values for:
06-29 09:00:52.279 14772 14772 V GraphicsEnvironment:   angle_gl_driver_selection_pkgs=[]
06-29 09:00:52.279 14772 14772 V GraphicsEnvironment:   angle_gl_driver_selection_values=[]
06-29 09:00:52.279 14772 14772 V GraphicsEnvironment: Global.Settings values are invalid: number of packages: 0, number of values: 0
06-29 09:00:52.279 14772 14772 V GraphicsEnvironment: Neither updatable production driver nor prerelease driver is supported.
06-29 09:00:52.280 14772 14772 I LoadedApk: No resource references to update in package com.google.android.trichromelibrary
06-29 09:00:52.281 14772 14772 I cr_WebViewApkApp: Launched version=124.0.6367.219 minSdkVersion=29 isBundle=false processName=com.google.android.webview:webview_apk
06-29 09:00:52.315 14772 14772 D nativeloader: Load /data/app/~~yClXnQa4hdVDkyJWRXFWBw==/com.google.android.trichromelibrary_636771938-_BJo-GHdYL90m5dt3tWK4A==/TrichromeLibrary.apk!/lib/x86_64/libmonochrome_64.so using ns clns-8 from class loader (caller=/data/app/~~EwdBiA3jMeMfa-v-YEDETw==/com.google.android.webview-oZUXtQCay5eo9LHmTzosTA==/WebViewGoogle.apk): ok
06-29 09:00:52.319 14772 14772 I cr_LibraryLoader: Successfully loaded native library
06-29 09:00:52.363 14702 14702 D Capacitor: Starting BridgeActivity
06-29 09:00:52.440 14702 14702 D Capacitor: Registering plugin instance: CapacitorCookies
06-29 09:00:52.460 14702 14702 D Capacitor: Registering plugin instance: WebView
06-29 09:00:52.462 14702 14702 D Capacitor: Registering plugin instance: CapacitorHttp
06-29 09:00:52.465 14702 14702 D Capacitor: Registering plugin instance: SystemBars
06-29 09:00:52.483 14772 14789 D TrafficStats: tagSocket(102) with statsTag=0xffffffff, statsUid=-1
06-29 09:00:52.499 14702 14702 W Capacitor: Unable to read file at path public/plugins
06-29 09:00:52.511 14702 14702 D Capacitor: Loading app at https://localhost
06-29 09:00:52.567 14702 14748 W cr_media: BLUETOOTH_CONNECT permission is missing.
06-29 09:00:52.574 14702 14748 W cr_media: registerBluetoothIntentsIfNeeded: Requires BLUETOOTH permission
06-29 09:00:52.585 14702 14800 I EGL_emulation: Opening libGLESv1_CM_emulation.so
06-29 09:00:52.589 14702 14800 I EGL_emulation: Opening libGLESv2_emulation.so
06-29 09:00:52.659 14743 14771 I cr_LibraryLoader: Successfully loaded native library
06-29 09:00:52.659 14743 14771 I cr_CachingUmaRecorder: Flushed 2 samples from 2 histograms, 0 samples were dropped.
06-29 09:00:52.678 14743 14771 W SystemServiceRegistry: No service published for: uimode
06-29 09:00:52.714 14743 14771 W chromium: [WARNING:runtime_features.cc(694)] SharedStorage for M118+ cannot be enabled in this configuration. Use --enable-features=SharedStorageAPI,SharedStorageAPIM118 in addition.
06-29 09:00:52.714 14743 14771 W chromium: [WARNING:runtime_features.cc(730)] AttributionReportingCrossAppWeb cannot be enabled in this configuration. Use --enable-features=ConversionMeasurement,AttributionReportingCrossAppWeb in addition.
06-29 09:00:52.775 14702 14702 D Capacitor: App started
06-29 09:00:52.787  4041  4057 I FontLog : (REDACTED) Received query %s, URI %s
06-29 09:00:52.787  4041  4057 I FontLog : (REDACTED) Query [%s] resolved to %s
06-29 09:00:52.787 14702 14702 D Capacitor: App resumed
06-29 09:00:52.789  4041  4057 I FontLog : (REDACTED) Font PFD returned from cache for %s
06-29 09:00:52.790  4041  4057 I FontLog : (REDACTED) Fetch %s end status %s
06-29 09:00:52.795  4041  4057 I FontLog : (REDACTED) Pulling font file for id = %d, cache size = %d
06-29 09:00:52.799  4041  4057 I FontLog : (REDACTED) Received query %s, URI %s
06-29 09:00:52.800  4041  4057 I FontLog : (REDACTED) Query [%s] resolved to %s
06-29 09:00:52.805  4041  4057 I FontLog : (REDACTED) Fetch %s end status %s
06-29 09:00:52.807 14702 14702 W HWUI    : Unknown dataspace 0
06-29 09:00:52.813  4041  4057 I FontLog : (REDACTED) Pulling font file for id = %d, cache size = %d
06-29 09:00:52.834  4041  4057 I FontLog : (REDACTED) Received query %s, URI %s
06-29 09:00:52.834  4041  4057 I FontLog : (REDACTED) Query [%s] resolved to %s
06-29 09:00:52.839  4041  4057 I FontLog : (REDACTED) Font PFD returned from cache for %s
06-29 09:00:52.839  4041  4057 I FontLog : (REDACTED) Fetch %s end status %s
06-29 09:00:52.841  4041  4877 I FontLog : (REDACTED) Pulling font file for id = %d, cache size = %d
06-29 09:00:52.852  4041  4877 I FontLog : (REDACTED) Received query %s, URI %s
06-29 09:00:52.852  4041  4877 I FontLog : (REDACTED) Query [%s] resolved to %s
06-29 09:00:52.855  4041  4877 I FontLog : (REDACTED) Font PFD returned from cache for %s
06-29 09:00:52.855  4041  4877 I FontLog : (REDACTED) Fetch %s end status %s
06-29 09:00:52.857  4041  4877 I FontLog : (REDACTED) Pulling font file for id = %d, cache size = %d
06-29 09:00:52.994 14702 14740 D Capacitor: Handling local request: https://localhost/
06-29 09:00:53.096 14702 14702 I Choreographer: Skipped 31 frames!  The application may be doing too much work on its main thread.
06-29 09:00:53.154 14702 14744 D Capacitor: Handling local request: https://localhost/assets/index-5C9eOEpu.js
06-29 09:00:53.159   606  2101 D CoreBackPreview: Window{83dccff u0 com.davidsanchez.vivopromotor/com.davidsanchez.vivopromotor.MainActivity}: Setting back callback OnBackInvokedCallbackInfo{mCallback=android.window.IOnBackInvokedCallback$Stub$Proxy@649defc, mPriority=0, mIsAnimationCallback=false}
06-29 09:00:53.162 14702 14741 D Capacitor: Handling local request: https://localhost/assets/index-Dz39QcP_.css
06-29 09:00:53.200 14702 14718 W HWUI    : Failed to choose config with EGL_SWAP_BEHAVIOR_PRESERVED, retrying without...
06-29 09:00:53.201 14702 14718 W HWUI    : Failed to initialize 101010-2 format, error = EGL_SUCCESS
06-29 09:00:53.323   174   174 I hwservicemanager: getTransport: Cannot find entry android.hardware.graphics.mapper@4.0::IMapper/default in either framework or device VINTF manifest.
06-29 09:00:53.324 14702 14718 I Gralloc4: mapper 4.x is not supported
06-29 09:00:53.488   606   632 W ziparchive: Unable to open '/data/app/~~zn7PRv9q01fURPCn2bsjWA==/com.davidsanchez.vivopromotor-qcd3Fnh89syw6sRRBrskQQ==/base.dm': No such file or directory
06-29 09:00:53.489 14702 14813 I HWUI    : Davey! duration=870ms; Flags=1, FrameTimelineVsyncId=10131016, IntendedVsync=48202856827296, Vsync=48203373493942, InputEventId=0, HandleInputStart=48203375860900, AnimationStart=48203375889000, PerformTraversalsStart=48203382495200, DrawStart=48203661713900, FrameDeadline=48202873493962, FrameInterval=48203375241300, FrameStartTime=16666666, SyncQueued=48203668142900, SyncStart=48203698959900, IssueDrawCommandsStart=48203701986100, SwapBuffers=48203743973100, FrameCompleted=48203758149300, DequeueBufferDuration=109000, QueueBufferDuration=539900, GpuCompleted=48203758149300, SwapBuffersCompleted=48203746712600, DisplayPresentTime=16960825855817, CommandSubmissionCompleted=48203743973100, 
06-29 09:00:53.491   606   632 I ActivityTaskManager: Displayed com.davidsanchez.vivopromotor/.MainActivity for user 0: +3s517ms
06-29 09:00:53.532   606  1640 E TaskPersister: File error accessing recents directory (directory doesn't exist?).
06-29 09:00:53.649   606   720 I ImeTracker: com.davidsanchez.vivopromotor:324c7669: onRequestHide at ORIGIN_SERVER reason HIDE_UNSPECIFIED_WINDOW fromUser false
06-29 09:00:53.649   606   720 I ImeTracker: com.davidsanchez.vivopromotor:324c7669: onCancelled at PHASE_SERVER_SHOULD_HIDE
06-29 09:00:53.649   468   473 I BpBinder: onLastStrongRef automatically unlinking death recipients: 
06-29 09:00:53.691  3036  3036 I GoogleInputMethodService: GoogleInputMethodService.onFinishInput():3157 
06-29 09:00:53.700  3036  3036 I GoogleInputMethodService: GoogleInputMethodService.updateDeviceLockedStatus():2248 repeatCheckTimes = 0, locked = false
06-29 09:00:53.700  3036  3036 I GoogleInputMethodService: GoogleInputMethodService.onStartInput():1986 onStartInput(EditorInfo{EditorInfo{packageName=com.davidsanchez.vivopromotor, inputType=0, inputTypeString=NULL, enableLearning=false, autoCorrection=false, autoComplete=false, imeOptions=12000000, privateImeOptions=null, actionName=UNSPECIFIED, actionLabel=null, initialSelStart=-1, initialSelEnd=-1, initialCapsMode=0, label=null, fieldId=0, fieldName=null, extras=null, hintText=null, hintLocales=[]}}, false)
06-29 09:00:53.700  3036  3036 I GoogleInputMethodService: GoogleInputMethodService.updateDeviceLockedStatus():2248 repeatCheckTimes = 1, locked = false
06-29 09:00:53.701  3036  3036 I AndroidIME: InputBundleManager.loadActiveInputBundleId():450 loadActiveInputBundleId: und-Latn-x-password, password
06-29 09:00:53.702   606   923 W PackageConfigPersister: App-specific configuration not found for packageName: com.davidsanchez.vivopromotor and userId: 0
06-29 09:00:53.728  4041  4877 I FontLog : (REDACTED) Received query %s, URI %s
06-29 09:00:53.728  4041  4877 I FontLog : (REDACTED) Query [%s] resolved to %s
06-29 09:00:53.732  4041  4877 I FontLog : (REDACTED) Fetch %s end status %s
06-29 09:00:53.742  4041  4877 I FontLog : (REDACTED) Pulling font file for id = %d, cache size = %d
06-29 09:00:53.774  4041  4877 I FontLog : (REDACTED) Pulling font file for id = %d, cache size = %d
06-29 09:00:53.785  1067  1067 D BaseDepthController: setSurface:
06-29 09:00:53.785  1067  1067 D BaseDepthController: 	mWaitingOnSurfaceValidity: false
06-29 09:00:53.785  1067  1067 D BaseDepthController: 	mSurface: null
06-29 09:00:53.785  1067  1067 D BaseDepthController: mSurface is null and mCurrentBlur is: 0
06-29 09:00:53.792  1067  1067 D StateManager: goToState - fromState: Normal, toState: Normal, partial trace:
06-29 09:00:53.792  1067  1067 D StateManager: 	at com.android.launcher3.statemanager.StateManager.moveToRestState(go/retraceme 2855a437b73635ce9cad76b9289087e631bbb67fc90008a0da13d343a00e5041:4)
06-29 09:00:53.792  1067  1067 D StateManager: 	at com.android.launcher3.statemanager.StateManager.moveToRestState(go/retraceme 2855a437b73635ce9cad76b9289087e631bbb67fc90008a0da13d343a00e5041:1)
06-29 09:00:53.792  1067  1067 D StateManager: 	at com.android.launcher3.statemanager.StatefulActivity.onStop(go/retraceme 2855a437b73635ce9cad76b9289087e631bbb67fc90008a0da13d343a00e5041:34)
06-29 09:00:53.796  1067  1067 D StatsLog: LAUNCHER_ONSTOP
06-29 09:00:53.798   606   635 I ActivityManager: Killing 14166:com.google.android.cellbroadcastreceiver/u0a184 (adj 985): empty #17
06-29 09:00:53.800   606   635 I ActivityManager: Killing 14093:com.google.android.tts/u0a148 (adj 985): empty #18
06-29 09:00:53.803  1067  1067 D StatsLog: LAUNCHER_GOOGLE_SEARCH_RESTORE_LIST_SIZE_AFTER_ACTIVITY_RESTART
06-29 09:00:53.807  1067  1783 D OneSearchSuggestProvider: Shut down the binder channel
06-29 09:00:53.811  1067  1947 I IPCThreadState: oneway function results for code 2 on binder at 0x7d8fd345a810 will be dropped but finished with status UNKNOWN_TRANSACTION
06-29 09:00:53.833   606  2101 I ActivityManager: Killing 14222:com.google.android.apps.wallpaper/u0a180 (adj 975): empty #17
06-29 09:00:53.920   391   391 I Zygote  : Process 14166 exited due to signal 9 (Killed)
06-29 09:00:53.921   606   645 I libprocessgroup: Removed cgroup /sys/fs/cgroup/uid_10184/pid_14166
06-29 09:00:53.927   606   633 D DisplayManagerService: Drop pending events for gone uid 10184
06-29 09:00:53.928   846   944 W WindowOnBackDispatcher: sendCancelIfRunning: isInProgress=false callback=android.view.ViewRootImpl$$ExternalSyntheticLambda11@bfbe5e3
06-29 09:00:53.932   606  2101 D CoreBackPreview: Window{9187e49 u0 Splash Screen com.davidsanchez.vivopromotor EXITING}: Setting back callback null
06-29 09:00:53.933   606   932 W InputManager-JNI: Input channel object '9187e49 Splash Screen com.davidsanchez.vivopromotor (client)' was disposed without first being removed with the input manager!
06-29 09:00:53.935   391   391 I Zygote  : Process 14222 exited due to signal 9 (Killed)
06-29 09:00:53.952   606   633 D DisplayManagerService: Drop pending events for gone uid 10180
06-29 09:00:53.987   606   645 I libprocessgroup: Removed cgroup /sys/fs/cgroup/uid_10148/pid_14093
06-29 09:00:53.989   606   645 I libprocessgroup: Removed cgroup /sys/fs/cgroup/uid_10180/pid_14222
06-29 09:00:53.991   391   391 I Zygote  : Process 14093 exited due to signal 9 (Killed)
06-29 09:00:53.992   606   633 D DisplayManagerService: Drop pending events for gone uid 10148
06-29 09:00:54.030 14702 14822 W InteractionJankMonitor: Initializing without READ_DEVICE_CONFIG permission. enabled=false, interval=1, missedFrameThreshold=3, frameTimeThreshold=64, package=com.davidsanchez.vivopromotor
06-29 09:00:54.086  1326  1334 W .apps.wellbeing: ApkAssets: Deleting an ApkAssets object '<empty> and /product/app/YouTube/YouTube.apk' with 1 weak references
06-29 09:00:54.087  1326  1334 W .apps.wellbeing: ApkAssets: Deleting an ApkAssets object '<empty> and /product/overlay/DisplayCutoutEmulationCorner/DisplayCutoutEmulationCornerOverlay.apk' with 1 weak references
06-29 09:00:54.087  1326  1334 W .apps.wellbeing: ApkAssets: Deleting an ApkAssets object '<empty> and /apex/com.android.extservices/priv-app/GoogleExtServices@350820300/GoogleExtServices.apk' with 1 weak references
06-29 09:00:54.087  1326  1334 W .apps.wellbeing: ApkAssets: Deleting an ApkAssets object '<empty> and /product/overlay/DisplayCutoutEmulationDouble/DisplayCutoutEmulationDoubleOverlay.apk' with 1 weak references
06-29 09:00:54.087  1326  1334 W .apps.wellbeing: ApkAssets: Deleting an ApkAssets object '<empty> and /system/priv-app/TelephonyProvider/TelephonyProvider.apk' with 1 weak references
06-29 09:00:54.087  1326  1334 W .apps.wellbeing: ApkAssets: Deleting an ApkAssets object '/product/overlay/TelephonyProvider__sdk_gphone64_x86_64__auto_generated_rro_product.apk' with 1 weak references
06-29 09:00:54.087  1326  1334 W .apps.wellbeing: ApkAssets: Deleting an ApkAssets object '<empty> and /system/priv-app/DynamicSystemInstallationService/DynamicSystemInstallationService.apk' with 1 weak references
06-29 09:00:54.087  1326  1334 W .apps.wellbeing: ApkAssets: Deleting an ApkAssets object '<empty> and /product/priv-app/Velvet/Velvet.apk' with 1 weak references
06-29 09:00:54.088  1326  1334 W .apps.wellbeing: ApkAssets: Deleting an ApkAssets object '<empty> and /system/priv-app/CalendarProvider/CalendarProvider.apk' with 1 weak references
06-29 09:00:54.088  1326  1334 W .apps.wellbeing: ApkAssets: Deleting an ApkAssets object '<empty> and /product/priv-app/GoogleOneTimeInitializer/GoogleOneTimeInitializer.apk' with 1 weak references
06-29 09:00:54.088  1326  1334 W .apps.wellbeing: ApkAssets: Deleting an ApkAssets object '<empty> and /system/app/GoogleExtShared/GoogleExtShared.apk' with 1 weak references
06-29 09:00:54.088  1326  1334 W .apps.wellbeing: ApkAssets: Deleting an ApkAssets object '<empty> and /system/priv-app/ExternalStorageProvider/ExternalStorageProvider.apk' with 1 weak references
06-29 09:00:54.088  1326  1334 W .apps.wellbeing: ApkAssets: Deleting an ApkAssets object '<empty> and /system/app/HTMLViewer/HTMLViewer.apk' with 1 weak references
06-29 09:00:54.089  1326  1334 W .apps.wellbeing: ApkAssets: Deleting an ApkAssets object '<empty> and /system/app/CompanionDeviceManager/CompanionDeviceManager.apk' with 1 weak references
06-29 09:00:54.089  1326  1334 W .apps.wellbeing: ApkAssets: Deleting an ApkAssets object '<empty> and /system/priv-app/DownloadProvider/DownloadProvider.apk' with 1 weak references
06-29 09:00:54.089  1326  1334 W .apps.wellbeing: ApkAssets: Deleting an ApkAssets object '<empty> and /product/priv-app/PrebuiltBugle/PrebuiltBugle.apk' with 1 weak references
06-29 09:00:54.089  1326  1334 W .apps.wellbeing: ApkAssets: Deleting an ApkAssets object '<empty> and /product/app/SoundPickerPrebuilt/SoundPickerPrebuilt.apk' with 1 weak references
06-29 09:00:54.089  1326  1334 W .apps.wellbeing: ApkAssets: Deleting an ApkAssets object '<empty> and /apex/com.android.mediaprovider/priv-app/MediaProviderGoogle@350820300/MediaProviderGoogle.apk' with 1 weak references
06-29 09:00:54.090  1326  1334 W .apps.wellbeing: ApkAssets: Deleting an ApkAssets object '<empty> and /product/priv-app/SafetyHubPrebuilt/SafetyHubPrebuilt.apk' with 1 weak references
06-29 09:00:54.090  1326  1334 W .apps.wellbeing: ApkAssets: Deleting an ApkAssets object '<empty> and /system/priv-app/DownloadProviderUi/DownloadProviderUi.apk' with 1 weak references
06-29 09:00:54.090  1326  1334 W .apps.wellbeing: ApkAssets: Deleting an ApkAssets object '<empty> and /apex/com.android.wifi/app/OsuLoginGoogle@350820300/OsuLoginGoogle.apk' with 1 weak references
06-29 09:00:54.090  1326  1334 W .apps.wellbeing: ApkAssets: Deleting an ApkAssets object '<empty> and /data/app/~~De-W5Kbx31YgqJTsBSn_GA==/com.android.vending-p3A9PI3BALclbWV3v3Cxlg==/base.apk' with 1 weak references
06-29 09:00:54.091  1326  1334 W .apps.wellbeing: ApkAssets: Deleting an ApkAssets object '<empty> and /data/app/~~De-W5Kbx31YgqJTsBSn_GA==/com.android.vending-p3A9PI3BALclbWV3v3Cxlg==/split_config.en.apk' with 1 weak references
06-29 09:00:54.091  1326  1334 W .apps.wellbeing: ApkAssets: Deleting an ApkAssets object '<empty> and /data/app/~~De-W5Kbx31YgqJTsBSn_GA==/com.android.vending-p3A9PI3BALclbWV3v3Cxlg==/split_config.x86_64.apk' with 1 weak references
06-29 09:00:54.091  1326  1334 W .apps.wellbeing: ApkAssets: Deleting an ApkAssets object '<empty> and /data/app/~~De-W5Kbx31YgqJTsBSn_GA==/com.android.vending-p3A9PI3BALclbWV3v3Cxlg==/split_phonesky_data_loader.apk' with 1 weak references
06-29 09:00:54.091  1326  1334 W .apps.wellbeing: ApkAssets: Deleting an ApkAssets object '<empty> and /data/app/~~De-W5Kbx31YgqJTsBSn_GA==/com.android.vending-p3A9PI3BALclbWV3v3Cxlg==/split_phonesky_data_loader.config.x86_64.apk' with 1 weak references
06-29 09:00:54.091  1326  1334 W .apps.wellbeing: ApkAssets: Deleting an ApkAssets object '<empty> and /data/app/~~De-W5Kbx31YgqJTsBSn_GA==/com.android.vending-p3A9PI3BALclbWV3v3Cxlg==/split_phonesky_webrtc_native_lib.apk' with 1 weak references
06-29 09:00:54.091  1326  1334 W .apps.wellbeing: ApkAssets: Deleting an ApkAssets object '<empty> and /data/app/~~De-W5Kbx31YgqJTsBSn_GA==/com.android.vending-p3A9PI3BALclbWV3v3Cxlg==/split_phonesky_webrtc_native_lib.config.x86_64.apk' with 1 weak references
06-29 09:00:54.091  1326  1334 W .apps.wellbeing: ApkAssets: Deleting an ApkAssets object '<empty> and /system/app/PacProcessor/PacProcessor.apk' with 1 weak references
06-29 09:00:54.091  1326  1334 W .apps.wellbeing: ApkAssets: Deleting an ApkAssets object '<empty> and /system/app/SimAppDialog/SimAppDialog.apk' with 1 weak references
06-29 09:00:54.091  1326  1334 W .apps.wellbeing: ApkAssets: Deleting an ApkAssets object '/product/overlay/SimAppDialog__sdk_gphone64_x86_64__auto_generated_rro_product.apk' with 1 weak references
06-29 09:00:54.091  1326  1334 W .apps.wellbeing: ApkAssets: Deleting an ApkAssets object '<empty> and /apex/com.android.adservices/priv-app/AdServicesApkGoogle@350820260/AdServicesApkGoogle.apk' with 1 weak references
06-29 09:00:54.092  1326  1334 W .apps.wellbeing: ApkAssets: Deleting an ApkAssets object '<empty> and /product/overlay/DisplayCutoutEmulationHole/DisplayCutoutEmulationHoleOverlay.apk' with 1 weak references
06-29 09:00:54.092  1326  1334 W .apps.wellbeing: ApkAssets: Deleting an ApkAssets object '<empty> and /product/overlay/DisplayCutoutEmulationTall/DisplayCutoutEmulationTallOverlay.apk' with 1 weak references
06-29 09:00:54.092  1326  1334 W .apps.wellbeing: ApkAssets: Deleting an ApkAssets object '<empty> and /system/app/CertInstaller/CertInstaller.apk' with 1 weak references
06-29 09:00:54.092  1326  1334 W .apps.wellbeing: ApkAssets: Deleting an ApkAssets object '<empty> and /product/app/talkback/talkback.apk' with 1 weak references
06-29 09:00:54.092  1326  1334 W .apps.wellbeing: ApkAssets: Deleting an ApkAssets object '/vendor/overlay/EmulatorTalkBackOverlay/EmulatorTalkBackOverlay.apk' with 1 weak references
06-29 09:00:54.093  1326  1334 W .apps.wellbeing: ApkAssets: Deleting an ApkAssets object '<empty> and /product/overlay/NavigationBarMode3Button/NavigationBarMode3ButtonOverlay.apk' with 1 weak references
06-29 09:00:54.093  1326  1334 W .apps.wellbeing: ApkAssets: Deleting an ApkAssets object '<empty> and /product/app/Camera2/Camera2.apk' with 1 weak references
06-29 09:00:54.093  1326  1334 W .apps.wellbeing: ApkAssets: Deleting an ApkAssets object '<empty> and /system/app/EasterEgg/EasterEgg.apk' with 1 weak references
06-29 09:00:54.093  1326  1334 W .apps.wellbeing: ApkAssets: Deleting an ApkAssets object '<empty> and /system/priv-app/MtpService/MtpService.apk' with 1 weak references
06-29 09:00:54.094  1326  1334 W .apps.wellbeing: ApkAssets: Deleting an ApkAssets object '<empty> and /apex/com.android.nfcservices/priv-app/NfcNciApexGoogle@AE3A.240806.036/NfcNciApexGoogle.apk' with 1 weak references
06-29 09:00:54.094  1326  1334 W .apps.wellbeing: ApkAssets: Deleting an ApkAssets object '<empty> and /system/app/Stk/Stk.apk' with 1 weak references
06-29 09:00:54.094  1326  1334 W .apps.wellbeing: ApkAssets: Deleting an ApkAssets object '<empty> and /product/app/PrebuiltDeskClockGoogle/PrebuiltDeskClockGoogle.apk' with 1 weak references
06-29 09:00:54.095  1326  1334 W .apps.wellbeing: ApkAssets: Deleting an ApkAssets object '<empty> and /product/overlay/NavigationBarMode2Button/NavigationBarMode2ButtonOverlay.apk' with 1 weak references
06-29 09:00:54.095  1326  1334 W .apps.wellbeing: ApkAssets: Deleting an ApkAssets object '<empty> and /product/priv-app/DevicePersonalizationPrebuiltPixel2021-aiai_20240329.00_RC16/DevicePersonalizationPrebuiltPixel2021-aiai_20240329.00_RC16.apk' with 1 weak references
06-29 09:00:54.104  1326  1334 W .apps.wellbeing: ApkAssets: Deleting an ApkAssets object '<empty> and /product/app/PrebuiltGmail/PrebuiltGmail.apk' with 1 weak references
06-29 09:00:54.105  1326  1334 W .apps.wellbeing: ApkAssets: Deleting an ApkAssets object '<empty> and /apex/com.android.permission/priv-app/GooglePermissionController@350820360/GooglePermissionController.apk' with 1 weak references
06-29 09:00:54.105  1326  1334 W .apps.wellbeing: ApkAssets: Deleting an ApkAssets object '/product/overlay/GooglePermissionControllerOverlay.apk' with 1 weak references
06-29 09:00:54.105  1326  1334 W .apps.wellbeing: ApkAssets: Deleting an ApkAssets object '<empty> and /apex/com.android.btservices/app/BluetoothGoogle@342010060/BluetoothGoogle.apk' with 1 weak references
06-29 09:00:54.106  1326  1334 W .apps.wellbeing: ApkAssets: Deleting an ApkAssets object '<empty> and /system/priv-app/SettingsProvider/SettingsProvider.apk' with 1 weak references
06-29 09:00:54.106  1326  1334 W .apps.wellbeing: ApkAssets: Deleting an ApkAssets object '/product/overlay/LargeScreenSettingsProviderOverlay.apk' with 1 weak references
06-29 09:00:54.106  1326  1334 W .apps.wellbeing: ApkAssets: Deleting an ApkAssets object '/product/overlay/SettingsProvider__sdk_gphone64_x86_64__auto_generated_rro_product.apk' with 1 weak references
06-29 09:00:54.106  1326  1334 W .apps.wellbeing: ApkAssets: Deleting an ApkAssets object '<empty> and /system/app/PrintSpooler/PrintSpooler.apk' with 1 weak references
06-29 09:00:54.108  1326  1334 W .apps.wellbeing: ApkAssets: Deleting an ApkAssets object '<empty> and /system/app/BasicDreams/BasicDreams.apk' with 1 weak references
06-29 09:00:54.108  1326  1334 W .apps.wellbeing: ApkAssets: Deleting an ApkAssets object '<empty> and /product/priv-app/DeviceIntelligenceNetworkPrebuilt-astrea_20240329.00_RC02/DeviceIntelligenceNetworkPrebuilt-astrea_20240329.00_RC02.apk' with 1 weak references
06-29 09:00:54.108  1326  1334 W .apps.wellbeing: ApkAssets: Deleting an ApkAssets object '<empty> and /system/priv-app/InputDevices/InputDevices.apk' with 1 weak references
06-29 09:00:54.108  1326  1334 W .apps.wellbeing: ApkAssets: Deleting an ApkAssets object '<empty> and /apex/com.android.devicelock/priv-app/DeviceLockControllerGoogle@AE3A.240806.036/DeviceLockControllerGoogle.apk' with 1 weak references
06-29 09:00:54.109  1326  1334 W .apps.wellbeing: ApkAssets: Deleting an ApkAssets object '<empty> and /product/priv-app/GoogleDialer/GoogleDialer.apk' with 1 weak references
06-29 09:00:54.110  1326  1334 W .apps.wellbeing: ApkAssets: Deleting an ApkAssets object '<empty> and /system/priv-app/BuiltInPrintService/BuiltInPrintService.apk' with 1 weak references
06-29 09:00:54.110  1326  1334 W .apps.wellbeing: ApkAssets: Deleting an ApkAssets object '/product/overlay/BuiltInPrintService__sdk_gphone64_x86_64__auto_generated_rro_product.apk' with 1 weak references
06-29 09:00:54.110  1326  1334 W .apps.wellbeing: ApkAssets: Deleting an ApkAssets object '<empty> and /system/app/CaptivePortalLoginGoogle/CaptivePortalLoginGoogle.apk' with 1 weak references
06-29 09:00:54.110  1326  1334 W .apps.wellbeing: ApkAssets: Deleting an ApkAssets object '<empty> and /system/priv-app/MusicFX/MusicFX.apk' with 1 weak references
06-29 09:00:54.110  1326  1334 W .apps.wellbeing: ApkAssets: Deleting an ApkAssets object '<empty> and /product/app/Drive/Drive.apk' with 1 weak references
06-29 09:00:54.111  1326  1334 W .apps.wellbeing: ApkAssets: Deleting an ApkAssets object '<empty> and /product/app/Maps/Maps.apk' with 1 weak references
06-29 09:00:54.111  1326  1334 W .apps.wellbeing: ApkAssets: Deleting an ApkAssets object '<empty> and /product/app/ModuleMetadataGoogle/ModuleMetadataGoogle.apk' with 1 weak references
06-29 09:00:54.111  1326  1334 W .apps.wellbeing: ApkAssets: Deleting an ApkAssets object '<empty> and /product/overlay/DisplayCutoutEmulationEmu01/DisplayCutoutEmulationEmu01Overlay.apk' with 1 weak references
06-29 09:00:54.111  1326  1334 W .apps.wellbeing: ApkAssets: Deleting an ApkAssets object '<empty> and /system_ext/priv-app/AvatarPickerGoogle/AvatarPickerGoogle.apk' with 1 weak references
06-29 09:00:54.111  1326  1334 W .apps.wellbeing: ApkAssets: Deleting an ApkAssets object '<empty> and /product/app/MarkupGoogle_v2/MarkupGoogle_v2.apk' with 1 weak references
06-29 09:00:54.111  1326  1334 W .apps.wellbeing: ApkAssets: Deleting an ApkAssets object '<empty> and /system/priv-app/NetworkStackGoogle/NetworkStackGoogle.apk' with 1 weak references
06-29 09:00:54.111  1326  1334 W .apps.wellbeing: ApkAssets: Deleting an ApkAssets object '<empty> and /apex/com.android.rkpd/priv-app/rkpdapp.google@350820300/rkpdapp.google.apk' with 1 weak references
06-29 09:00:54.112  1326  1334 W .apps.wellbeing: ApkAssets: Deleting an ApkAssets object '<empty> and /product/app/GoogleContacts/GoogleContacts.apk' with 1 weak references
06-29 09:00:54.112  1326  1334 W .apps.wellbeing: ApkAssets: Deleting an ApkAssets object '<empty> and /data/app/~~zn7PRv9q01fURPCn2bsjWA==/com.davidsanchez.vivopromotor-qcd3Fnh89syw6sRRBrskQQ==/base.apk' with 1 weak references
06-29 09:00:54.112  1326  1334 W .apps.wellbeing: ApkAssets: Deleting an ApkAssets object '<empty> and /system/priv-app/Telecom/Telecom.apk' with 1 weak references
06-29 09:00:54.112  1326  1334 W .apps.wellbeing: ApkAssets: Deleting an ApkAssets object '/product/overlay/Telecom__sdk_gphone64_x86_64__auto_generated_rro_product.apk' with 1 weak references
06-29 09:00:54.112  1326  1334 W .apps.wellbeing: ApkAssets: Deleting an ApkAssets object '<empty> and /system/app/KeyChain/KeyChain.apk' with 1 weak references
06-29 09:00:54.112  1326  1334 W .apps.wellbeing: ApkAssets: Deleting an ApkAssets object '<empty> and /data/app/~~ng84-uIO5_aYODFKI4ormw==/com.android.chrome-PvzltFrinvWFIoXCNYrmDQ==/Chrome.apk' with 1 weak references
06-29 09:00:54.118  1326  1334 W .apps.wellbeing: ApkAssets: Deleting an ApkAssets object '<empty> and /data/app/~~yClXnQa4hdVDkyJWRXFWBw==/com.google.android.trichromelibrary_636771938-_BJo-GHdYL90m5dt3tWK4A==/TrichromeLibrary.apk' with 1 weak references
06-29 09:00:54.118  1326  1334 W .apps.wellbeing: ApkAssets: Deleting an ApkAssets object '<empty> and /system/priv-app/GooglePackageInstaller/GooglePackageInstaller.apk' with 1 weak references
06-29 09:00:54.118  1326  1334 W .apps.wellbeing: ApkAssets: Deleting an ApkAssets object '<empty> and /product/app/PixelThemesStub/PixelThemesStub.apk' with 1 weak references
06-29 09:00:54.118  1326  1334 W .apps.wellbeing: ApkAssets: Deleting an ApkAssets object '<empty> and /data/app/~~IEeLTzfN7wf1rc3vlUkN9w==/com.google.android.gms-VOXGXrDWP2C8N3Qp6ezBGA==/base.apk' with 1 weak references
06-29 09:00:54.118  1326  1334 W .apps.wellbeing: ApkAssets: Deleting an ApkAssets object '<empty> and /data/app/~~IEeLTzfN7wf1rc3vlUkN9w==/com.google.android.gms-VOXGXrDWP2C8N3Qp6ezBGA==/split_AdsDynamite_installtime.apk' with 1 weak references
06-29 09:00:54.118  1326  1334 W .apps.wellbeing: ApkAssets: Deleting an ApkAssets object '<empty> and /data/app/~~IEeLTzfN7wf1rc3vlUkN9w==/com.google.android.gms-VOXGXrDWP2C8N3Qp6ezBGA==/split_CronetDynamite_installtime.apk' with 1 weak references
06-29 09:00:54.118  1326  1334 W .apps.wellbeing: ApkAssets: Deleting an ApkAssets object '<empty> and /data/app/~~IEeLTzfN7wf1rc3vlUkN9w==/com.google.android.gms-VOXGXrDWP2C8N3Qp6ezBGA==/split_DynamiteLoader_installtime.apk' with 1 weak references
06-29 09:00:54.118  1326  1334 W .apps.wellbeing: ApkAssets: Deleting an ApkAssets object '<empty> and /data/app/~~IEeLTzfN7wf1rc3vlUkN9w==/com.google.android.gms-VOXGXrDWP2C8N3Qp6ezBGA==/split_DynamiteModulesA_installtime.apk' with 1 weak references
06-29 09:00:54.118  1326  1334 W .apps.wellbeing: ApkAssets: Deleting an ApkAssets object '<empty> and /data/app/~~IEeLTzfN7wf1rc3vlUkN9w==/com.google.android.gms-VOXGXrDWP2C8N3Qp6ezBGA==/split_DynamiteModulesC_installtime.apk' with 1 weak references
06-29 09:00:54.118  1326  1334 W .apps.wellbeing: ApkAssets: Deleting an ApkAssets object '<empty> and /data/app/~~IEeLTzfN7wf1rc3vlUkN9w==/com.google.android.gms-VOXGXrDWP2C8N3Qp6ezBGA==/split_GoogleCertificates_installtime.apk' with 1 weak references
06-29 09:00:54.119  1326  1334 W .apps.wellbeing: ApkAssets: Deleting an ApkAssets object '<empty> and /data/app/~~IEeLTzfN7wf1rc3vlUkN9w==/com.google.android.gms-VOXGXrDWP2C8N3Qp6ezBGA==/split_MapsDynamite_installtime.apk' with 1 weak references
06-29 09:00:54.119  1326  1334 W .apps.wellbeing: ApkAssets: Deleting an ApkAssets object '<empty> and /data/app/~~IEeLTzfN7wf1rc3vlUkN9w==/com.google.android.gms-VOXGXrDWP2C8N3Qp6ezBGA==/split_MeasurementDynamite_installtime.apk' with 1 weak references
06-29 09:00:54.119  1326  1334 W .apps.wellbeing: ApkAssets: Deleting an ApkAssets object '<empty> and /data/app/~~IEeLTzfN7wf1rc3vlUkN9w==/com.google.android.gms-VOXGXrDWP2C8N3Qp6ezBGA==/split_all_locale_splits.apk' with 1 weak references
06-29 09:00:54.119  1326  1334 W .apps.wellbeing: ApkAssets: Deleting an ApkAssets object '<empty> and /data/app/~~IEeLTzfN7wf1rc3vlUkN9w==/com.google.android.gms-VOXGXrDWP2C8N3Qp6ezBGA==/split_config.en.apk' with 1 weak references
06-29 09:00:54.119  1326  1334 W .apps.wellbeing: ApkAssets: Deleting an ApkAssets object '<empty> and /data/app/~~IEeLTzfN7wf1rc3vlUkN9w==/com.google.android.gms-VOXGXrDWP2C8N3Qp6ezBGA==/split_config.xxhdpi.apk' with 1 weak references
06-29 09:00:54.119  1326  1334 W .apps.wellbeing: ApkAssets: Deleting an ApkAssets object '<empty> and /data/app/~~IEeLTzfN7wf1rc3vlUkN9w==/com.google.android.gms-VOXGXrDWP2C8N3Qp6ezBGA==/split_maps_core_dynamite_ondemand.apk' with 1 weak references
06-29 09:00:54.119  1326  1334 W .apps.wellbeing: ApkAssets: Deleting an ApkAssets object '<empty> and /system_ext/priv-app/GoogleServicesFramework/GoogleServicesFramework.apk' with 1 weak references
06-29 09:00:54.119  1326  1334 W .apps.wellbeing: ApkAssets: Deleting an ApkAssets object '<empty> and /system/priv-app/TagGoogle/TagGoogle.apk' with 1 weak references
06-29 09:00:54.119  1326  1334 W .apps.wellbeing: ApkAssets: Deleting an ApkAssets object '<empty> and /product/app/GoogleTTS/GoogleTTS.apk' with 1 weak references
06-29 09:00:54.119  1326  1334 W .apps.wellbeing: ApkAssets: Deleting an ApkAssets object '<empty> and /system/priv-app/CallLogBackup/CallLogBackup.apk' with 1 weak references
06-29 09:00:54.120  1326  1334 W .apps.wellbeing: ApkAssets: Deleting an ApkAssets object '<empty> and /product/priv-app/PartnerSetupPrebuilt/PartnerSetupPrebuilt.apk' with 1 weak references
06-29 09:00:54.120  1326  1334 W .apps.wellbeing: ApkAssets: Deleting an ApkAssets object '<empty> and /system/app/CameraExtensionsProxy/CameraExtensionsProxy.apk' with 1 weak references
06-29 09:00:54.120  1326  1334 W .apps.wellbeing: ApkAssets: Deleting an ApkAssets object '<empty> and /product/app/NexusWallpapersStubPrebuilt2018/NexusWallpapersStubPrebuilt2018.apk' with 1 weak references
06-29 09:00:54.120  1326  1334 W .apps.wellbeing: ApkAssets: Deleting an ApkAssets object '<empty> and /system_ext/priv-app/NexusLauncherRelease/NexusLauncherRelease.apk' with 1 weak references
06-29 09:00:54.120  1326  1334 W .apps.wellbeing: ApkAssets: Deleting an ApkAssets object '<empty> and /system/app/CarrierDefaultApp/CarrierDefaultApp.apk' with 1 weak references
06-29 09:00:54.120  1326  1334 W .apps.wellbeing: ApkAssets: Deleting an ApkAssets object '<empty> and /system/priv-app/CredentialManager/CredentialManager.apk' with 1 weak references
06-29 09:00:54.120  1326  1334 W .apps.wellbeing: ApkAssets: Deleting an ApkAssets object '<empty> and /product/overlay/FontNotoSerifSource/FontNotoSerifSourceOverlay.apk' with 1 weak references
06-29 09:00:54.120  1326  1334 W .apps.wellbeing: ApkAssets: Deleting an ApkAssets object '<empty> and /system/priv-app/DeviceAsWebcam/DeviceAsWebcam.apk' with 1 weak references
06-29 09:00:54.120  1326  1334 W .apps.wellbeing: ApkAssets: Deleting an ApkAssets object '<empty> and /system/priv-app/ProxyHandler/ProxyHandler.apk' with 1 weak references
06-29 09:00:54.120  1326  1334 W .apps.wellbeing: ApkAssets: Deleting an ApkAssets object '<empty> and /apex/com.android.permission/priv-app/GoogleSafetyCenterResources@350820360/GoogleSafetyCenterResources.apk' with 1 weak references
06-29 09:00:54.120  1326  1334 W .apps.wellbeing: ApkAssets: Deleting an ApkAssets object '<empty> and /product/overlay/DisplayCutoutEmulationWaterfall/DisplayCutoutEmulationWaterfallOverlay.apk' with 1 weak references
06-29 09:00:54.120  1326  1334 W .apps.wellbeing: ApkAssets: Deleting an ApkAssets object '<empty> and /system/priv-app/IntentResolver/IntentResolver.apk' with 1 weak references
06-29 09:00:54.121  1326  1334 W .apps.wellbeing: ApkAssets: Deleting an ApkAssets object '<empty> and /product/overlay/TransparentNavigationBar/TransparentNavigationBarOverlay.apk' with 1 weak references
06-29 09:00:54.121  1326  1334 W .apps.wellbeing: ApkAssets: Deleting an ApkAssets object '<empty> and /system/priv-app/E2eeContactKeysProvider/E2eeContactKeysProvider.apk' with 1 weak references
06-29 09:00:54.121  1326  1334 W .apps.wellbeing: ApkAssets: Deleting an ApkAssets object '<empty> and /apex/com.android.tethering/priv-app/ServiceConnectivityResourcesGoogle@350820300/ServiceConnectivityResourcesGoogle.apk' with 1 weak references
06-29 09:00:54.121  1326  1334 W .apps.wellbeing: ApkAssets: Deleting an ApkAssets object '/vendor/overlay/goldfish_overlay_connectivity_google.apk' with 1 weak references
06-29 09:00:54.121  1326  1334 W .apps.wellbeing: ApkAssets: Deleting an ApkAssets object '<empty> and /system_ext/priv-app/GoogleFeedback/GoogleFeedback.apk' with 1 weak references
06-29 09:00:54.121  1326  1334 W .apps.wellbeing: ApkAssets: Deleting an ApkAssets object '<empty> and /system/app/GooglePrintRecommendationService/GooglePrintRecommendationService.apk' with 1 weak references
06-29 09:00:54.121  1326  1334 W .apps.wellbeing: ApkAssets: Deleting an ApkAssets object '<empty> and /product/app/Photos/Photos.apk' with 1 weak references
06-29 09:00:54.121  1326  1334 W .apps.wellbeing: ApkAssets: Deleting an ApkAssets object '<empty> and /product/app/CalendarGooglePrebuilt/CalendarGooglePrebuilt.apk' with 1 weak references
06-29 09:00:54.122  1326  1334 W .apps.wellbeing: ApkAssets: Deleting an ApkAssets object '<empty> and /system/priv-app/ManagedProvisioning/ManagedProvisioning.apk' with 1 weak references
